Archive member included because of file (symbol)

contiki-sky.a(rimeaddr.o)     obj_sky/contiki-sky-main.o (rimeaddr_copy)
contiki-sky.a(rime.o)         obj_sky/contiki-sky-main.o (rime_driver)
contiki-sky.a(rimestats.o)    contiki-sky.a(rime.o) (rimestats)
contiki-sky.a(announcement.o)
                              contiki-sky.a(rime.o) (announcement_init)
contiki-sky.a(broadcast-annou)
                              contiki-sky.a(rime.o) (broadcast_announcement_init)
contiki-sky.a(broadcast.o)    contiki-sky.a(broadcast-annou) (broadcast_send)
contiki-sky.a(abc.o)          contiki-sky.a(rime.o) (abc_input)
contiki-sky.a(chameleon.o)    contiki-sky.a(rime.o) (chameleon_parse)
contiki-sky.a(channel.o)      contiki-sky.a(abc.o) (channel_close)
contiki-sky.a(chameleon-bitop)
                              contiki-sky.a(chameleon.o) (chameleon_bitopt)
contiki-sky.a(csma.o)         obj_sky/contiki-sky-main.o (csma_driver)
contiki-sky.a(contikimac.o)   obj_sky/contiki-sky-main.o (contikimac_driver)
contiki-sky.a(phase.o)        contiki-sky.a(contikimac.o) (phase_init)
contiki-sky.a(process.o)      obj_sky/contiki-sky-main.o (process_init)
contiki-sky.a(autostart.o)    obj_sky/contiki-sky-main.o (autostart_start)
contiki-sky.a(compower.o)     contiki-sky.a(contikimac.o) (compower_idle_activity)
contiki-sky.a(serial-line.o)  obj_sky/contiki-sky-main.o (serial_line_init)
contiki-sky.a(memb.o)         contiki-sky.a(csma.o) (memb_alloc)
contiki-sky.a(timer.o)        obj_sky/contiki-sky-main.o (timer_reset)
contiki-sky.a(list.o)         contiki-sky.a(announcement.o) (list_init)
contiki-sky.a(etimer.o)       obj_sky/contiki-sky-main.o (etimer_process)
contiki-sky.a(ctimer.o)       contiki-sky.a(csma.o) (ctimer_expired)
contiki-sky.a(energest.o)     obj_sky/contiki-sky-main.o (energest_init)
contiki-sky.a(rtimer.o)       contiki-sky.a(contikimac.o) (rtimer_set)
contiki-sky.a(random.o)       contiki-sky.a(broadcast-annou) (random_rand)
contiki-sky.a(ringbuf.o)      contiki-sky.a(serial-line.o) (ringbuf_init)
contiki-sky.a(packetbuf.o)    contiki-sky.a(chameleon-bitop) (packetbuf_hdralloc)
contiki-sky.a(queuebuf.o)     contiki-sky.a(csma.o) (queuebuf_to_packetbuf)
contiki-sky.a(contiki-sky-pla)
                              obj_sky/contiki-sky-main.o (init_platform)
contiki-sky.a(button-sensor.o)
                              contiki-sky.a(contiki-sky-pla) (button_sensor)
contiki-sky.a(ds2411.o)       obj_sky/contiki-sky-main.o (ds2411_init)
contiki-sky.a(xmem.o)         obj_sky/contiki-sky-main.o (xmem_init)
contiki-sky.a(node-id.o)      obj_sky/contiki-sky-main.o (node_id_restore)
contiki-sky.a(sensors.o)      contiki-sky.a(button-sensor.o) (sensors_changed)
contiki-sky.a(cc2420.o)       obj_sky/contiki-sky-main.o (cc2420_set_pan_addr)
contiki-sky.a(cc2420-arch.o)  contiki-sky.a(cc2420.o) (cc2420_arch_init)
contiki-sky.a(uart1.o)        obj_sky/contiki-sky-main.o (uart1_active)
contiki-sky.a(uart1-putchar.o)
                              obj_sky/contiki-sky-main.o (putchar)
contiki-sky.a(msp430.o)       contiki-sky.a(broadcast-annou) (w_memcpy)
contiki-sky.a(clock.o)        contiki-sky.a(timer.o) (clock_time)
contiki-sky.a(leds.o)         obj_sky/contiki-sky-main.o (leds_off)
contiki-sky.a(leds-arch.o)    contiki-sky.a(leds.o) (leds_arch_init)
contiki-sky.a(watchdog.o)     contiki-sky.a(msp430.o) (watchdog_init)
contiki-sky.a(rtimer-arch.o)  contiki-sky.a(rtimer.o) (rtimer_arch_init)
contiki-sky.a(mac.o)          contiki-sky.a(csma.o) (mac_call_sent_callback)
contiki-sky.a(framer-802154.o)
                              contiki-sky.a(contikimac.o) (framer_802154)
contiki-sky.a(spi.o)          contiki-sky.a(xmem.o) (spi_init)
contiki-sky.a(frame802154.o)  contiki-sky.a(framer-802154.o) (frame802154_parse)
/opt/msp430-gcc-4.4.5/lib/gcc/msp430/4.4.5/msp2/libgcc.a(_mulsi3hw.o)
                              contiki-sky.a(csma.o) (__umulsi3hw)
/opt/msp430-gcc-4.4.5/lib/gcc/msp430/4.4.5/msp2/libgcc.a(_udivmodsi4.o)
                              obj_sky/contiki-sky-main.o (__udivmodsi4)
/opt/msp430-gcc-4.4.5/lib/gcc/msp430/4.4.5/msp2/libgcc.a(_reset_vector__.o)
                              /opt/msp430-gcc-4.4.5/lib/gcc/msp430/4.4.5/../../../../msp430/lib/crt430x1611.o (_reset_vector__)
/opt/msp430-gcc-4.4.5/lib/gcc/msp430/4.4.5/msp2/libgcc.a(__init_stack.o)
                              /opt/msp430-gcc-4.4.5/lib/gcc/msp430/4.4.5/msp2/libgcc.a(_reset_vector__.o) (__init_stack)
/opt/msp430-gcc-4.4.5/lib/gcc/msp430/4.4.5/msp2/libgcc.a(_copy_data.o)
                              /opt/msp430-gcc-4.4.5/lib/gcc/msp430/4.4.5/msp2/libgcc.a(_reset_vector__.o) (__do_copy_data)
/opt/msp430-gcc-4.4.5/lib/gcc/msp430/4.4.5/msp2/libgcc.a(_clear_bss.o)
                              /opt/msp430-gcc-4.4.5/lib/gcc/msp430/4.4.5/msp2/libgcc.a(_reset_vector__.o) (__do_clear_bss)
/opt/msp430-gcc-4.4.5/lib/gcc/msp430/4.4.5/msp2/libgcc.a(__jump_to_main.o)
                              /opt/msp430-gcc-4.4.5/lib/gcc/msp430/4.4.5/msp2/libgcc.a(_reset_vector__.o) (__jump_to_main)
/opt/msp430-gcc-4.4.5/lib/gcc/msp430/4.4.5/../../../../msp430/lib/msp2/libc.a(strncmp.o)
                              contiki-sky.a(sensors.o) (strncmp)
/opt/msp430-gcc-4.4.5/lib/gcc/msp430/4.4.5/../../../../msp430/lib/msp2/libc.a(printf.o)
                              obj_sky/contiki-sky-main.o (printf)
/opt/msp430-gcc-4.4.5/lib/gcc/msp430/4.4.5/../../../../msp430/lib/msp2/libc.a(vuprintf.o)
                              /opt/msp430-gcc-4.4.5/lib/gcc/msp430/4.4.5/../../../../msp430/lib/msp2/libc.a(printf.o) (vuprintf)
/opt/msp430-gcc-4.4.5/lib/gcc/msp430/4.4.5/../../../../msp430/lib/msp2/libc.a(puts.o)
                              hello-world.co (puts)
/opt/msp430-gcc-4.4.5/lib/gcc/msp430/4.4.5/../../../../msp430/lib/msp2/libc.a(rand.o)
                              contiki-sky.a(random.o) (rand)
/opt/msp430-gcc-4.4.5/lib/gcc/msp430/4.4.5/../../../../msp430/lib/msp2/libc.a(_unexpected_.o)
                              /opt/msp430-gcc-4.4.5/lib/gcc/msp430/4.4.5/../../../../msp430/lib/crt430x1611.o (_unexpected_)
/opt/msp430-gcc-4.4.5/lib/gcc/msp430/4.4.5/../../../../msp430/lib/msp2/libc.a(memchr.o)
                              /opt/msp430-gcc-4.4.5/lib/gcc/msp430/4.4.5/../../../../msp430/lib/msp2/libc.a(vuprintf.o) (memchr)
/opt/msp430-gcc-4.4.5/lib/gcc/msp430/4.4.5/../../../../msp430/lib/msp2/libc.a(strlen.o)
                              /opt/msp430-gcc-4.4.5/lib/gcc/msp430/4.4.5/../../../../msp430/lib/msp2/libc.a(vuprintf.o) (strlen)

Allocating common symbols
Common symbol       size              file

compower_idle_activity
                    0x8               contiki-sky.a(compower.o)
energest_total_time
                    0x30              contiki-sky.a(energest.o)
cc2420_last_rssi    0x1               contiki-sky.a(cc2420.o)
cc2420_packets_read
                    0x2               contiki-sky.a(cc2420.o)
cc2420_packets_seen
                    0x2               contiki-sky.a(cc2420.o)
energest_total_count
                    0x2               contiki-sky.a(energest.o)
cc2420_sfd_start_time
                    0x2               contiki-sky.a(cc2420.o)
cc2420_time_of_departure
                    0x2               contiki-sky.a(cc2420.o)
cc2420_time_of_arrival
                    0x2               contiki-sky.a(cc2420.o)
rimestats           0x48              contiki-sky.a(rimestats.o)
energest_current_mode
                    0xc               contiki-sky.a(energest.o)
packetbuf_addrs     0x8               contiki-sky.a(packetbuf.o)
rimeaddr_node_addr  0x2               contiki-sky.a(rimeaddr.o)
process_maxevents   0x1               contiki-sky.a(process.o)
cc2420_last_correlation
                    0x1               contiki-sky.a(cc2420.o)
cc2420_authority_level_of_sender
                    0x2               contiki-sky.a(cc2420.o)
packetbuf_attrs     0x30              contiki-sky.a(packetbuf.o)
msp430_dco_required
                    0x2               contiki-sky.a(msp430.o)
cc2420_sfd_counter  0x1               contiki-sky.a(cc2420.o)
rime_mac            0x2               contiki-sky.a(rime.o)
energest_current_time
                    0x18              contiki-sky.a(energest.o)
sensors_flags       0x2               contiki-sky.a(contiki-sky-pla)
serial_line_event_message
                    0x1               contiki-sky.a(serial-line.o)
cc2420_sfd_end_time
                    0x2               contiki-sky.a(cc2420.o)
sensors_event       0x1               contiki-sky.a(sensors.o)
ds2411_id           0x8               contiki-sky.a(ds2411.o)

Memory Configuration

Name             Origin             Length             Attributes
text             0x00004000         0x0000bfe0         xr
data             0x00001100         0x00002800         xrw
vectors          0x0000ffe0         0x00000020         rw
bootloader       0x00000c00         0x00000400         xr
infomem          0x00001000         0x00000100         xr
infomemnobits    0x00001000         0x00000100         xr
*default*        0x00000000         0xffffffff

Linker script and memory map

LOAD /opt/msp430-gcc-4.4.5/lib/gcc/msp430/4.4.5/../../../../msp430/lib/crt430x1611.o
LOAD hello-world.co
LOAD obj_sky/contiki-sky-main.o
LOAD contiki-sky.a
LOAD /opt/msp430-gcc-4.4.5/lib/gcc/msp430/4.4.5/msp2/libgcc.a
LOAD /opt/msp430-gcc-4.4.5/lib/gcc/msp430/4.4.5/../../../../msp430/lib/msp2/libc.a
LOAD /opt/msp430-gcc-4.4.5/lib/gcc/msp430/4.4.5/msp2/libgcc.a

.hash
 *(.hash)

.dynsym
 *(.dynsym)

.dynstr
 *(.dynstr)

.gnu.version
 *(.gnu.version)

.gnu.version_d
 *(.gnu.version_d)

.gnu.version_r
 *(.gnu.version_r)

.rel.init
 *(.rel.init)

.rela.init
 *(.rela.init)

.rel.text
 *(.rel.text)
 *(.rel.text.*)
 *(.rel.gnu.linkonce.t*)

.rela.text
 *(.rela.text)
 *(.rela.text.*)
 *(.rela.gnu.linkonce.t*)

.rel.fini
 *(.rel.fini)

.rela.fini
 *(.rela.fini)

.rel.rodata
 *(.rel.rodata)
 *(.rel.rodata.*)
 *(.rel.gnu.linkonce.r*)

.rela.rodata
 *(.rela.rodata)
 *(.rela.rodata.*)
 *(.rela.gnu.linkonce.r*)

.rel.data
 *(.rel.data)
 *(.rel.data.*)
 *(.rel.gnu.linkonce.d*)

.rela.data
 *(.rela.data)
 *(.rela.data.*)
 *(.rela.gnu.linkonce.d*)

.rel.ctors
 *(.rel.ctors)

.rela.ctors
 *(.rela.ctors)

.rel.dtors
 *(.rel.dtors)

.rela.dtors
 *(.rela.dtors)

.rel.got
 *(.rel.got)

.rela.got
 *(.rela.got)

.rel.bss
 *(.rel.bss)

.rela.bss
 *(.rela.bss)

.rel.plt
 *(.rel.plt)

.rela.plt
 *(.rela.plt)

.text           0x00004000     0x5852
                0x00004000                . = ALIGN (0x2)
 *(.init)
 *(.init)
 *(.init0)
 .init0         0x00004000        0x0 /opt/msp430-gcc-4.4.5/lib/gcc/msp430/4.4.5/msp2/libgcc.a(_reset_vector__.o)
                0x00004000                _reset_vector__
 *(.init0)
 *(.init1)
 *(.init1)
 *(.init2)
 .init2         0x00004000        0x4 /opt/msp430-gcc-4.4.5/lib/gcc/msp430/4.4.5/msp2/libgcc.a(__init_stack.o)
                0x00004000                __init_stack
 *(.init2)
 *(.init3)
 .init3         0x00004004        0x6 /opt/msp430-gcc-4.4.5/lib/gcc/msp430/4.4.5/../../../../msp430/lib/crt430x1611.o
                0x00004004                __low_level_init
 *(.init3)
 *(.init4)
 .init4         0x0000400a       0x12 /opt/msp430-gcc-4.4.5/lib/gcc/msp430/4.4.5/msp2/libgcc.a(_copy_data.o)
                0x0000400a                __do_copy_data
 .init4         0x0000401c       0x10 /opt/msp430-gcc-4.4.5/lib/gcc/msp430/4.4.5/msp2/libgcc.a(_clear_bss.o)
                0x0000401c                __do_clear_bss
 *(.init4)
 *(.init5)
 *(.init5)
 *(.init6)
 *(.init6)
 *(.init7)
 *(.init7)
 *(.init8)
 *(.init8)
 *(.init9)
 .init9         0x0000402c        0x4 /opt/msp430-gcc-4.4.5/lib/gcc/msp430/4.4.5/msp2/libgcc.a(__jump_to_main.o)
                0x0000402c                __jump_to_main
 *(.init9)
                0x00004030                __ctors_start = .
 *(.ctors)
 *(.ctors)
                0x00004030                __ctors_end = .
                0x00004030                __dtors_start = .
 *(.dtors)
 *(.dtors)
                0x00004030                __dtors_end = .
                0x00004030                . = ALIGN (0x2)
 *(.text)
 .text          0x00004030        0x4 /opt/msp430-gcc-4.4.5/lib/gcc/msp430/4.4.5/../../../../msp430/lib/crt430x1611.o
                0x00004030                vector_ffe0
                0x00004030                vector_fff0
                0x00004030                vector_fffc
                0x00004030                vector_ffe4
                0x00004030                vector_fffa
                0x00004030                vector_ffee
                0x00004030                vector_fff8
                0x00004030                vector_fff2
                0x00004030                vector_fff6
 .text          0x00004034       0x44 hello-world.co
                0x00004074                autostart_processes
 .text          0x00004078      0x3f4 obj_sky/contiki-sky-main.o
                0x0000415a                main
                0x00004466                uip_log
 .text          0x0000446c       0x38 contiki-sky.a(rimeaddr.o)
                0x0000446c                rimeaddr_copy
                0x00004478                rimeaddr_cmp
                0x00004492                rimeaddr_set_node_addr
                0x000044a2                rimeaddr_null
 .text          0x000044a4      0x106 contiki-sky.a(rime.o)
                0x0000451a                rime_output
                0x00004586                rime_sniffer_remove
                0x00004592                rime_sniffer_add
                0x000045a4                rime_driver
 .text          0x000045aa        0x0 contiki-sky.a(rimestats.o)
 .text          0x000045aa      0x124 contiki-sky.a(announcement.o)
                0x000045aa                announcement_remove_value
                0x000045cc                announcement_set_value
                0x000045f4                announcement_bump
                0x00004616                announcement_listen
                0x00004622                announcement_register_listen_callback
                0x00004628                announcement_register_observer_callback
                0x0000462e                announcement_list
                0x00004638                announcement_heard
                0x0000467a                announcement_remove
                0x00004686                announcement_register
                0x000046c4                announcement_init
 .text          0x000046ce      0x232 contiki-sky.a(broadcast-annou)
                0x000046d0                broadcast_announcement_beacon_interval
                0x000046da                broadcast_announcement_stop
                0x000046fc                broadcast_announcement_init
 .text          0x00004900       0x82 contiki-sky.a(broadcast.o)
                0x00004910                broadcast_send
                0x0000494a                broadcast_close
                0x00004950                broadcast_open
 .text          0x00004982       0x4c contiki-sky.a(abc.o)
                0x00004982                abc_input
                0x0000498a                abc_sent
                0x0000499a                abc_send
                0x000049a0                abc_close
                0x000049a6                abc_open
 .text          0x000049ce       0x34 contiki-sky.a(chameleon.o)
                0x000049ce                chameleon_parse
                0x000049de                chameleon_create
                0x000049f6                chameleon_hdrsize
                0x000049fc                chameleon_init
 .text          0x00004a02       0x6a contiki-sky.a(channel.o)
                0x00004a02                channel_lookup
                0x00004a22                channel_close
                0x00004a2e                channel_open
                0x00004a3e                channel_set_attributes
                0x00004a62                channel_init
 .text          0x00004a6c      0x3da contiki-sky.a(chameleon-bitop)
                0x00004a6c                get_bits_in_byte
                0x00004a9c                get_bits
                0x00004b8e                set_bits_in_byte
                0x00004bb4                set_bits
                0x00004e36                chameleon_bitopt
 .text          0x00004e46      0x29e contiki-sky.a(csma.o)
                0x000050d6                csma_driver
 .text          0x000050e4      0x734 contiki-sky.a(contikimac.o)
                0x00005128                contikimac_debug_print
                0x0000580a                contikimac_driver
 .text          0x00005818      0x24e contiki-sky.a(phase.o)
                0x00005818                phase_init
                0x00005866                find_neighbor
                0x00005898                phase_wait
                0x00005984                phase_update
                0x00005a3c                phase_remove
 .text          0x00005a66      0x2d0 contiki-sky.a(process.o)
                0x00005a66                process_alloc_event
                0x00005b54                process_exit
                0x00005b5e                process_init
                0x00005b7a                process_run
                0x00005c6a                process_nevents
                0x00005c78                process_post
                0x00005cce                process_post_synch
                0x00005ce0                process_start
                0x00005d0e                process_poll
                0x00005d28                process_is_running
 .text          0x00005d36       0x2a contiki-sky.a(autostart.o)
                0x00005d36                autostart_exit
                0x00005d4a                autostart_start
 .text          0x00005d60       0xc6 contiki-sky.a(compower.o)
                0x00005d60                compower_init
                0x00005d72                compower_clear
                0x00005d84                compower_attrconv
                0x00005d94                compower_accumulate_attrs
                0x00005db4                compower_accumulate
 .text          0x00005e26      0x11a contiki-sky.a(serial-line.o)
                0x00005ed0                serial_line_init
                0x00005eec                serial_line_input_byte
 .text          0x00005f40       0xde contiki-sky.a(memb.o)
                0x00005f40                memb_alloc
                0x00005f7e                memb_free
                0x00005fb8                memb_inmemb
                0x00005fe8                memb_init
 .text          0x0000601e       0x96 contiki-sky.a(timer.o)
                0x0000601e                timer_reset
                0x0000602c                timer_remaining
                0x00006052                timer_expired
                0x00006084                timer_restart
                0x00006098                timer_set
 .text          0x000060b4      0x16c contiki-sky.a(list.o)
                0x000060b4                list_init
                0x000060ba                list_head
                0x000060be                list_copy
                0x000060c4                list_tail
                0x000060da                list_add
                0x00006130                list_push
                0x00006166                list_chop
                0x0000618c                list_pop
                0x0000619a                list_remove
                0x000061c8                list_length
                0x000061d8                list_insert
                0x00006218                list_item_next
 .text          0x00006220      0x26c contiki-sky.a(etimer.o)
                0x00006220                etimer_expired
                0x0000622e                etimer_expiration_time
                0x00006240                etimer_start_time
                0x00006246                etimer_pending
                0x00006252                etimer_next_expiration_time
                0x000062e6                etimer_stop
                0x00006322                etimer_adjust
                0x0000633a                etimer_request_poll
                0x0000644a                etimer_restart
                0x0000645c                etimer_reset
                0x0000646e                etimer_set
 .text          0x0000648c      0x1ec contiki-sky.a(ctimer.o)
                0x00006530                ctimer_expired
                0x00006562                ctimer_stop
                0x0000658a                ctimer_restart
                0x000065c4                ctimer_set
                0x00006616                ctimer_reset
                0x00006650                ctimer_init
 .text          0x00006678       0xc6 contiki-sky.a(energest.o)
                0x00006678                energest_init
                0x000066a2                energest_leveldevice_leveltime
                0x000066a8                energest_type_set
                0x000066b6                energest_flush
                0x000066fa                energest_type_time
 .text          0x0000673e       0x50 contiki-sky.a(rtimer.o)
                0x0000673e                rtimer_run_next
                0x00006764                rtimer_set
                0x00006788                rtimer_init
 .text          0x0000678e        0xc contiki-sky.a(random.o)
                0x0000678e                random_rand
                0x00006794                random_init
 .text          0x0000679a       0x9c contiki-sky.a(ringbuf.o)
                0x0000679a                ringbuf_init
                0x000067ae                ringbuf_put
                0x000067ea                ringbuf_get
                0x0000681c                ringbuf_size
                0x00006824                ringbuf_elements
 .text          0x00006836      0x26c contiki-sky.a(packetbuf.o)
                0x00006836                packetbuf_clear_hdr
                0x0000683e                packetbuf_hdralloc
                0x0000686a                packetbuf_hdr_remove
                0x00006870                packetbuf_hdrreduce
                0x0000688a                packetbuf_set_datalen
                0x00006890                packetbuf_dataptr
                0x0000689e                packetbuf_hdrptr
                0x000068a8                packetbuf_is_reference
                0x000068bc                packetbuf_reference_ptr
                0x000068c2                packetbuf_datalen
                0x000068c8                packetbuf_hdrlen
                0x000068d2                packetbuf_totlen
                0x000068e2                packetbuf_attr_copyfrom
                0x00006904                packetbuf_attr_copyto
                0x00006924                packetbuf_copyto
                0x00006980                packetbuf_copyto_hdr
                0x000069a2                packetbuf_compact
                0x000069f6                packetbuf_attr_clear
                0x00006a38                packetbuf_clear
                0x00006a58                packetbuf_reference
                0x00006a72                packetbuf_copyfrom
 .text          0x00006aa2      0x18a contiki-sky.a(queuebuf.o)
                0x00006aa2                queuebuf_datalen
                0x00006aa6                queuebuf_addr
                0x00006ab2                queuebuf_attr
                0x00006ac0                queuebuf_debug_print
                0x00006ac2                queuebuf_dataptr
                0x00006af6                queuebuf_to_packetbuf
                0x00006b64                queuebuf_free
                0x00006ba0                queuebuf_update_attr_from_packetbuf
                0x00006bb0                queuebuf_new_from_packetbuf
                0x00006c1a                queuebuf_init
 .text          0x00006c2c        0xc contiki-sky.a(contiki-sky-pla)
                0x00006c2c                init_platform
 .text          0x00006c38      0x110 contiki-sky.a(button-sensor.o)
                0x00006cb2                irq_p2
                0x00006cb2                vector_ffe2
                0x00006d40                button_sensor
 .text          0x00006d48      0x188 contiki-sky.a(ds2411.o)
                0x00006d9e                ds2411_init
 .text          0x00006ed0      0x360 contiki-sky.a(xmem.o)
                0x00006f1e                xmem_erase
                0x00006fdc                xmem_pwrite
                0x00007118                xmem_pread
                0x000071f4                xmem_init
 .text          0x00007230       0x6e contiki-sky.a(node-id.o)
                0x00007230                node_id_burn
                0x00007266                node_id_restore
 .text          0x0000729e      0x170 contiki-sky.a(sensors.o)
                0x0000729e                sensors_first
                0x000072a4                sensors_next
                0x0000738e                sensors_find
                0x000073da                sensors_changed
 .text          0x0000740e      0xc2c contiki-sky.a(cc2420.o)
                0x000074d0                cc2420_get_channel
                0x00007726                cc2420_set_cca_threshold
                0x0000773c                cc2420_cca_valid
                0x0000777a                cc2420_get_txpower
                0x00007798                cc2420_set_txpower
                0x000077a6                cc2420_set_pan_addr
                0x000078f8                cc2420_set_channel
                0x000079b8                cc2420_on
                0x00007c0c                cc2420_off
                0x00007cec                cc2420_rssi
                0x00007ecc                cc2420_interrupt
                0x00007f3a                cc2420_init
                0x00008026                cc2420_driver
 .text          0x0000803a       0x7c contiki-sky.a(cc2420-arch.o)
                0x0000803a                cc2420_arch_init
                0x00008054                cc24240_port1_interrupt
                0x00008054                vector_ffe8
 .text          0x000080b6      0x194 contiki-sky.a(uart1.o)
                0x000080b6                uart1_active
                0x000080ca                uart1_set_input
                0x000080d0                uart1_init
                0x00008194                uart1_rx_interrupt
                0x00008194                vector_ffe6
                0x00008230                uart1_writeb
 .text          0x0000824a        0xe contiki-sky.a(uart1-putchar.o)
                0x0000824a                putchar
 .text          0x00008258      0x168 contiki-sky.a(msp430.o)
                0x00008258                w_memcpy
                0x0000827a                w_memset
                0x0000828c                msp430_init_dco
                0x000082fe                msp430_add_lpm_req
                0x00008308                msp430_remove_lpm_req
                0x00008312                sbrk
                0x00008330                splhigh_
                0x00008338                splx_
                0x0000833c                msp430_sync_dco
                0x00008398                msp430_cpu_init
 .text          0x000083c0      0x1cc contiki-sky.a(clock.o)
                0x000083c0                clock_time
                0x000083da                clock_set
                0x000083f0                clock_fine_max
                0x000083f6                clock_fine
                0x00008400                clock_init
                0x00008426                clock_delay
                0x0000842c                clock_wait
                0x00008482                clock_set_seconds
                0x00008484                clock_seconds
                0x0000849e                clock_counter
                0x000084a4                timera1
                0x000084a4                vector_ffea
 .text          0x0000858c      0x176 contiki-sky.a(leds.o)
                0x00008690                leds_invert
                0x0000869a                leds_toggle
                0x000086a0                leds_off
                0x000086b4                leds_on
                0x000086c8                leds_get
                0x000086ce                leds_blink
                0x000086f4                leds_init
 .text          0x00008702       0x8a contiki-sky.a(leds-arch.o)
                0x00008702                leds_arch_init
                0x00008710                leds_arch_get
                0x0000874c                leds_arch_set
 .text          0x0000878c       0x5a contiki-sky.a(watchdog.o)
                0x0000878c                watchdog_interrupt
                0x0000878c                vector_fff4
                0x00008792                watchdog_init
                0x000087a6                watchdog_start
                0x000087ba                watchdog_periodic
                0x000087ca                watchdog_stop
                0x000087e0                watchdog_reboot
 .text          0x000087e6       0x9c contiki-sky.a(rtimer-arch.o)
                0x000087e6                rtimer_arch_init
                0x000087f2                rtimer_arch_now
                0x00008800                rtimer_arch_schedule
                0x00008806                vector_ffec
                0x00008806                timera0
 .text          0x00008882       0x14 contiki-sky.a(mac.o)
                0x00008882                mac_call_sent_callback
 .text          0x00008896      0x1ba contiki-sky.a(framer-802154.o)
                0x00008a4c                framer_802154
 .text          0x00008a50       0x30 contiki-sky.a(spi.o)
                0x00008a50                spi_init
 .text          0x00008a80      0x3d6 contiki-sky.a(frame802154.o)
                0x00008a80                frame802154_parse
                0x00008cbe                frame802154_create
                0x00008e2e                frame802154_hdrlen
 .text          0x00008e56        0x0 /opt/msp430-gcc-4.4.5/lib/gcc/msp430/4.4.5/msp2/libgcc.a(_mulsi3hw.o)
 .text          0x00008e56        0x0 /opt/msp430-gcc-4.4.5/lib/gcc/msp430/4.4.5/msp2/libgcc.a(_udivmodsi4.o)
 .text          0x00008e56        0x0 /opt/msp430-gcc-4.4.5/lib/gcc/msp430/4.4.5/msp2/libgcc.a(_reset_vector__.o)
 .text          0x00008e56        0x0 /opt/msp430-gcc-4.4.5/lib/gcc/msp430/4.4.5/msp2/libgcc.a(__init_stack.o)
 .text          0x00008e56        0x0 /opt/msp430-gcc-4.4.5/lib/gcc/msp430/4.4.5/msp2/libgcc.a(_copy_data.o)
 .text          0x00008e56        0x0 /opt/msp430-gcc-4.4.5/lib/gcc/msp430/4.4.5/msp2/libgcc.a(_clear_bss.o)
 .text          0x00008e56        0x0 /opt/msp430-gcc-4.4.5/lib/gcc/msp430/4.4.5/msp2/libgcc.a(__jump_to_main.o)
 .text          0x00008e56       0x58 /opt/msp430-gcc-4.4.5/lib/gcc/msp430/4.4.5/../../../../msp430/lib/msp2/libc.a(strncmp.o)
                0x00008e56                strncmp
 .text          0x00008eae       0x2e /opt/msp430-gcc-4.4.5/lib/gcc/msp430/4.4.5/../../../../msp430/lib/msp2/libc.a(printf.o)
                0x00008eae                printf
 .text          0x00008edc      0x74c /opt/msp430-gcc-4.4.5/lib/gcc/msp430/4.4.5/../../../../msp430/lib/msp2/libc.a(vuprintf.o)
                0x00008f60                vuprintf
 .text          0x00009628       0x4a /opt/msp430-gcc-4.4.5/lib/gcc/msp430/4.4.5/../../../../msp430/lib/msp2/libc.a(puts.o)
                0x00009628                puts
 .text          0x00009672      0x128 /opt/msp430-gcc-4.4.5/lib/gcc/msp430/4.4.5/../../../../msp430/lib/msp2/libc.a(rand.o)
                0x00009732                rand_r
                0x0000976e                rand
                0x0000977e                srand
 .text          0x0000979a        0x2 /opt/msp430-gcc-4.4.5/lib/gcc/msp430/4.4.5/../../../../msp430/lib/msp2/libc.a(_unexpected_.o)
                0x0000979a                _unexpected_
 .text          0x0000979c       0x3a /opt/msp430-gcc-4.4.5/lib/gcc/msp430/4.4.5/../../../../msp430/lib/msp2/libc.a(memchr.o)
                0x0000979c                memchr
 .text          0x000097d6       0x2a /opt/msp430-gcc-4.4.5/lib/gcc/msp430/4.4.5/../../../../msp430/lib/msp2/libc.a(strlen.o)
                0x000097d6                strlen
                0x00009800                . = ALIGN (0x2)
 *(.text.*)
 .text.libgcc   0x00009800       0x28 /opt/msp430-gcc-4.4.5/lib/gcc/msp430/4.4.5/msp2/libgcc.a(_mulsi3hw.o)
                0x00009800                __umulsi3hw
 .text.libgcc   0x00009828       0x2a /opt/msp430-gcc-4.4.5/lib/gcc/msp430/4.4.5/msp2/libgcc.a(_udivmodsi4.o)
                0x00009828                __udivmodsi4
 .text.libgcc   0x00009852        0x0 /opt/msp430-gcc-4.4.5/lib/gcc/msp430/4.4.5/msp2/libgcc.a(_reset_vector__.o)
 .text.libgcc   0x00009852        0x0 /opt/msp430-gcc-4.4.5/lib/gcc/msp430/4.4.5/msp2/libgcc.a(__init_stack.o)
 .text.libgcc   0x00009852        0x0 /opt/msp430-gcc-4.4.5/lib/gcc/msp430/4.4.5/msp2/libgcc.a(_copy_data.o)
 .text.libgcc   0x00009852        0x0 /opt/msp430-gcc-4.4.5/lib/gcc/msp430/4.4.5/msp2/libgcc.a(_clear_bss.o)
 .text.libgcc   0x00009852        0x0 /opt/msp430-gcc-4.4.5/lib/gcc/msp430/4.4.5/msp2/libgcc.a(__jump_to_main.o)
                0x00009852                . = ALIGN (0x2)
 *(.fini9)
 *(.fini9)
 *(.fini8)
 *(.fini8)
 *(.fini7)
 *(.fini7)
 *(.fini6)
 *(.fini6)
 *(.fini5)
 *(.fini5)
 *(.fini4)
 *(.fini4)
 *(.fini3)
 *(.fini3)
 *(.fini2)
 *(.fini2)
 *(.fini1)
 *(.fini1)
 *(.fini0)
 *(.fini0)
 *(.fini)
 *(.fini)
                0x00009852                _etext = .

.data           0x00001100       0x74 load address 0x00009852
                0x00001100                PROVIDE (__data_start, .)
                0x00001100                . = ALIGN (0x2)
 *(.data)
 .data          0x00001100        0x0 /opt/msp430-gcc-4.4.5/lib/gcc/msp430/4.4.5/../../../../msp430/lib/crt430x1611.o
 .data          0x00001100        0xa hello-world.co
                0x00001100                hello_world_process
 .data          0x0000110a        0x0 obj_sky/contiki-sky-main.o
 .data          0x0000110a        0x0 contiki-sky.a(rimeaddr.o)
 .data          0x0000110a        0x0 contiki-sky.a(rime.o)
 .data          0x0000110a        0x0 contiki-sky.a(rimestats.o)
 .data          0x0000110a        0x0 contiki-sky.a(announcement.o)
 .data          0x0000110a        0x0 contiki-sky.a(broadcast-annou)
 .data          0x0000110a        0x0 contiki-sky.a(broadcast.o)
 .data          0x0000110a        0x0 contiki-sky.a(abc.o)
 .data          0x0000110a        0x0 contiki-sky.a(chameleon.o)
 .data          0x0000110a        0x0 contiki-sky.a(channel.o)
 .data          0x0000110a        0x0 contiki-sky.a(chameleon-bitop)
 .data          0x0000110a        0x8 contiki-sky.a(csma.o)
 .data          0x00001112        0xe contiki-sky.a(contikimac.o)
                0x00001112                phase_list
 .data          0x00001120        0x8 contiki-sky.a(phase.o)
 .data          0x00001128        0x0 contiki-sky.a(process.o)
 .data          0x00001128        0x0 contiki-sky.a(autostart.o)
 .data          0x00001128        0x0 contiki-sky.a(compower.o)
 .data          0x00001128        0xa contiki-sky.a(serial-line.o)
                0x00001128                serial_line_process
 .data          0x00001132        0x0 contiki-sky.a(memb.o)
 .data          0x00001132        0x0 contiki-sky.a(timer.o)
 .data          0x00001132        0x0 contiki-sky.a(list.o)
 .data          0x00001132        0xa contiki-sky.a(etimer.o)
                0x00001132                etimer_process
 .data          0x0000113c        0xa contiki-sky.a(ctimer.o)
                0x0000113c                ctimer_process
 .data          0x00001146        0x0 contiki-sky.a(energest.o)
 .data          0x00001146        0x0 contiki-sky.a(rtimer.o)
 .data          0x00001146        0x0 contiki-sky.a(random.o)
 .data          0x00001146        0x0 contiki-sky.a(ringbuf.o)
 .data          0x00001146        0x0 contiki-sky.a(packetbuf.o)
 .data          0x00001146       0x10 contiki-sky.a(queuebuf.o)
 .data          0x00001156        0x4 contiki-sky.a(contiki-sky-pla)
                0x00001156                sensors
 .data          0x0000115a        0x0 contiki-sky.a(button-sensor.o)
 .data          0x0000115a        0x0 contiki-sky.a(ds2411.o)
 .data          0x0000115a        0x0 contiki-sky.a(xmem.o)
 .data          0x0000115a        0x0 contiki-sky.a(node-id.o)
 .data          0x0000115a        0xa contiki-sky.a(sensors.o)
                0x0000115a                sensors_process
 .data          0x00001164        0xa contiki-sky.a(cc2420.o)
                0x00001164                cc2420_process
 .data          0x0000116e        0x0 contiki-sky.a(cc2420-arch.o)
 .data          0x0000116e        0x0 contiki-sky.a(uart1.o)
 .data          0x0000116e        0x0 contiki-sky.a(uart1-putchar.o)
 .data          0x0000116e        0x2 contiki-sky.a(msp430.o)
 .data          0x00001170        0x0 contiki-sky.a(clock.o)
 .data          0x00001170        0x0 contiki-sky.a(leds.o)
 .data          0x00001170        0x0 contiki-sky.a(leds-arch.o)
 .data          0x00001170        0x0 contiki-sky.a(watchdog.o)
 .data          0x00001170        0x0 contiki-sky.a(rtimer-arch.o)
 .data          0x00001170        0x0 contiki-sky.a(mac.o)
 .data          0x00001170        0x0 contiki-sky.a(framer-802154.o)
 .data          0x00001170        0x0 contiki-sky.a(spi.o)
 .data          0x00001170        0x0 contiki-sky.a(frame802154.o)
 .data          0x00001170        0x0 /opt/msp430-gcc-4.4.5/lib/gcc/msp430/4.4.5/msp2/libgcc.a(_mulsi3hw.o)
 .data          0x00001170        0x0 /opt/msp430-gcc-4.4.5/lib/gcc/msp430/4.4.5/msp2/libgcc.a(_udivmodsi4.o)
 .data          0x00001170        0x0 /opt/msp430-gcc-4.4.5/lib/gcc/msp430/4.4.5/msp2/libgcc.a(_reset_vector__.o)
 .data          0x00001170        0x0 /opt/msp430-gcc-4.4.5/lib/gcc/msp430/4.4.5/msp2/libgcc.a(__init_stack.o)
 .data          0x00001170        0x0 /opt/msp430-gcc-4.4.5/lib/gcc/msp430/4.4.5/msp2/libgcc.a(_copy_data.o)
 .data          0x00001170        0x0 /opt/msp430-gcc-4.4.5/lib/gcc/msp430/4.4.5/msp2/libgcc.a(_clear_bss.o)
 .data          0x00001170        0x0 /opt/msp430-gcc-4.4.5/lib/gcc/msp430/4.4.5/msp2/libgcc.a(__jump_to_main.o)
 .data          0x00001170        0x0 /opt/msp430-gcc-4.4.5/lib/gcc/msp430/4.4.5/../../../../msp430/lib/msp2/libc.a(strncmp.o)
 .data          0x00001170        0x0 /opt/msp430-gcc-4.4.5/lib/gcc/msp430/4.4.5/../../../../msp430/lib/msp2/libc.a(printf.o)
 .data          0x00001170        0x0 /opt/msp430-gcc-4.4.5/lib/gcc/msp430/4.4.5/../../../../msp430/lib/msp2/libc.a(vuprintf.o)
 .data          0x00001170        0x0 /opt/msp430-gcc-4.4.5/lib/gcc/msp430/4.4.5/../../../../msp430/lib/msp2/libc.a(puts.o)
 .data          0x00001170        0x4 /opt/msp430-gcc-4.4.5/lib/gcc/msp430/4.4.5/../../../../msp430/lib/msp2/libc.a(rand.o)
 .data          0x00001174        0x0 /opt/msp430-gcc-4.4.5/lib/gcc/msp430/4.4.5/../../../../msp430/lib/msp2/libc.a(_unexpected_.o)
 .data          0x00001174        0x0 /opt/msp430-gcc-4.4.5/lib/gcc/msp430/4.4.5/../../../../msp430/lib/msp2/libc.a(memchr.o)
 .data          0x00001174        0x0 /opt/msp430-gcc-4.4.5/lib/gcc/msp430/4.4.5/../../../../msp430/lib/msp2/libc.a(strlen.o)
 *(SORT(.data.*))
                0x00001174                . = ALIGN (0x2)
 *(.gnu.linkonce.d*)
                0x00001174                . = ALIGN (0x2)
                0x00001174                _edata = .
                0x00009852                PROVIDE (__data_load_start, LOADADDR (.data))
                0x00000074                PROVIDE (__data_size, SIZEOF (.data))

.bootloader     0x00000c00        0x0
                0x00000c00                PROVIDE (__boot_start, .)
 *(.bootloader)
                0x00000c00                . = ALIGN (0x2)
 *(.bootloader.*)

.infomem        0x00001000        0x0
 *(.infomem)
                0x00001000                . = ALIGN (0x2)
 *(.infomem.*)

.infomemnobits  0x00001000        0x0
 *(.infomemnobits)
                0x00001000                . = ALIGN (0x2)
 *(.infomemnobits.*)

.bss            0x00001174     0x1376
                0x00001174                PROVIDE (__bss_start, .)
 *(.bss)
 .bss           0x00001174        0x0 /opt/msp430-gcc-4.4.5/lib/gcc/msp430/4.4.5/../../../../msp430/lib/crt430x1611.o
 .bss           0x00001174        0x0 hello-world.co
 .bss           0x00001174        0xc obj_sky/contiki-sky-main.o
 .bss           0x00001180        0x0 contiki-sky.a(rimeaddr.o)
 .bss           0x00001180        0x2 contiki-sky.a(rime.o)
 .bss           0x00001182        0x0 contiki-sky.a(rimestats.o)
 .bss           0x00001182        0x6 contiki-sky.a(announcement.o)
 .bss           0x00001188       0x46 contiki-sky.a(broadcast-annou)
 .bss           0x000011ce        0x0 contiki-sky.a(broadcast.o)
 .bss           0x000011ce        0x0 contiki-sky.a(abc.o)
 .bss           0x000011ce        0x0 contiki-sky.a(chameleon.o)
 .bss           0x000011ce        0x2 contiki-sky.a(channel.o)
 .bss           0x000011d0        0x0 contiki-sky.a(chameleon-bitop)
 .bss           0x000011d0       0x68 contiki-sky.a(csma.o)
 .bss           0x00001238      0x264 contiki-sky.a(contikimac.o)
 .bss           0x0000149c       0xd8 contiki-sky.a(phase.o)
 .bss           0x00001574       0x42 contiki-sky.a(process.o)
                0x00001574                process_list
                0x00001576                process_current
 .bss           0x000015b6        0x0 contiki-sky.a(autostart.o)
 .bss           0x000015b6        0x8 contiki-sky.a(compower.o)
 .bss           0x000015be      0x10a contiki-sky.a(serial-line.o)
 .bss           0x000016c8        0x0 contiki-sky.a(memb.o)
 .bss           0x000016c8        0x0 contiki-sky.a(timer.o)
 .bss           0x000016c8        0x0 contiki-sky.a(list.o)
 .bss           0x000016c8        0x6 contiki-sky.a(etimer.o)
 .bss           0x000016ce        0x4 contiki-sky.a(ctimer.o)
 .bss           0x000016d2        0x0 contiki-sky.a(energest.o)
 .bss           0x000016d2        0x2 contiki-sky.a(rtimer.o)
 .bss           0x000016d4        0x0 contiki-sky.a(random.o)
 .bss           0x000016d4        0x0 contiki-sky.a(ringbuf.o)
 .bss           0x000016d4       0xba contiki-sky.a(packetbuf.o)
 .bss           0x0000178e      0xc1e contiki-sky.a(queuebuf.o)
 .bss           0x000023ac        0x0 contiki-sky.a(contiki-sky-pla)
 .bss           0x000023ac        0x8 contiki-sky.a(button-sensor.o)
 .bss           0x000023b4        0x0 contiki-sky.a(ds2411.o)
 .bss           0x000023b4        0x0 contiki-sky.a(xmem.o)
 .bss           0x000023b4        0x2 contiki-sky.a(node-id.o)
                0x000023b4                node_id
 .bss           0x000023b6        0x6 contiki-sky.a(sensors.o)
 .bss           0x000023bc        0xc contiki-sky.a(cc2420.o)
 .bss           0x000023c8        0x0 contiki-sky.a(cc2420-arch.o)
 .bss           0x000023c8        0x4 contiki-sky.a(uart1.o)
 .bss           0x000023cc        0x0 contiki-sky.a(uart1-putchar.o)
 .bss           0x000023cc        0x0 contiki-sky.a(msp430.o)
 .bss           0x000023cc        0xa contiki-sky.a(clock.o)
 .bss           0x000023d6        0x2 contiki-sky.a(leds.o)
 .bss           0x000023d8        0x0 contiki-sky.a(leds-arch.o)
 .bss           0x000023d8        0x2 contiki-sky.a(watchdog.o)
 .bss           0x000023da        0x0 contiki-sky.a(rtimer-arch.o)
 .bss           0x000023da        0x0 contiki-sky.a(mac.o)
 .bss           0x000023da        0x2 contiki-sky.a(framer-802154.o)
 .bss           0x000023dc        0x2 contiki-sky.a(spi.o)
                0x000023dc                spi_busy
 .bss           0x000023de        0x0 contiki-sky.a(frame802154.o)
 .bss           0x000023de        0x0 /opt/msp430-gcc-4.4.5/lib/gcc/msp430/4.4.5/msp2/libgcc.a(_mulsi3hw.o)
 .bss           0x000023de        0x0 /opt/msp430-gcc-4.4.5/lib/gcc/msp430/4.4.5/msp2/libgcc.a(_udivmodsi4.o)
 .bss           0x000023de        0x0 /opt/msp430-gcc-4.4.5/lib/gcc/msp430/4.4.5/msp2/libgcc.a(_reset_vector__.o)
 .bss           0x000023de        0x0 /opt/msp430-gcc-4.4.5/lib/gcc/msp430/4.4.5/msp2/libgcc.a(__init_stack.o)
 .bss           0x000023de        0x0 /opt/msp430-gcc-4.4.5/lib/gcc/msp430/4.4.5/msp2/libgcc.a(_copy_data.o)
 .bss           0x000023de        0x0 /opt/msp430-gcc-4.4.5/lib/gcc/msp430/4.4.5/msp2/libgcc.a(_clear_bss.o)
 .bss           0x000023de        0x0 /opt/msp430-gcc-4.4.5/lib/gcc/msp430/4.4.5/msp2/libgcc.a(__jump_to_main.o)
 .bss           0x000023de        0x0 /opt/msp430-gcc-4.4.5/lib/gcc/msp430/4.4.5/../../../../msp430/lib/msp2/libc.a(strncmp.o)
 .bss           0x000023de        0x0 /opt/msp430-gcc-4.4.5/lib/gcc/msp430/4.4.5/../../../../msp430/lib/msp2/libc.a(printf.o)
 .bss           0x000023de        0x4 /opt/msp430-gcc-4.4.5/lib/gcc/msp430/4.4.5/../../../../msp430/lib/msp2/libc.a(vuprintf.o)
 .bss           0x000023e2        0x0 /opt/msp430-gcc-4.4.5/lib/gcc/msp430/4.4.5/../../../../msp430/lib/msp2/libc.a(puts.o)
 .bss           0x000023e2        0x0 /opt/msp430-gcc-4.4.5/lib/gcc/msp430/4.4.5/../../../../msp430/lib/msp2/libc.a(rand.o)
 .bss           0x000023e2        0x0 /opt/msp430-gcc-4.4.5/lib/gcc/msp430/4.4.5/../../../../msp430/lib/msp2/libc.a(_unexpected_.o)
 .bss           0x000023e2        0x0 /opt/msp430-gcc-4.4.5/lib/gcc/msp430/4.4.5/../../../../msp430/lib/msp2/libc.a(memchr.o)
 .bss           0x000023e2        0x0 /opt/msp430-gcc-4.4.5/lib/gcc/msp430/4.4.5/../../../../msp430/lib/msp2/libc.a(strlen.o)
 *(SORT(.bss.*))
 *(COMMON)
 COMMON         0x000023e2        0x2 contiki-sky.a(rimeaddr.o)
                0x000023e2                rimeaddr_node_addr
 COMMON         0x000023e4        0x2 contiki-sky.a(rime.o)
                0x000023e4                rime_mac
 COMMON         0x000023e6       0x48 contiki-sky.a(rimestats.o)
                0x000023e6                rimestats
 COMMON         0x0000242e        0x1 contiki-sky.a(process.o)
                0x0000242e                process_maxevents
 *fill*         0x0000242f        0x1 00
 COMMON         0x00002430        0x8 contiki-sky.a(compower.o)
                0x00002430                compower_idle_activity
 COMMON         0x00002438        0x1 contiki-sky.a(serial-line.o)
                0x00002438                serial_line_event_message
 *fill*         0x00002439        0x1 00
 COMMON         0x0000243a       0x56 contiki-sky.a(energest.o)
                0x0000243a                energest_total_time
                0x0000246a                energest_total_count
                0x0000246c                energest_current_mode
                0x00002478                energest_current_time
 COMMON         0x00002490       0x38 contiki-sky.a(packetbuf.o)
                0x00002490                packetbuf_addrs
                0x00002498                packetbuf_attrs
 COMMON         0x000024c8        0x2 contiki-sky.a(contiki-sky-pla)
                0x000024c8                sensors_flags
 COMMON         0x000024ca        0x8 contiki-sky.a(ds2411.o)
                0x000024ca                ds2411_id
 COMMON         0x000024d2        0x1 contiki-sky.a(sensors.o)
                0x000024d2                sensors_event
 *fill*         0x000024d3        0x1 00
 COMMON         0x000024d4       0x14 contiki-sky.a(cc2420.o)
                0x000024d4                cc2420_last_rssi
                0x000024d6                cc2420_packets_read
                0x000024d8                cc2420_packets_seen
                0x000024da                cc2420_sfd_start_time
                0x000024dc                cc2420_time_of_departure
                0x000024de                cc2420_time_of_arrival
                0x000024e0                cc2420_last_correlation
                0x000024e2                cc2420_authority_level_of_sender
                0x000024e4                cc2420_sfd_counter
                0x000024e6                cc2420_sfd_end_time
 COMMON         0x000024e8        0x2 contiki-sky.a(msp430.o)
                0x000024e8                msp430_dco_required
                0x000024ea                PROVIDE (__bss_end, .)
                0x000024ea                _end = .
                0x00001376                PROVIDE (__bss_size, SIZEOF (.bss))

.noinit         0x000024ea        0x0
                0x000024ea                PROVIDE (__noinit_start, .)
 *(.noinit)
 *(.noinit.*)
 *(COMMON)
                0x000024ea                PROVIDE (__noinit_end, .)
                0x000024ea                _end = .

.vectors        0x0000ffe0       0x20
                0x0000ffe0                PROVIDE (__vectors_start, .)
 *(.vectors*)
 .vectors       0x0000ffe0       0x20 /opt/msp430-gcc-4.4.5/lib/gcc/msp430/4.4.5/../../../../msp430/lib/crt430x1611.o
                0x0000ffe0                InterruptVectors
 *(.vectors*)
                0x00010000                _vectors_end = .

.profiler
 *(.profiler)

.stab
 *(.stab)

.stabstr
 *(.stabstr)

.stab.excl
 *(.stab.excl)

.stab.exclstr
 *(.stab.exclstr)

.stab.index
 *(.stab.index)

.stab.indexstr
 *(.stab.indexstr)

.comment
 *(.comment)

.debug
 *(.debug)

.line
 *(.line)

.debug_srcinfo
 *(.debug_srcinfo .zdebug_srcinfo)

.debug_sfnames
 *(.debug_sfnames .zdebug_sfnames)

.debug_aranges  0x00000000      0x44c
 *(.debug_aranges .zdebug_aranges)
 .debug_aranges
                0x00000000       0x14 hello-world.co
 .debug_aranges
                0x00000014       0x14 obj_sky/contiki-sky-main.o
 .debug_aranges
                0x00000028       0x14 contiki-sky.a(rimeaddr.o)
 .debug_aranges
                0x0000003c       0x14 contiki-sky.a(rime.o)
 .debug_aranges
                0x00000050       0x14 contiki-sky.a(announcement.o)
 .debug_aranges
                0x00000064       0x14 contiki-sky.a(broadcast-annou)
 .debug_aranges
                0x00000078       0x14 contiki-sky.a(broadcast.o)
 .debug_aranges
                0x0000008c       0x14 contiki-sky.a(abc.o)
 .debug_aranges
                0x000000a0       0x14 contiki-sky.a(chameleon.o)
 .debug_aranges
                0x000000b4       0x14 contiki-sky.a(channel.o)
 .debug_aranges
                0x000000c8       0x14 contiki-sky.a(chameleon-bitop)
 .debug_aranges
                0x000000dc       0x14 contiki-sky.a(csma.o)
 .debug_aranges
                0x000000f0       0x14 contiki-sky.a(contikimac.o)
 .debug_aranges
                0x00000104       0x14 contiki-sky.a(phase.o)
 .debug_aranges
                0x00000118       0x14 contiki-sky.a(process.o)
 .debug_aranges
                0x0000012c       0x14 contiki-sky.a(autostart.o)
 .debug_aranges
                0x00000140       0x14 contiki-sky.a(compower.o)
 .debug_aranges
                0x00000154       0x14 contiki-sky.a(serial-line.o)
 .debug_aranges
                0x00000168       0x14 contiki-sky.a(memb.o)
 .debug_aranges
                0x0000017c       0x14 contiki-sky.a(timer.o)
 .debug_aranges
                0x00000190       0x14 contiki-sky.a(list.o)
 .debug_aranges
                0x000001a4       0x14 contiki-sky.a(etimer.o)
 .debug_aranges
                0x000001b8       0x14 contiki-sky.a(ctimer.o)
 .debug_aranges
                0x000001cc       0x14 contiki-sky.a(energest.o)
 .debug_aranges
                0x000001e0       0x14 contiki-sky.a(rtimer.o)
 .debug_aranges
                0x000001f4       0x14 contiki-sky.a(random.o)
 .debug_aranges
                0x00000208       0x14 contiki-sky.a(ringbuf.o)
 .debug_aranges
                0x0000021c       0x14 contiki-sky.a(packetbuf.o)
 .debug_aranges
                0x00000230       0x14 contiki-sky.a(queuebuf.o)
 .debug_aranges
                0x00000244       0x14 contiki-sky.a(contiki-sky-pla)
 .debug_aranges
                0x00000258       0x14 contiki-sky.a(button-sensor.o)
 .debug_aranges
                0x0000026c       0x14 contiki-sky.a(ds2411.o)
 .debug_aranges
                0x00000280       0x14 contiki-sky.a(xmem.o)
 .debug_aranges
                0x00000294       0x14 contiki-sky.a(node-id.o)
 .debug_aranges
                0x000002a8       0x14 contiki-sky.a(sensors.o)
 .debug_aranges
                0x000002bc       0x14 contiki-sky.a(cc2420.o)
 .debug_aranges
                0x000002d0       0x14 contiki-sky.a(cc2420-arch.o)
 .debug_aranges
                0x000002e4       0x14 contiki-sky.a(uart1.o)
 .debug_aranges
                0x000002f8       0x14 contiki-sky.a(uart1-putchar.o)
 .debug_aranges
                0x0000030c       0x14 contiki-sky.a(msp430.o)
 .debug_aranges
                0x00000320       0x14 contiki-sky.a(clock.o)
 .debug_aranges
                0x00000334       0x14 contiki-sky.a(leds.o)
 .debug_aranges
                0x00000348       0x14 contiki-sky.a(leds-arch.o)
 .debug_aranges
                0x0000035c       0x14 contiki-sky.a(watchdog.o)
 .debug_aranges
                0x00000370       0x14 contiki-sky.a(rtimer-arch.o)
 .debug_aranges
                0x00000384       0x14 contiki-sky.a(mac.o)
 .debug_aranges
                0x00000398       0x14 contiki-sky.a(framer-802154.o)
 .debug_aranges
                0x000003ac       0x14 contiki-sky.a(spi.o)
 .debug_aranges
                0x000003c0       0x14 contiki-sky.a(frame802154.o)
 .debug_aranges
                0x000003d4       0x14 /opt/msp430-gcc-4.4.5/lib/gcc/msp430/4.4.5/msp2/libgcc.a(_mulsi3hw.o)
 .debug_aranges
                0x000003e8       0x14 /opt/msp430-gcc-4.4.5/lib/gcc/msp430/4.4.5/msp2/libgcc.a(_udivmodsi4.o)
 .debug_aranges
                0x000003fc       0x14 /opt/msp430-gcc-4.4.5/lib/gcc/msp430/4.4.5/msp2/libgcc.a(__init_stack.o)
 .debug_aranges
                0x00000410       0x14 /opt/msp430-gcc-4.4.5/lib/gcc/msp430/4.4.5/msp2/libgcc.a(_copy_data.o)
 .debug_aranges
                0x00000424       0x14 /opt/msp430-gcc-4.4.5/lib/gcc/msp430/4.4.5/msp2/libgcc.a(_clear_bss.o)
 .debug_aranges
                0x00000438       0x14 /opt/msp430-gcc-4.4.5/lib/gcc/msp430/4.4.5/msp2/libgcc.a(__jump_to_main.o)

.debug_pubnames
                0x00000000     0x1912
 *(.debug_pubnames .zdebug_pubnames)
 .debug_pubnames
                0x00000000       0x42 hello-world.co
 .debug_pubnames
                0x00000042       0x27 obj_sky/contiki-sky-main.o
 .debug_pubnames
                0x00000069       0x79 contiki-sky.a(rimeaddr.o)
 .debug_pubnames
                0x000000e2       0x6c contiki-sky.a(rime.o)
 .debug_pubnames
                0x0000014e       0x20 contiki-sky.a(rimestats.o)
 .debug_pubnames
                0x0000016e      0x144 contiki-sky.a(announcement.o)
 .debug_pubnames
                0x000002b2       0x7d contiki-sky.a(broadcast-annou)
 .debug_pubnames
                0x0000032f       0x4c contiki-sky.a(broadcast.o)
 .debug_pubnames
                0x0000037b       0x55 contiki-sky.a(abc.o)
 .debug_pubnames
                0x000003d0       0x64 contiki-sky.a(chameleon.o)
 .debug_pubnames
                0x00000434       0x74 contiki-sky.a(channel.o)
 .debug_pubnames
                0x000004a8       0x6b contiki-sky.a(chameleon-bitop)
 .debug_pubnames
                0x00000513       0x22 contiki-sky.a(csma.o)
 .debug_pubnames
                0x00000535       0x52 contiki-sky.a(contikimac.o)
 .debug_pubnames
                0x00000587       0x64 contiki-sky.a(phase.o)
 .debug_pubnames
                0x000005eb      0x10d contiki-sky.a(process.o)
 .debug_pubnames
                0x000006f8       0x39 contiki-sky.a(autostart.o)
 .debug_pubnames
                0x00000731       0x9e contiki-sky.a(compower.o)
 .debug_pubnames
                0x000007cf       0x78 contiki-sky.a(serial-line.o)
 .debug_pubnames
                0x00000847       0x4d contiki-sky.a(memb.o)
 .debug_pubnames
                0x00000894       0x68 contiki-sky.a(timer.o)
 .debug_pubnames
                0x000008fc       0xc3 contiki-sky.a(list.o)
 .debug_pubnames
                0x000009bf      0x109 contiki-sky.a(etimer.o)
 .debug_pubnames
                0x00000ac8       0x8b contiki-sky.a(ctimer.o)
 .debug_pubnames
                0x00000b53       0xec contiki-sky.a(energest.o)
 .debug_pubnames
                0x00000c3f       0x45 contiki-sky.a(rtimer.o)
 .debug_pubnames
                0x00000c84       0x32 contiki-sky.a(random.o)
 .debug_pubnames
                0x00000cb6       0x69 contiki-sky.a(ringbuf.o)
 .debug_pubnames
                0x00000d1f      0x22c contiki-sky.a(packetbuf.o)
 .debug_pubnames
                0x00000f4b       0xff contiki-sky.a(queuebuf.o)
 .debug_pubnames
                0x0000104a       0x42 contiki-sky.a(contiki-sky-pla)
 .debug_pubnames
                0x0000108c       0x2f contiki-sky.a(button-sensor.o)
 .debug_pubnames
                0x000010bb       0x30 contiki-sky.a(ds2411.o)
 .debug_pubnames
                0x000010eb       0x4e contiki-sky.a(xmem.o)
 .debug_pubnames
                0x00001139       0x43 contiki-sky.a(node-id.o)
 .debug_pubnames
                0x0000117c       0x80 contiki-sky.a(sensors.o)
 .debug_pubnames
                0x000011fc      0x236 contiki-sky.a(cc2420.o)
 .debug_pubnames
                0x00001432       0x43 contiki-sky.a(cc2420-arch.o)
 .debug_pubnames
                0x00001475       0x6e contiki-sky.a(uart1.o)
 .debug_pubnames
                0x000014e3       0x1e contiki-sky.a(uart1-putchar.o)
 .debug_pubnames
                0x00001501       0xd1 contiki-sky.a(msp430.o)
 .debug_pubnames
                0x000015d2       0xc5 contiki-sky.a(clock.o)
 .debug_pubnames
                0x00001697       0x75 contiki-sky.a(leds.o)
 .debug_pubnames
                0x0000170c       0x49 contiki-sky.a(leds-arch.o)
 .debug_pubnames
                0x00001755       0x8a contiki-sky.a(watchdog.o)
 .debug_pubnames
                0x000017df       0x60 contiki-sky.a(rtimer-arch.o)
 .debug_pubnames
                0x0000183f       0x2d contiki-sky.a(mac.o)
 .debug_pubnames
                0x0000186c       0x24 contiki-sky.a(framer-802154.o)
 .debug_pubnames
                0x00001890       0x2c contiki-sky.a(spi.o)
 .debug_pubnames
                0x000018bc       0x56 contiki-sky.a(frame802154.o)

.debug_info     0x00000000     0xd430
 *(.debug_info .gnu.linkonce.wi.* .zdebug_info)
 .debug_info    0x00000000      0x22b hello-world.co
 .debug_info    0x0000022b      0x6b1 obj_sky/contiki-sky-main.o
 .debug_info    0x000008dc      0x1b1 contiki-sky.a(rimeaddr.o)
 .debug_info    0x00000a8d      0x5d7 contiki-sky.a(rime.o)
 .debug_info    0x00001064      0x140 contiki-sky.a(rimestats.o)
 .debug_info    0x000011a4      0x3ac contiki-sky.a(announcement.o)
 .debug_info    0x00001550      0x872 contiki-sky.a(broadcast-annou)
 .debug_info    0x00001dc2      0x59f contiki-sky.a(broadcast.o)
 .debug_info    0x00002361      0x478 contiki-sky.a(abc.o)
 .debug_info    0x000027d9      0x3da contiki-sky.a(chameleon.o)
 .debug_info    0x00002bb3      0x2bb contiki-sky.a(channel.o)
 .debug_info    0x00002e6e      0x83b contiki-sky.a(chameleon-bitop)
 .debug_info    0x000036a9      0x9c0 contiki-sky.a(csma.o)
 .debug_info    0x00004069      0xe89 contiki-sky.a(contikimac.o)
 .debug_info    0x00004ef2      0x7cc contiki-sky.a(phase.o)
 .debug_info    0x000056be      0x522 contiki-sky.a(process.o)
 .debug_info    0x00005be0      0x1a5 contiki-sky.a(autostart.o)
 .debug_info    0x00005d85      0x3fb contiki-sky.a(compower.o)
 .debug_info    0x00006180      0x32e contiki-sky.a(serial-line.o)
 .debug_info    0x000064ae      0x194 contiki-sky.a(memb.o)
 .debug_info    0x00006642      0x16c contiki-sky.a(timer.o)
 .debug_info    0x000067ae      0x3d4 contiki-sky.a(list.o)
 .debug_info    0x00006b82      0x472 contiki-sky.a(etimer.o)
 .debug_info    0x00006ff4      0x47b contiki-sky.a(ctimer.o)
 .debug_info    0x0000746f      0x247 contiki-sky.a(energest.o)
 .debug_info    0x000076b6      0x1fb contiki-sky.a(rtimer.o)
 .debug_info    0x000078b1       0x9c contiki-sky.a(random.o)
 .debug_info    0x0000794d      0x1ac contiki-sky.a(ringbuf.o)
 .debug_info    0x00007af9      0x5d4 contiki-sky.a(packetbuf.o)
 .debug_info    0x000080cd      0x592 contiki-sky.a(queuebuf.o)
 .debug_info    0x0000865f      0x295 contiki-sky.a(contiki-sky-pla)
 .debug_info    0x000088f4      0x3d9 contiki-sky.a(button-sensor.o)
 .debug_info    0x00008ccd      0x2c5 contiki-sky.a(ds2411.o)
 .debug_info    0x00008f92      0x4b8 contiki-sky.a(xmem.o)
 .debug_info    0x0000944a       0xe1 contiki-sky.a(node-id.o)
 .debug_info    0x0000952b      0x406 contiki-sky.a(sensors.o)
 .debug_info    0x00009931     0x140e contiki-sky.a(cc2420.o)
 .debug_info    0x0000ad3f      0x245 contiki-sky.a(cc2420-arch.o)
 .debug_info    0x0000af84      0x32e contiki-sky.a(uart1.o)
 .debug_info    0x0000b2b2       0x8b contiki-sky.a(uart1-putchar.o)
 .debug_info    0x0000b33d      0x3ff contiki-sky.a(msp430.o)
 .debug_info    0x0000b73c      0x3f0 contiki-sky.a(clock.o)
 .debug_info    0x0000bb2c      0x277 contiki-sky.a(leds.o)
 .debug_info    0x0000bda3       0xda contiki-sky.a(leds-arch.o)
 .debug_info    0x0000be7d      0x19b contiki-sky.a(watchdog.o)
 .debug_info    0x0000c018      0x25d contiki-sky.a(rtimer-arch.o)
 .debug_info    0x0000c275      0x10c contiki-sky.a(mac.o)
 .debug_info    0x0000c381      0x642 contiki-sky.a(framer-802154.o)
 .debug_info    0x0000c9c3      0x132 contiki-sky.a(spi.o)
 .debug_info    0x0000caf5      0x479 contiki-sky.a(frame802154.o)
 .debug_info    0x0000cf6e       0xcb /opt/msp430-gcc-4.4.5/lib/gcc/msp430/4.4.5/msp2/libgcc.a(_mulsi3hw.o)
 .debug_info    0x0000d039       0xcb /opt/msp430-gcc-4.4.5/lib/gcc/msp430/4.4.5/msp2/libgcc.a(_udivmodsi4.o)
 .debug_info    0x0000d104       0xcb /opt/msp430-gcc-4.4.5/lib/gcc/msp430/4.4.5/msp2/libgcc.a(__init_stack.o)
 .debug_info    0x0000d1cf       0xcb /opt/msp430-gcc-4.4.5/lib/gcc/msp430/4.4.5/msp2/libgcc.a(_copy_data.o)
 .debug_info    0x0000d29a       0xcb /opt/msp430-gcc-4.4.5/lib/gcc/msp430/4.4.5/msp2/libgcc.a(_clear_bss.o)
 .debug_info    0x0000d365       0xcb /opt/msp430-gcc-4.4.5/lib/gcc/msp430/4.4.5/msp2/libgcc.a(__jump_to_main.o)

.debug_abbrev   0x00000000     0x56af
 *(.debug_abbrev .zdebug_abbrev)
 .debug_abbrev  0x00000000      0x13a hello-world.co
 .debug_abbrev  0x0000013a      0x286 obj_sky/contiki-sky-main.o
 .debug_abbrev  0x000003c0      0x162 contiki-sky.a(rimeaddr.o)
 .debug_abbrev  0x00000522      0x21c contiki-sky.a(rime.o)
 .debug_abbrev  0x0000073e       0x5d contiki-sky.a(rimestats.o)
 .debug_abbrev  0x0000079b      0x199 contiki-sky.a(announcement.o)
 .debug_abbrev  0x00000934      0x25e contiki-sky.a(broadcast-annou)
 .debug_abbrev  0x00000b92      0x229 contiki-sky.a(broadcast.o)
 .debug_abbrev  0x00000dbb      0x1b8 contiki-sky.a(abc.o)
 .debug_abbrev  0x00000f73      0x1ec contiki-sky.a(chameleon.o)
 .debug_abbrev  0x0000115f      0x1a1 contiki-sky.a(channel.o)
 .debug_abbrev  0x00001300      0x35b contiki-sky.a(chameleon-bitop)
 .debug_abbrev  0x0000165b      0x34e contiki-sky.a(csma.o)
 .debug_abbrev  0x000019a9      0x410 contiki-sky.a(contikimac.o)
 .debug_abbrev  0x00001db9      0x235 contiki-sky.a(phase.o)
 .debug_abbrev  0x00001fee      0x2f7 contiki-sky.a(process.o)
 .debug_abbrev  0x000022e5       0xf3 contiki-sky.a(autostart.o)
 .debug_abbrev  0x000023d8      0x216 contiki-sky.a(compower.o)
 .debug_abbrev  0x000025ee      0x1c4 contiki-sky.a(serial-line.o)
 .debug_abbrev  0x000027b2       0xd1 contiki-sky.a(memb.o)
 .debug_abbrev  0x00002883       0xf4 contiki-sky.a(timer.o)
 .debug_abbrev  0x00002977      0x1f5 contiki-sky.a(list.o)
 .debug_abbrev  0x00002b6c      0x232 contiki-sky.a(etimer.o)
 .debug_abbrev  0x00002d9e      0x1f6 contiki-sky.a(ctimer.o)
 .debug_abbrev  0x00002f94      0x158 contiki-sky.a(energest.o)
 .debug_abbrev  0x000030ec      0x135 contiki-sky.a(rtimer.o)
 .debug_abbrev  0x00003221       0x65 contiki-sky.a(random.o)
 .debug_abbrev  0x00003286       0xfa contiki-sky.a(ringbuf.o)
 .debug_abbrev  0x00003380      0x277 contiki-sky.a(packetbuf.o)
 .debug_abbrev  0x000035f7      0x1eb contiki-sky.a(queuebuf.o)
 .debug_abbrev  0x000037e2      0x13c contiki-sky.a(contiki-sky-pla)
 .debug_abbrev  0x0000391e      0x1cd contiki-sky.a(button-sensor.o)
 .debug_abbrev  0x00003aeb      0x19e contiki-sky.a(ds2411.o)
 .debug_abbrev  0x00003c89      0x20e contiki-sky.a(xmem.o)
 .debug_abbrev  0x00003e97       0x8b contiki-sky.a(node-id.o)
 .debug_abbrev  0x00003f22      0x225 contiki-sky.a(sensors.o)
 .debug_abbrev  0x00004147      0x494 contiki-sky.a(cc2420.o)
 .debug_abbrev  0x000045db      0x146 contiki-sky.a(cc2420-arch.o)
 .debug_abbrev  0x00004721      0x17d contiki-sky.a(uart1.o)
 .debug_abbrev  0x0000489e       0x50 contiki-sky.a(uart1-putchar.o)
 .debug_abbrev  0x000048ee      0x1f6 contiki-sky.a(msp430.o)
 .debug_abbrev  0x00004ae4      0x222 contiki-sky.a(clock.o)
 .debug_abbrev  0x00004d06      0x13e contiki-sky.a(leds.o)
 .debug_abbrev  0x00004e44       0x97 contiki-sky.a(leds-arch.o)
 .debug_abbrev  0x00004edb       0xd9 contiki-sky.a(watchdog.o)
 .debug_abbrev  0x00004fb4      0x184 contiki-sky.a(rtimer-arch.o)
 .debug_abbrev  0x00005138       0xa0 contiki-sky.a(mac.o)
 .debug_abbrev  0x000051d8      0x227 contiki-sky.a(framer-802154.o)
 .debug_abbrev  0x000053ff       0x97 contiki-sky.a(spi.o)
 .debug_abbrev  0x00005496      0x1a1 contiki-sky.a(frame802154.o)
 .debug_abbrev  0x00005637       0x14 /opt/msp430-gcc-4.4.5/lib/gcc/msp430/4.4.5/msp2/libgcc.a(_mulsi3hw.o)
 .debug_abbrev  0x0000564b       0x14 /opt/msp430-gcc-4.4.5/lib/gcc/msp430/4.4.5/msp2/libgcc.a(_udivmodsi4.o)
 .debug_abbrev  0x0000565f       0x14 /opt/msp430-gcc-4.4.5/lib/gcc/msp430/4.4.5/msp2/libgcc.a(__init_stack.o)
 .debug_abbrev  0x00005673       0x14 /opt/msp430-gcc-4.4.5/lib/gcc/msp430/4.4.5/msp2/libgcc.a(_copy_data.o)
 .debug_abbrev  0x00005687       0x14 /opt/msp430-gcc-4.4.5/lib/gcc/msp430/4.4.5/msp2/libgcc.a(_clear_bss.o)
 .debug_abbrev  0x0000569b       0x14 /opt/msp430-gcc-4.4.5/lib/gcc/msp430/4.4.5/msp2/libgcc.a(__jump_to_main.o)

.debug_line     0x00000000     0x4050
 *(.debug_line .zdebug_line)
 .debug_line    0x00000000       0x82 hello-world.co
 .debug_line    0x00000082      0x25d obj_sky/contiki-sky-main.o
 .debug_line    0x000002df       0xf1 contiki-sky.a(rimeaddr.o)
 .debug_line    0x000003d0      0x17e contiki-sky.a(rime.o)
 .debug_line    0x0000054e       0x65 contiki-sky.a(rimestats.o)
 .debug_line    0x000005b3      0x12d contiki-sky.a(announcement.o)
 .debug_line    0x000006e0      0x20e contiki-sky.a(broadcast-annou)
 .debug_line    0x000008ee      0x14c contiki-sky.a(broadcast.o)
 .debug_line    0x00000a3a      0x129 contiki-sky.a(abc.o)
 .debug_line    0x00000b63      0x125 contiki-sky.a(chameleon.o)
 .debug_line    0x00000c88      0x126 contiki-sky.a(channel.o)
 .debug_line    0x00000dae      0x1c5 contiki-sky.a(chameleon-bitop)
 .debug_line    0x00000f73      0x255 contiki-sky.a(csma.o)
 .debug_line    0x000011c8      0x369 contiki-sky.a(contikimac.o)
 .debug_line    0x00001531      0x22b contiki-sky.a(phase.o)
 .debug_line    0x0000175c      0x112 contiki-sky.a(process.o)
 .debug_line    0x0000186e       0x89 contiki-sky.a(autostart.o)
 .debug_line    0x000018f7      0x133 contiki-sky.a(compower.o)
 .debug_line    0x00001a2a      0x127 contiki-sky.a(serial-line.o)
 .debug_line    0x00001b51       0x83 contiki-sky.a(memb.o)
 .debug_line    0x00001bd4       0xa3 contiki-sky.a(timer.o)
 .debug_line    0x00001c77       0xe8 contiki-sky.a(list.o)
 .debug_line    0x00001d5f      0x139 contiki-sky.a(etimer.o)
 .debug_line    0x00001e98      0x13e contiki-sky.a(ctimer.o)
 .debug_line    0x00001fd6       0x91 contiki-sky.a(energest.o)
 .debug_line    0x00002067       0x86 contiki-sky.a(rtimer.o)
 .debug_line    0x000020ed       0x4c contiki-sky.a(random.o)
 .debug_line    0x00002139       0xd2 contiki-sky.a(ringbuf.o)
 .debug_line    0x0000220b      0x189 contiki-sky.a(packetbuf.o)
 .debug_line    0x00002394      0x16b contiki-sky.a(queuebuf.o)
 .debug_line    0x000024ff       0xe0 contiki-sky.a(contiki-sky-pla)
 .debug_line    0x000025df      0x152 contiki-sky.a(button-sensor.o)
 .debug_line    0x00002731      0x109 contiki-sky.a(ds2411.o)
 .debug_line    0x0000283a      0x15c contiki-sky.a(xmem.o)
 .debug_line    0x00002996       0x5e contiki-sky.a(node-id.o)
 .debug_line    0x000029f4       0xe6 contiki-sky.a(sensors.o)
 .debug_line    0x00002ada      0x447 contiki-sky.a(cc2420.o)
 .debug_line    0x00002f21      0x17c contiki-sky.a(cc2420-arch.o)
 .debug_line    0x0000309d      0x169 contiki-sky.a(uart1.o)
 .debug_line    0x00003206       0xa3 contiki-sky.a(uart1-putchar.o)
 .debug_line    0x000032a9      0x16e contiki-sky.a(msp430.o)
 .debug_line    0x00003417      0x15d contiki-sky.a(clock.o)
 .debug_line    0x00003574       0xae contiki-sky.a(leds.o)
 .debug_line    0x00003622       0xb3 contiki-sky.a(leds-arch.o)
 .debug_line    0x000036d5       0xe0 contiki-sky.a(watchdog.o)
 .debug_line    0x000037b5       0xf7 contiki-sky.a(rtimer-arch.o)
 .debug_line    0x000038ac       0x69 contiki-sky.a(mac.o)
 .debug_line    0x00003915      0x180 contiki-sky.a(framer-802154.o)
 .debug_line    0x00003a95       0xa6 contiki-sky.a(spi.o)
 .debug_line    0x00003b3b      0x183 contiki-sky.a(frame802154.o)
 .debug_line    0x00003cbe       0x9b /opt/msp430-gcc-4.4.5/lib/gcc/msp430/4.4.5/msp2/libgcc.a(_mulsi3hw.o)
 .debug_line    0x00003d59       0xa5 /opt/msp430-gcc-4.4.5/lib/gcc/msp430/4.4.5/msp2/libgcc.a(_udivmodsi4.o)
 .debug_line    0x00003dfe       0x92 /opt/msp430-gcc-4.4.5/lib/gcc/msp430/4.4.5/msp2/libgcc.a(__init_stack.o)
 .debug_line    0x00003e90       0x97 /opt/msp430-gcc-4.4.5/lib/gcc/msp430/4.4.5/msp2/libgcc.a(_copy_data.o)
 .debug_line    0x00003f27       0x97 /opt/msp430-gcc-4.4.5/lib/gcc/msp430/4.4.5/msp2/libgcc.a(_clear_bss.o)
 .debug_line    0x00003fbe       0x92 /opt/msp430-gcc-4.4.5/lib/gcc/msp430/4.4.5/msp2/libgcc.a(__jump_to_main.o)

.debug_frame    0x00000000     0x1b3a
 *(.debug_frame .zdebug_frame)
 .debug_frame   0x00000000       0x26 hello-world.co
 .debug_frame   0x00000026       0xa6 obj_sky/contiki-sky-main.o
 .debug_frame   0x000000cc       0x38 contiki-sky.a(rimeaddr.o)
 .debug_frame   0x00000104       0x92 contiki-sky.a(rime.o)
 .debug_frame   0x00000196       0xf6 contiki-sky.a(announcement.o)
 .debug_frame   0x0000028c       0xfa contiki-sky.a(broadcast-annou)
 .debug_frame   0x00000386       0x74 contiki-sky.a(broadcast.o)
 .debug_frame   0x000003fa       0x62 contiki-sky.a(abc.o)
 .debug_frame   0x0000045c       0x4a contiki-sky.a(chameleon.o)
 .debug_frame   0x000004a6       0x62 contiki-sky.a(channel.o)
 .debug_frame   0x00000508      0x114 contiki-sky.a(chameleon-bitop)
 .debug_frame   0x0000061c      0x100 contiki-sky.a(csma.o)
 .debug_frame   0x0000071c      0x144 contiki-sky.a(contikimac.o)
 .debug_frame   0x00000860       0xd0 contiki-sky.a(phase.o)
 .debug_frame   0x00000930       0xe0 contiki-sky.a(process.o)
 .debug_frame   0x00000a10       0x38 contiki-sky.a(autostart.o)
 .debug_frame   0x00000a48       0x62 contiki-sky.a(compower.o)
 .debug_frame   0x00000aaa       0x44 contiki-sky.a(serial-line.o)
 .debug_frame   0x00000aee       0x62 contiki-sky.a(memb.o)
 .debug_frame   0x00000b50       0x74 contiki-sky.a(timer.o)
 .debug_frame   0x00000bc4       0xa4 contiki-sky.a(list.o)
 .debug_frame   0x00000c68      0x10a contiki-sky.a(etimer.o)
 .debug_frame   0x00000d72       0xaa contiki-sky.a(ctimer.o)
 .debug_frame   0x00000e1c       0x6e contiki-sky.a(energest.o)
 .debug_frame   0x00000e8a       0x38 contiki-sky.a(rtimer.o)
 .debug_frame   0x00000ec2       0x2c contiki-sky.a(random.o)
 .debug_frame   0x00000eee       0x68 contiki-sky.a(ringbuf.o)
 .debug_frame   0x00000f56      0x152 contiki-sky.a(packetbuf.o)
 .debug_frame   0x000010a8       0xbc contiki-sky.a(queuebuf.o)
 .debug_frame   0x00001164       0x20 contiki-sky.a(contiki-sky-pla)
 .debug_frame   0x00001184       0x68 contiki-sky.a(button-sensor.o)
 .debug_frame   0x000011ec       0x50 contiki-sky.a(ds2411.o)
 .debug_frame   0x0000123c       0xd0 contiki-sky.a(xmem.o)
 .debug_frame   0x0000130c       0x38 contiki-sky.a(node-id.o)
 .debug_frame   0x00001344       0x86 contiki-sky.a(sensors.o)
 .debug_frame   0x000013ca      0x250 contiki-sky.a(cc2420.o)
 .debug_frame   0x0000161a       0x50 contiki-sky.a(cc2420-arch.o)
 .debug_frame   0x0000166a       0x7a contiki-sky.a(uart1.o)
 .debug_frame   0x000016e4       0x26 contiki-sky.a(uart1-putchar.o)
 .debug_frame   0x0000170a       0x98 contiki-sky.a(msp430.o)
 .debug_frame   0x000017a2       0xd4 contiki-sky.a(clock.o)
 .debug_frame   0x00001876       0x92 contiki-sky.a(leds.o)
 .debug_frame   0x00001908       0x3e contiki-sky.a(leds-arch.o)
 .debug_frame   0x00001946       0x5c contiki-sky.a(watchdog.o)
 .debug_frame   0x000019a2       0x68 contiki-sky.a(rtimer-arch.o)
 .debug_frame   0x00001a0a       0x26 contiki-sky.a(mac.o)
 .debug_frame   0x00001a30       0x4e contiki-sky.a(framer-802154.o)
 .debug_frame   0x00001a7e       0x20 contiki-sky.a(spi.o)
 .debug_frame   0x00001a9e       0x9c contiki-sky.a(frame802154.o)

.debug_str      0x00000000     0x34ae
 *(.debug_str .zdebug_str)
 .debug_str     0x00000000      0x234 hello-world.co
                                0x29e (size before relaxing)
 .debug_str     0x00000234      0x1fc obj_sky/contiki-sky-main.o
                                0x48d (size before relaxing)
 .debug_str     0x00000430       0x75 contiki-sky.a(rimeaddr.o)
                                0x14e (size before relaxing)
 .debug_str     0x000004a5      0x19e contiki-sky.a(rime.o)
                                0x370 (size before relaxing)
 .debug_str     0x00000643       0x20 contiki-sky.a(rimestats.o)
                                 0xf9 (size before relaxing)
 .debug_str     0x00000663      0x19f contiki-sky.a(announcement.o)
                                0x2d4 (size before relaxing)
 .debug_str     0x00000802      0x1cd contiki-sky.a(broadcast-annou)
                                0x54e (size before relaxing)
 .debug_str     0x000009cf      0x347 contiki-sky.a(broadcast.o)
                                0x652 (size before relaxing)
 .debug_str     0x00000d16       0x49 contiki-sky.a(abc.o)
                                0x5e3 (size before relaxing)
 .debug_str     0x00000d5f       0x97 contiki-sky.a(chameleon.o)
                                0x4d3 (size before relaxing)
 .debug_str     0x00000df6       0x8b contiki-sky.a(channel.o)
                                0x1f5 (size before relaxing)
 .debug_str     0x00000e81       0xc4 contiki-sky.a(chameleon-bitop)
                                0x56a (size before relaxing)
 .debug_str     0x00000f45      0x164 contiki-sky.a(csma.o)
                                0x740 (size before relaxing)
 .debug_str     0x000010a9      0x3f7 contiki-sky.a(contikimac.o)
                                0xa16 (size before relaxing)
 .debug_str     0x000014a0       0xfc contiki-sky.a(phase.o)
                                0x405 (size before relaxing)
 .debug_str     0x0000159c      0x16f contiki-sky.a(process.o)
                                0x28c (size before relaxing)
 .debug_str     0x0000170b       0x3a contiki-sky.a(autostart.o)
                                0x144 (size before relaxing)
 .debug_str     0x00001745       0x91 contiki-sky.a(compower.o)
                                0x601 (size before relaxing)
 .debug_str     0x000017d6       0xb4 contiki-sky.a(serial-line.o)
                                0x32a (size before relaxing)
 .debug_str     0x0000188a       0x46 contiki-sky.a(memb.o)
                                0x109 (size before relaxing)
 .debug_str     0x000018d0       0x27 contiki-sky.a(timer.o)
                                0x133 (size before relaxing)
 .debug_str     0x000018f7       0xa8 contiki-sky.a(list.o)
                                 0xf7 (size before relaxing)
 .debug_str     0x0000199f      0x133 contiki-sky.a(etimer.o)
                                0x299 (size before relaxing)
 .debug_str     0x00001ad2       0xb9 contiki-sky.a(ctimer.o)
                                0x354 (size before relaxing)
 .debug_str     0x00001b8b       0x9b contiki-sky.a(energest.o)
                                0x2dc (size before relaxing)
 .debug_str     0x00001c26       0x54 contiki-sky.a(rtimer.o)
                                0x2ad (size before relaxing)
 .debug_str     0x00001c7a       0x35 contiki-sky.a(random.o)
                                 0xe8 (size before relaxing)
 .debug_str     0x00001caf       0x5c contiki-sky.a(ringbuf.o)
                                0x146 (size before relaxing)
 .debug_str     0x00001d0b      0x1df contiki-sky.a(packetbuf.o)
                                0x731 (size before relaxing)
 .debug_str     0x00001eea      0x123 contiki-sky.a(queuebuf.o)
                                0x698 (size before relaxing)
 .debug_str     0x0000200d       0x6f contiki-sky.a(contiki-sky-pla)
                                0x2c0 (size before relaxing)
 .debug_str     0x0000207c      0x129 contiki-sky.a(button-sensor.o)
                                0x3c0 (size before relaxing)
 .debug_str     0x000021a5       0x59 contiki-sky.a(ds2411.o)
                                0x26b (size before relaxing)
 .debug_str     0x000021fe      0x106 contiki-sky.a(xmem.o)
                                0x34c (size before relaxing)
 .debug_str     0x00002304       0x3c contiki-sky.a(node-id.o)
                                 0xf7 (size before relaxing)
 .debug_str     0x00002340       0xa2 contiki-sky.a(sensors.o)
                                0x33f (size before relaxing)
 .debug_str     0x000023e2      0x7d4 contiki-sky.a(cc2420.o)
                                0xfb4 (size before relaxing)
 .debug_str     0x00002bb6       0x4a contiki-sky.a(cc2420-arch.o)
                                0x30a (size before relaxing)
 .debug_str     0x00002c00      0x138 contiki-sky.a(uart1.o)
                                0x38f (size before relaxing)
 .debug_str     0x00002d38       0x2d contiki-sky.a(uart1-putchar.o)
                                 0xe0 (size before relaxing)
 .debug_str     0x00002d65      0x17a contiki-sky.a(msp430.o)
                                0x3a3 (size before relaxing)
 .debug_str     0x00002edf       0xe6 contiki-sky.a(clock.o)
                                0x360 (size before relaxing)
 .debug_str     0x00002fc5       0x6c contiki-sky.a(leds.o)
                                0x2bc (size before relaxing)
 .debug_str     0x00003031       0x66 contiki-sky.a(leds-arch.o)
                                0x11e (size before relaxing)
 .debug_str     0x00003097       0x95 contiki-sky.a(watchdog.o)
                                0x284 (size before relaxing)
 .debug_str     0x0000312c       0x7e contiki-sky.a(rtimer-arch.o)
                                0x2c2 (size before relaxing)
 .debug_str     0x000031aa       0x30 contiki-sky.a(mac.o)
                                0x159 (size before relaxing)
 .debug_str     0x000031da      0x193 contiki-sky.a(framer-802154.o)
                                0x61e (size before relaxing)
 .debug_str     0x0000336d       0x77 contiki-sky.a(spi.o)
                                0x155 (size before relaxing)
 .debug_str     0x000033e4       0xca contiki-sky.a(frame802154.o)
                                0x307 (size before relaxing)

.debug_loc      0x00000000     0x33c7
 *(.debug_loc .zdebug_loc)
 .debug_loc     0x00000000       0x4a hello-world.co
 .debug_loc     0x0000004a      0x12b obj_sky/contiki-sky-main.o
 .debug_loc     0x00000175       0x20 contiki-sky.a(rimeaddr.o)
 .debug_loc     0x00000195      0x130 contiki-sky.a(rime.o)
 .debug_loc     0x000002c5      0x1b2 contiki-sky.a(announcement.o)
 .debug_loc     0x00000477      0x1d4 contiki-sky.a(broadcast-annou)
 .debug_loc     0x0000064b       0xf7 contiki-sky.a(broadcast.o)
 .debug_loc     0x00000742       0xb1 contiki-sky.a(abc.o)
 .debug_loc     0x000007f3       0x47 contiki-sky.a(chameleon.o)
 .debug_loc     0x0000083a       0xb2 contiki-sky.a(channel.o)
 .debug_loc     0x000008ec      0x40c contiki-sky.a(chameleon-bitop)
 .debug_loc     0x00000cf8      0x1d1 contiki-sky.a(csma.o)
 .debug_loc     0x00000ec9      0x377 contiki-sky.a(contikimac.o)
 .debug_loc     0x00001240      0x1f4 contiki-sky.a(phase.o)
 .debug_loc     0x00001434      0x1cd contiki-sky.a(process.o)
 .debug_loc     0x00001601       0x4c contiki-sky.a(autostart.o)
 .debug_loc     0x0000164d       0x46 contiki-sky.a(compower.o)
 .debug_loc     0x00001693       0xd1 contiki-sky.a(serial-line.o)
 .debug_loc     0x00001764      0x100 contiki-sky.a(memb.o)
 .debug_loc     0x00001864       0xb1 contiki-sky.a(timer.o)
 .debug_loc     0x00001915      0x137 contiki-sky.a(list.o)
 .debug_loc     0x00001a4c      0x230 contiki-sky.a(etimer.o)
 .debug_loc     0x00001c7c      0x1d7 contiki-sky.a(ctimer.o)
 .debug_loc     0x00001e53       0x6f contiki-sky.a(energest.o)
 .debug_loc     0x00001ec2       0x41 contiki-sky.a(rtimer.o)
 .debug_loc     0x00001f03        0xb contiki-sky.a(random.o)
 .debug_loc     0x00001f0e       0x84 contiki-sky.a(ringbuf.o)
 .debug_loc     0x00001f92      0x18c contiki-sky.a(packetbuf.o)
 .debug_loc     0x0000211e      0x121 contiki-sky.a(queuebuf.o)
 .debug_loc     0x0000223f       0x8b contiki-sky.a(button-sensor.o)
 .debug_loc     0x000022ca       0xd9 contiki-sky.a(ds2411.o)
 .debug_loc     0x000023a3      0x351 contiki-sky.a(xmem.o)
 .debug_loc     0x000026f4       0x4a contiki-sky.a(node-id.o)
 .debug_loc     0x0000273e      0x133 contiki-sky.a(sensors.o)
 .debug_loc     0x00002871      0x514 contiki-sky.a(cc2420.o)
 .debug_loc     0x00002d85       0x3c contiki-sky.a(cc2420-arch.o)
 .debug_loc     0x00002dc1       0xaa contiki-sky.a(uart1.o)
 .debug_loc     0x00002e6b       0x26 contiki-sky.a(uart1-putchar.o)
 .debug_loc     0x00002e91       0x56 contiki-sky.a(msp430.o)
 .debug_loc     0x00002ee7       0xba contiki-sky.a(clock.o)
 .debug_loc     0x00002fa1       0xa1 contiki-sky.a(leds.o)
 .debug_loc     0x00003042       0x1f contiki-sky.a(leds-arch.o)
 .debug_loc     0x00003061       0x68 contiki-sky.a(rtimer-arch.o)
 .debug_loc     0x000030c9       0x71 contiki-sky.a(mac.o)
 .debug_loc     0x0000313a       0x7f contiki-sky.a(framer-802154.o)
 .debug_loc     0x000031b9      0x20e contiki-sky.a(frame802154.o)

.debug_macinfo
 *(.debug_macinfo .zdebug_macinfo)

.debug_pubtypes
 *(.debug_pubtypes)

.debug_ranges   0x00000000       0x48
 *(.debug_ranges)
 .debug_ranges  0x00000000        0xc contiki-sky.a(broadcast-annou)
 .debug_ranges  0x0000000c       0x24 contiki-sky.a(chameleon-bitop)
 .debug_ranges  0x00000030       0x18 contiki-sky.a(contikimac.o)
                0x00003900                PROVIDE (__stack, 0x3900)
                0x00009852                PROVIDE (__data_start_rom, _etext)
                0x000098c6                PROVIDE (__data_end_rom, (_etext + SIZEOF (.data)))
                0x000098c6                PROVIDE (__noinit_start_rom, (_etext + SIZEOF (.data)))
                0x000098c6                PROVIDE (__noinit_end_rom, ((_etext + SIZEOF (.data)) + SIZEOF (.noinit)))
                0x00000000                PROVIDE (__subdevice_has_heap, 0x0)
OUTPUT(hello-world.sky elf32-msp430)
