Archive member included because of file (symbol)

contiki-minimal-net.a(webserver-nogui)
                              webserver-example.co (webserver_nogui_process)
contiki-minimal-net.a(httpd.o)
                              contiki-minimal-net.a(webserver-nogui) (httpd_appcall)
contiki-minimal-net.a(http-strings.o)
                              contiki-minimal-net.a(httpd.o) (http_get)
contiki-minimal-net.a(httpd-fs.o)
                              contiki-minimal-net.a(httpd.o) (httpd_fs_open)
contiki-minimal-net.a(httpd-cgi.o)
                              contiki-minimal-net.a(httpd.o) (httpd_cgi)
contiki-minimal-net.a(contiki-main.o)
                              /usr/lib/i386-linux-gnu/gcc/i686-linux-gnu/4.5.2/../../../crt1.o (main)
contiki-minimal-net.a(clock.o)
                              contiki-minimal-net.a(contiki-main.o) (clock_init)
contiki-minimal-net.a(tapdev-drv.o)
                              contiki-minimal-net.a(contiki-main.o) (tapdev_process)
contiki-minimal-net.a(tapdev.o)
                              contiki-minimal-net.a(tapdev-drv.o) (tapdev_init)
contiki-minimal-net.a(process.o)
                              contiki-minimal-net.a(contiki-main.o) (process_init)
contiki-minimal-net.a(procinit.o)
                              contiki-minimal-net.a(contiki-main.o) (procinit_init)
contiki-minimal-net.a(autostart.o)
                              contiki-minimal-net.a(contiki-main.o) (autostart_start)
contiki-minimal-net.a(serial-line.o)
                              contiki-minimal-net.a(contiki-main.o) (serial_line_input_byte)
contiki-minimal-net.a(memb.o)
                              contiki-minimal-net.a(httpd.o) (memb_init)
contiki-minimal-net.a(etimer.o)
                              contiki-minimal-net.a(contiki-main.o) (etimer_request_poll)
contiki-minimal-net.a(ctimer.o)
                              contiki-minimal-net.a(contiki-main.o) (ctimer_init)
contiki-minimal-net.a(ringbuf.o)
                              contiki-minimal-net.a(serial-line.o) (ringbuf_init)
contiki-minimal-net.a(uip.o)  contiki-minimal-net.a(httpd.o) (uip_conn)
contiki-minimal-net.a(tcpip.o)
                              contiki-minimal-net.a(webserver-nogui) (tcpip_event)
contiki-minimal-net.a(psock.o)
                              contiki-minimal-net.a(httpd.o) (psock_send)
contiki-minimal-net.a(uip_arp.o)
                              contiki-minimal-net.a(tapdev-drv.o) (uip_arp_arpin)
contiki-minimal-net.a(timer.o)
                              contiki-minimal-net.a(etimer.o) (timer_set)
contiki-minimal-net.a(list.o)
                              contiki-minimal-net.a(ctimer.o) (list_init)
/usr/lib/i386-linux-gnu/libc_nonshared.a(elf-init.oS)
                              /usr/lib/i386-linux-gnu/gcc/i686-linux-gnu/4.5.2/../../../crt1.o (__libc_csu_init)
/usr/lib/i386-linux-gnu/libc_nonshared.a(atexit.oS)
                              contiki-minimal-net.a(tapdev.o) (atexit)

Allocating common symbols
Common symbol       size              file

uip_acc32           0x4               contiki-minimal-net.a(uip.o)
serial_line_event_message
                    0x1               contiki-minimal-net.a(serial-line.o)
uip_conns           0x5a0             contiki-minimal-net.a(uip.o)
uip_slen            0x2               contiki-minimal-net.a(uip.o)
uip_appdata         0x4               contiki-minimal-net.a(uip.o)
uip_len             0x2               contiki-minimal-net.a(uip.o)
uip_listenports     0x50              contiki-minimal-net.a(uip.o)
uip_sappdata        0x4               contiki-minimal-net.a(uip.o)
uip_draddr          0x4               contiki-minimal-net.a(uip.o)
uip_udp_conns       0xc8              contiki-minimal-net.a(uip.o)
uip_udp_conn        0x4               contiki-minimal-net.a(uip.o)
uip_hostaddr        0x4               contiki-minimal-net.a(uip.o)
uip_aligned_buf     0x510             contiki-minimal-net.a(uip.o)
uip_netmask         0x4               contiki-minimal-net.a(uip.o)
uip_conn            0x4               contiki-minimal-net.a(uip.o)
uip_flags           0x1               contiki-minimal-net.a(uip.o)
tcpip_event         0x1               contiki-minimal-net.a(tcpip.o)

Discarded input sections

 .note.GNU-stack
                0x0000000000000000        0x0 /usr/lib/i386-linux-gnu/gcc/i686-linux-gnu/4.5.2/../../../crt1.o
 .gnu_debuglink
                0x0000000000000000        0xc /usr/lib/i386-linux-gnu/gcc/i686-linux-gnu/4.5.2/../../../crt1.o
 .note.GNU-stack
                0x0000000000000000        0x0 /usr/lib/i386-linux-gnu/gcc/i686-linux-gnu/4.5.2/../../../crti.o
 .gnu_debuglink
                0x0000000000000000        0xc /usr/lib/i386-linux-gnu/gcc/i686-linux-gnu/4.5.2/../../../crti.o
 .note.GNU-stack
                0x0000000000000000        0x0 /usr/lib/i386-linux-gnu/gcc/i686-linux-gnu/4.5.2/crtbegin.o
 .note.GNU-stack
                0x0000000000000000        0x0 webserver-example.co
 .note.GNU-stack
                0x0000000000000000        0x0 contiki-minimal-net.a(webserver-nogui)
 .note.GNU-stack
                0x0000000000000000        0x0 contiki-minimal-net.a(httpd.o)
 .note.GNU-stack
                0x0000000000000000        0x0 contiki-minimal-net.a(http-strings.o)
 .note.GNU-stack
                0x0000000000000000        0x0 contiki-minimal-net.a(httpd-fs.o)
 .note.GNU-stack
                0x0000000000000000        0x0 contiki-minimal-net.a(httpd-cgi.o)
 .note.GNU-stack
                0x0000000000000000        0x0 contiki-minimal-net.a(contiki-main.o)
 .note.GNU-stack
                0x0000000000000000        0x0 contiki-minimal-net.a(clock.o)
 .note.GNU-stack
                0x0000000000000000        0x0 contiki-minimal-net.a(tapdev-drv.o)
 .note.GNU-stack
                0x0000000000000000        0x0 contiki-minimal-net.a(tapdev.o)
 .note.GNU-stack
                0x0000000000000000        0x0 contiki-minimal-net.a(process.o)
 .note.GNU-stack
                0x0000000000000000        0x0 contiki-minimal-net.a(procinit.o)
 .note.GNU-stack
                0x0000000000000000        0x0 contiki-minimal-net.a(autostart.o)
 .note.GNU-stack
                0x0000000000000000        0x0 contiki-minimal-net.a(serial-line.o)
 .note.GNU-stack
                0x0000000000000000        0x0 contiki-minimal-net.a(memb.o)
 .note.GNU-stack
                0x0000000000000000        0x0 contiki-minimal-net.a(etimer.o)
 .note.GNU-stack
                0x0000000000000000        0x0 contiki-minimal-net.a(ctimer.o)
 .note.GNU-stack
                0x0000000000000000        0x0 contiki-minimal-net.a(ringbuf.o)
 .note.GNU-stack
                0x0000000000000000        0x0 contiki-minimal-net.a(uip.o)
 .note.GNU-stack
                0x0000000000000000        0x0 contiki-minimal-net.a(tcpip.o)
 .note.GNU-stack
                0x0000000000000000        0x0 contiki-minimal-net.a(psock.o)
 .note.GNU-stack
                0x0000000000000000        0x0 contiki-minimal-net.a(uip_arp.o)
 .note.GNU-stack
                0x0000000000000000        0x0 contiki-minimal-net.a(timer.o)
 .note.GNU-stack
                0x0000000000000000        0x0 contiki-minimal-net.a(list.o)
 .group         0x0000000000000000        0x8 /usr/lib/i386-linux-gnu/libc_nonshared.a(elf-init.oS)
 .note.GNU-stack
                0x0000000000000000        0x0 /usr/lib/i386-linux-gnu/libc_nonshared.a(elf-init.oS)
 .group         0x0000000000000000        0x8 /usr/lib/i386-linux-gnu/libc_nonshared.a(atexit.oS)
 .text.__i686.get_pc_thunk.bx
                0x0000000000000000        0x4 /usr/lib/i386-linux-gnu/libc_nonshared.a(atexit.oS)
 .note.GNU-stack
                0x0000000000000000        0x0 /usr/lib/i386-linux-gnu/libc_nonshared.a(atexit.oS)
 .note.GNU-stack
                0x0000000000000000        0x0 /usr/lib/i386-linux-gnu/gcc/i686-linux-gnu/4.5.2/crtend.o
 .note.GNU-stack
                0x0000000000000000        0x0 /usr/lib/i386-linux-gnu/gcc/i686-linux-gnu/4.5.2/../../../crtn.o
 .gnu_debuglink
                0x0000000000000000        0xc /usr/lib/i386-linux-gnu/gcc/i686-linux-gnu/4.5.2/../../../crtn.o

Memory Configuration

Name             Origin             Length             Attributes
*default*        0x0000000000000000 0xffffffffffffffff

Linker script and memory map

LOAD /usr/lib/i386-linux-gnu/gcc/i686-linux-gnu/4.5.2/../../../crt1.o
LOAD /usr/lib/i386-linux-gnu/gcc/i686-linux-gnu/4.5.2/../../../crti.o
LOAD /usr/lib/i386-linux-gnu/gcc/i686-linux-gnu/4.5.2/crtbegin.o
LOAD webserver-example.co
LOAD contiki-minimal-net.a
LOAD /usr/lib/i386-linux-gnu/gcc/i686-linux-gnu/4.5.2/libgcc.a
LOAD /usr/lib/i386-linux-gnu/gcc/i686-linux-gnu/4.5.2/libgcc_s.so
LOAD /usr/lib/i386-linux-gnu/gcc/i686-linux-gnu/4.5.2/../../../libc.so
START GROUP
LOAD /lib/i386-linux-gnu/libc.so.6
LOAD /usr/lib/i386-linux-gnu/libc_nonshared.a
LOAD /lib/i386-linux-gnu/ld-linux.so.2
END GROUP
LOAD /usr/lib/i386-linux-gnu/gcc/i686-linux-gnu/4.5.2/libgcc.a
LOAD /usr/lib/i386-linux-gnu/gcc/i686-linux-gnu/4.5.2/libgcc_s.so
LOAD /usr/lib/i386-linux-gnu/gcc/i686-linux-gnu/4.5.2/crtend.o
LOAD /usr/lib/i386-linux-gnu/gcc/i686-linux-gnu/4.5.2/../../../crtn.o
                0x0000000008048000                PROVIDE (__executable_start, 0x8048000)
                0x0000000008048134                . = (0x8048000 + SIZEOF_HEADERS)

.interp         0x0000000008048134       0x13
 *(.interp)
 .interp        0x0000000008048134       0x13 /usr/lib/i386-linux-gnu/gcc/i686-linux-gnu/4.5.2/../../../crt1.o

.note.ABI-tag   0x0000000008048148       0x20
 .note.ABI-tag  0x0000000008048148       0x20 /usr/lib/i386-linux-gnu/gcc/i686-linux-gnu/4.5.2/../../../crt1.o

.note.gnu.build-id
                0x0000000008048168       0x24
 *(.note.gnu.build-id)
 .note.gnu.build-id
                0x0000000008048168       0x24 /usr/lib/i386-linux-gnu/gcc/i686-linux-gnu/4.5.2/../../../crt1.o

.hash
 *(.hash)

.gnu.hash       0x000000000804818c      0x758
 *(.gnu.hash)
 .gnu.hash      0x000000000804818c      0x758 /usr/lib/i386-linux-gnu/gcc/i686-linux-gnu/4.5.2/../../../crt1.o

.dynsym         0x00000000080488e4      0xe90
 *(.dynsym)
 .dynsym        0x00000000080488e4      0xe90 /usr/lib/i386-linux-gnu/gcc/i686-linux-gnu/4.5.2/../../../crt1.o

.dynstr         0x0000000008049774      0xb9b
 *(.dynstr)
 .dynstr        0x0000000008049774      0xb9b /usr/lib/i386-linux-gnu/gcc/i686-linux-gnu/4.5.2/../../../crt1.o

.gnu.version    0x000000000804a310      0x1d2
 *(.gnu.version)
 .gnu.version   0x000000000804a310      0x1d2 /usr/lib/i386-linux-gnu/gcc/i686-linux-gnu/4.5.2/../../../crt1.o

.gnu.version_d  0x000000000804a4e4        0x0
 *(.gnu.version_d)
 .gnu.version_d
                0x0000000000000000        0x0 /usr/lib/i386-linux-gnu/gcc/i686-linux-gnu/4.5.2/../../../crt1.o

.gnu.version_r  0x000000000804a4e4       0x50
 *(.gnu.version_r)
 .gnu.version_r
                0x000000000804a4e4       0x50 /usr/lib/i386-linux-gnu/gcc/i686-linux-gnu/4.5.2/../../../crt1.o

.rel.dyn        0x000000000804a534       0x10
 *(.rel.init)
 *(.rel.text .rel.text.* .rel.gnu.linkonce.t.*)
 .rel.text      0x0000000000000000        0x0 /usr/lib/i386-linux-gnu/gcc/i686-linux-gnu/4.5.2/../../../crt1.o
 *(.rel.fini)
 *(.rel.rodata .rel.rodata.* .rel.gnu.linkonce.r.*)
 .rel.rodata    0x0000000000000000        0x0 /usr/lib/i386-linux-gnu/gcc/i686-linux-gnu/4.5.2/../../../crt1.o
 *(.rel.data.rel.ro* .rel.gnu.linkonce.d.rel.ro.*)
 *(.rel.data .rel.data.* .rel.gnu.linkonce.d.*)
 .rel.data      0x0000000000000000        0x0 /usr/lib/i386-linux-gnu/gcc/i686-linux-gnu/4.5.2/../../../crt1.o
 *(.rel.tdata .rel.tdata.* .rel.gnu.linkonce.td.*)
 *(.rel.tbss .rel.tbss.* .rel.gnu.linkonce.tb.*)
 *(.rel.ctors)
 *(.rel.dtors)
 *(.rel.got)
 .rel.got       0x000000000804a534        0x8 /usr/lib/i386-linux-gnu/gcc/i686-linux-gnu/4.5.2/../../../crt1.o
 *(.rel.bss .rel.bss.* .rel.gnu.linkonce.b.*)
 .rel.bss       0x000000000804a53c        0x8 /usr/lib/i386-linux-gnu/gcc/i686-linux-gnu/4.5.2/../../../crt1.o
 *(.rel.ifunc)

.rel.plt        0x000000000804a544       0xd0
 *(.rel.plt)
 .rel.plt       0x000000000804a544       0xd0 /usr/lib/i386-linux-gnu/gcc/i686-linux-gnu/4.5.2/../../../crt1.o
                0x000000000804a614                PROVIDE (__rel_iplt_start, .)
 *(.rel.iplt)
 .rel.iplt      0x0000000000000000        0x0 /usr/lib/i386-linux-gnu/gcc/i686-linux-gnu/4.5.2/../../../crt1.o
                0x000000000804a614                PROVIDE (__rel_iplt_end, .)

.init           0x000000000804a614       0x30
 *(.init)
 .init          0x000000000804a614       0x22 /usr/lib/i386-linux-gnu/gcc/i686-linux-gnu/4.5.2/../../../crti.o
                0x000000000804a614                _init
 .init          0x000000000804a636        0x5 /usr/lib/i386-linux-gnu/gcc/i686-linux-gnu/4.5.2/crtbegin.o
 .init          0x000000000804a63b        0x5 /usr/lib/i386-linux-gnu/gcc/i686-linux-gnu/4.5.2/crtend.o
 .init          0x000000000804a640        0x4 /usr/lib/i386-linux-gnu/gcc/i686-linux-gnu/4.5.2/../../../crtn.o

.plt            0x000000000804a644      0x1b0
 *(.plt)
 .plt           0x000000000804a644      0x1b0 /usr/lib/i386-linux-gnu/gcc/i686-linux-gnu/4.5.2/../../../crt1.o
                0x000000000804a654                open@@GLIBC_2.0
                0x000000000804a664                __cxa_atexit@@GLIBC_2.1.3
                0x000000000804a684                __printf_chk@@GLIBC_2.3.4
                0x000000000804a694                strchr@@GLIBC_2.0
                0x000000000804a6a4                system@@GLIBC_2.0
                0x000000000804a6b4                strncpy@@GLIBC_2.0
                0x000000000804a6c4                write@@GLIBC_2.0
                0x000000000804a6d4                memset@@GLIBC_2.0
                0x000000000804a6e4                __libc_start_main@@GLIBC_2.0
                0x000000000804a6f4                strrchr@@GLIBC_2.0
                0x000000000804a704                read@@GLIBC_2.0
                0x000000000804a714                perror@@GLIBC_2.0
                0x000000000804a724                gettimeofday@@GLIBC_2.0
                0x000000000804a734                ioctl@@GLIBC_2.0
                0x000000000804a744                memcpy@@GLIBC_2.0
                0x000000000804a754                __strcpy_chk@@GLIBC_2.3.4
                0x000000000804a764                select@@GLIBC_2.0
                0x000000000804a774                setvbuf@@GLIBC_2.0
                0x000000000804a784                __stack_chk_fail@@GLIBC_2.4
                0x000000000804a794                puts@@GLIBC_2.0
                0x000000000804a7a4                __sprintf_chk@@GLIBC_2.3.4
                0x000000000804a7b4                strncmp@@GLIBC_2.0
                0x000000000804a7c4                __snprintf_chk@@GLIBC_2.3.4
                0x000000000804a7d4                snprintf@@GLIBC_2.0
                0x000000000804a7e4                exit@@GLIBC_2.0
 *(.iplt)
 .iplt          0x0000000000000000        0x0 /usr/lib/i386-linux-gnu/gcc/i686-linux-gnu/4.5.2/../../../crt1.o

.text           0x000000000804a800     0x4f8c
 *(.text.unlikely .text.*_unlikely)
 *(.text.exit .text.exit.*)
 *(.text.startup .text.startup.*)
 *(.text.hot .text.hot.*)
 *(.text .stub .text.* .gnu.linkonce.t.*)
 .text          0x000000000804a800       0x24 /usr/lib/i386-linux-gnu/gcc/i686-linux-gnu/4.5.2/../../../crt1.o
                0x000000000804a800                _start
 .text          0x000000000804a824        0x0 /usr/lib/i386-linux-gnu/gcc/i686-linux-gnu/4.5.2/../../../crti.o
 *fill*         0x000000000804a824        0xc 90909090
 .text          0x000000000804a830       0x83 /usr/lib/i386-linux-gnu/gcc/i686-linux-gnu/4.5.2/crtbegin.o
 *fill*         0x000000000804a8b3        0x1 90909090
 .text          0x000000000804a8b4        0x0 webserver-example.co
 *fill*         0x000000000804a8b4        0xc 90909090
 .text          0x000000000804a8c0       0xf6 contiki-minimal-net.a(webserver-nogui)
                0x000000000804a91b                webserver_log_file
                0x000000000804a99b                webserver_log
 *fill*         0x000000000804a9b6        0xa 90909090
 .text          0x000000000804a9c0      0x889 contiki-minimal-net.a(httpd.o)
                0x000000000804b11d                httpd_appcall
                0x000000000804b224                httpd_init
 *fill*         0x000000000804b249        0x3 90909090
 .text          0x000000000804b24c        0x0 contiki-minimal-net.a(http-strings.o)
 .text          0x000000000804b24c      0x152 contiki-minimal-net.a(httpd-fs.o)
                0x000000000804b2b7                httpd_fs_open
                0x000000000804b30e                httpd_fs_init
                0x000000000804b35b                httpd_fs_count
 *fill*         0x000000000804b39e        0x2 90909090
 .text          0x000000000804b3a0      0x46e contiki-minimal-net.a(httpd-cgi.o)
                0x000000000804b75b                httpd_cgi
                0x000000000804b7b8                httpd_cgi_add
                0x000000000804b7e2                httpd_cgi_init
 *fill*         0x000000000804b80e        0x2 90909090
 .text          0x000000000804b810      0x316 contiki-minimal-net.a(contiki-main.o)
                0x000000000804b810                main
                0x000000000804bac3                log_message
                0x000000000804baed                uip_log
                0x000000000804bb10                sensors_light1
 *fill*         0x000000000804bb26        0x2 90909090
 .text          0x000000000804bb28       0xc1 contiki-minimal-net.a(clock.o)
                0x000000000804bb28                clock_init
                0x000000000804bb65                clock_time
                0x000000000804bb9d                clock_seconds
                0x000000000804bbe4                clock_delay
 *fill*         0x000000000804bbe9        0x7 90909090
 .text          0x000000000804bbf0      0x104 contiki-minimal-net.a(tapdev-drv.o)
                0x000000000804bcdd                tapdev_output
 .text          0x000000000804bcf4      0x288 contiki-minimal-net.a(tapdev.o)
                0x000000000804bd51                tapdev_init
                0x000000000804be70                tapdev_poll
                0x000000000804bf2e                tapdev_send
                0x000000000804bf77                tapdev_exit
 *fill*         0x000000000804bf7c        0x4 90909090
 .text          0x000000000804bf80      0x3fe contiki-minimal-net.a(process.o)
                0x000000000804bf80                process_alloc_event
                0x000000000804bf95                process_init
                0x000000000804bfc3                process_nevents
                0x000000000804bfdb                process_post
                0x000000000804c036                process_poll
                0x000000000804c059                process_is_running
                0x000000000804c1af                process_post_synch
                0x000000000804c1d7                process_start
                0x000000000804c270                process_run
                0x000000000804c368                process_exit
 *fill*         0x000000000804c37e        0x2 90909090
 .text          0x000000000804c380       0x39 contiki-minimal-net.a(procinit.o)
                0x000000000804c380                procinit_init
 *fill*         0x000000000804c3b9        0x3 90909090
 .text          0x000000000804c3bc       0x58 contiki-minimal-net.a(autostart.o)
                0x000000000804c3bc                autostart_start
                0x000000000804c3ec                autostart_exit
 .text          0x000000000804c414      0x1b4 contiki-minimal-net.a(serial-line.o)
                0x000000000804c51c                serial_line_input_byte
                0x000000000804c590                serial_line_init
 *fill*         0x000000000804c5c8        0x8 90909090
 .text          0x000000000804c5d0      0x154 contiki-minimal-net.a(memb.o)
                0x000000000804c5d0                memb_init
                0x000000000804c61c                memb_alloc
                0x000000000804c673                memb_free
                0x000000000804c6e6                memb_inmemb
 *fill*         0x000000000804c724        0xc 90909090
 .text          0x000000000804c730      0x30b contiki-minimal-net.a(etimer.o)
                0x000000000804c786                etimer_request_poll
                0x000000000804c90f                etimer_set
                0x000000000804c935                etimer_reset
                0x000000000804c954                etimer_restart
                0x000000000804c973                etimer_adjust
                0x000000000804c988                etimer_expired
                0x000000000804c99a                etimer_expiration_time
                0x000000000804c9a7                etimer_start_time
                0x000000000804c9b1                etimer_pending
                0x000000000804c9c3                etimer_next_expiration_time
                0x000000000804c9db                etimer_stop
 *fill*         0x000000000804ca3b        0x5 90909090
 .text          0x000000000804ca40      0x2f4 contiki-minimal-net.a(ctimer.o)
                0x000000000804cb1f                ctimer_init
                0x000000000804cb4e                ctimer_set
                0x000000000804cbcc                ctimer_reset
                0x000000000804cc2f                ctimer_restart
                0x000000000804cc92                ctimer_stop
                0x000000000804ccd6                ctimer_expired
 .text          0x000000000804cd34       0xf9 contiki-minimal-net.a(ringbuf.o)
                0x000000000804cd34                ringbuf_init
                0x000000000804cd53                ringbuf_put
                0x000000000804cdb2                ringbuf_get
                0x000000000804ce06                ringbuf_size
                0x000000000804ce15                ringbuf_elements
 *fill*         0x000000000804ce2d        0x3 90909090
 .text          0x000000000804ce30     0x16a0 contiki-minimal-net.a(uip.o)
                0x000000000804ce81                uip_setipid
                0x000000000804ce8f                uip_add32
                0x000000000804cf87                uip_init
                0x000000000804cfdc                uip_unlisten
                0x000000000804d03d                uip_listen
                0x000000000804d09e                uip_htons
                0x000000000804d0ab                uip_udp_new
                0x000000000804d1b7                uip_connect
                0x000000000804d326                uip_tcpchksum
                0x000000000804d384                uip_ipchksum
                0x000000000804d3b7                uip_process
                0x000000000804e447                uip_chksum
                0x000000000804e46b                uip_htonl
                0x000000000804e488                uip_send
 .text          0x000000000804e4d0      0x5d0 contiki-minimal-net.a(tcpip.o)
                0x000000000804e4f4                tcpip_output
                0x000000000804e7ac                tcpip_set_outputfunc
                0x000000000804e7b9                tcp_unlisten
                0x000000000804e818                tcp_listen
                0x000000000804e895                tcp_attach
                0x000000000804e8ac                udp_attach
                0x000000000804e8c3                udp_new
                0x000000000804e8f1                udp_broadcast_new
                0x000000000804e94f                tcpip_input
                0x000000000804e97c                tcpip_poll_udp
                0x000000000804e99f                tcpip_poll_tcp
                0x000000000804e9c2                tcp_connect
                0x000000000804ea00                tcpip_uipcall
 .text          0x000000000804eaa0      0x494 contiki-minimal-net.a(psock.o)
                0x000000000804eaab                psock_send
                0x000000000804ebae                psock_generator_send
                0x000000000804ec65                psock_datalen
                0x000000000804ec74                psock_newdata
                0x000000000804eca3                psock_readto
                0x000000000804edad                psock_readbuf_len
                0x000000000804eefe                psock_init
 .text          0x000000000804ef34      0x55a contiki-minimal-net.a(uip_arp.o)
                0x000000000804f0bd                uip_arp_init
                0x000000000804f0f2                uip_arp_timer
                0x000000000804f16c                uip_arp_arpin
                0x000000000804f293                uip_arp_out
 *fill*         0x000000000804f48e        0x2 90909090
 .text          0x000000000804f490       0x7d contiki-minimal-net.a(timer.o)
                0x000000000804f490                timer_set
                0x000000000804f4ad                timer_reset
                0x000000000804f4ba                timer_restart
                0x000000000804f4cc                timer_expired
                0x000000000804f4ef                timer_remaining
 *fill*         0x000000000804f50d        0x3 90909090
 .text          0x000000000804f510      0x19d contiki-minimal-net.a(list.o)
                0x000000000804f510                list_init
                0x000000000804f51e                list_head
                0x000000000804f528                list_copy
                0x000000000804f537                list_tail
                0x000000000804f556                list_chop
                0x000000000804f58b                list_pop
                0x000000000804f59d                list_remove
                0x000000000804f5e7                list_push
                0x000000000804f615                list_add
                0x000000000804f655                list_length
                0x000000000804f671                list_insert
                0x000000000804f69a                list_item_next
 *fill*         0x000000000804f6ad        0x3 90909090
 .text          0x000000000804f6b0       0x65 /usr/lib/i386-linux-gnu/libc_nonshared.a(elf-init.oS)
                0x000000000804f6b0                __libc_csu_init
                0x000000000804f710                __libc_csu_fini
 .text.__i686.get_pc_thunk.bx
                0x000000000804f715        0x4 /usr/lib/i386-linux-gnu/libc_nonshared.a(elf-init.oS)
                0x000000000804f715                __i686.get_pc_thunk.bx
 *fill*         0x000000000804f719        0x7 90909090
 .text          0x000000000804f720       0x3f /usr/lib/i386-linux-gnu/libc_nonshared.a(atexit.oS)
                0x000000000804f720                atexit
 *fill*         0x000000000804f75f        0x1 90909090
 .text          0x000000000804f760       0x2a /usr/lib/i386-linux-gnu/gcc/i686-linux-gnu/4.5.2/crtend.o
 *fill*         0x000000000804f78a        0x2 90909090
 .text          0x000000000804f78c        0x0 /usr/lib/i386-linux-gnu/gcc/i686-linux-gnu/4.5.2/../../../crtn.o
 *(.gnu.warning)

.fini           0x000000000804f78c       0x1c
 *(.fini)
 .fini          0x000000000804f78c       0x13 /usr/lib/i386-linux-gnu/gcc/i686-linux-gnu/4.5.2/../../../crti.o
                0x000000000804f78c                _fini
 .fini          0x000000000804f79f        0x5 /usr/lib/i386-linux-gnu/gcc/i686-linux-gnu/4.5.2/crtbegin.o
 .fini          0x000000000804f7a4        0x4 /usr/lib/i386-linux-gnu/gcc/i686-linux-gnu/4.5.2/../../../crtn.o
                0x000000000804f7a8                PROVIDE (__etext, .)
                0x000000000804f7a8                PROVIDE (_etext, .)
                0x000000000804f7a8                PROVIDE (etext, .)

.rodata         0x000000000804f7c0     0x1d87
 *(.rodata .rodata.* .gnu.linkonce.r.*)
 .rodata        0x000000000804f7c0        0x4 /usr/lib/i386-linux-gnu/gcc/i686-linux-gnu/4.5.2/../../../crt1.o
                0x000000000804f7c0                _fp_hw
 .rodata.cst4   0x000000000804f7c4        0x4 /usr/lib/i386-linux-gnu/gcc/i686-linux-gnu/4.5.2/../../../crt1.o
                0x000000000804f7c4                _IO_stdin_used
 .rodata        0x000000000804f7c8        0x8 webserver-example.co
                0x000000000804f7c8                autostart_processes
 .rodata.str1.1
                0x000000000804f7d0       0x19 contiki-minimal-net.a(webserver-nogui)
                                         0x1a (size before relaxing)
 *fill*         0x000000000804f7e9       0x17 00
 .rodata        0x000000000804f800      0x29c contiki-minimal-net.a(http-strings.o)
                0x000000000804f800                http_http
                0x000000000804f808                http_200
                0x000000000804f80d                http_301
                0x000000000804f812                http_302
                0x000000000804f817                http_get
                0x000000000804f81c                http_10
                0x000000000804f825                http_11
                0x000000000804f82e                http_content_type
                0x000000000804f83d                http_texthtml
                0x000000000804f847                http_location
                0x000000000804f852                http_host
                0x000000000804f859                http_crnl
                0x000000000804f85c                http_index_htm
                0x000000000804f867                http_index_html
                0x000000000804f873                http_404_html
                0x000000000804f87d                http_referer
                0x000000000804f8a0                http_header_200
                0x000000000804f900                http_header_404
                0x000000000804f95d                http_content_type_plain
                0x000000000804f97a                http_content_type_html
                0x000000000804f996                http_content_type_css
                0x000000000804f9b1                http_content_type_text
                0x000000000804f9cd                http_content_type_png
                0x000000000804f9e9                http_content_type_gif
                0x000000000804fa05                http_content_type_jpg
                0x000000000804fa40                http_content_type_binary
                0x000000000804fa6b                http_html
                0x000000000804fa71                http_shtml
                0x000000000804fa78                http_htm
                0x000000000804fa7d                http_css
                0x000000000804fa82                http_png
                0x000000000804fa87                http_gif
                0x000000000804fa8c                http_jpg
                0x000000000804fa91                http_text
                0x000000000804fa97                http_txt
 *fill*         0x000000000804fa9c        0x4 00
 .rodata        0x000000000804faa0     0x173e contiki-minimal-net.a(httpd-fs.o)
                0x000000000804faa0                file_processes_shtml
                0x000000000804fab4                file_404_html
                0x000000000804fac8                file_files_shtml
                0x000000000804fadc                file_footer_html
                0x000000000804faf0                file_header_html
                0x000000000804fb04                file_index_html
                0x000000000804fb18                file_style_css
                0x000000000804fb2c                file_tcp_shtml
 *fill*         0x00000000080511de        0x2 00
 .rodata.str1.4
                0x00000000080511e0       0xb3 contiki-minimal-net.a(httpd-cgi.o)
 .rodata.str1.1
                0x0000000008051293        0x4 contiki-minimal-net.a(httpd-cgi.o)
 *fill*         0x0000000008051297        0x9 00
 .rodata        0x00000000080512a0       0xbf contiki-minimal-net.a(httpd-cgi.o)
 .rodata.str1.1
                0x000000000805135f       0x93 contiki-minimal-net.a(contiki-main.o)
 .rodata.str1.1
                0x00000000080513f2        0xb contiki-minimal-net.a(tapdev-drv.o)
 .rodata.str1.1
                0x00000000080513fd       0x73 contiki-minimal-net.a(tapdev.o)
 .rodata.str1.4
                0x0000000008051470       0x4c contiki-minimal-net.a(tapdev.o)
 .rodata.str1.1
                0x00000000080514bc        0xe contiki-minimal-net.a(serial-line.o)
 .rodata.str1.1
                0x00000000080514ca        0xc contiki-minimal-net.a(etimer.o)
 .rodata.str1.1
                0x00000000080514d6        0xf contiki-minimal-net.a(ctimer.o)
 *fill*         0x00000000080514e5        0x3 00
 .rodata        0x00000000080514e8       0x4c contiki-minimal-net.a(uip.o)
                0x000000000805152c                uip_broadcast_addr
                0x0000000008051530                uip_all_zeroes_addr
 .rodata.str1.1
                0x0000000008051534        0xd contiki-minimal-net.a(tcpip.o)
 .rodata        0x0000000008051541        0x6 contiki-minimal-net.a(uip_arp.o)

.rodata1
 *(.rodata1)

.eh_frame_hdr   0x0000000008051548        0x0
 *(.eh_frame_hdr)
 .eh_frame_hdr  0x0000000000000000        0x0 /usr/lib/i386-linux-gnu/gcc/i686-linux-gnu/4.5.2/../../../crtn.o

.eh_frame       0x0000000008051548        0x4
 *(.eh_frame)
 .eh_frame      0x0000000008051548        0x4 /usr/lib/i386-linux-gnu/gcc/i686-linux-gnu/4.5.2/crtend.o

.gcc_except_table
 *(.gcc_except_table .gcc_except_table.*)
                0x000000000805154c                . = (ALIGN (0x1000) - ((0x1000 - .) & 0xfff))
                0x0000000008052f10                . = DATA_SEGMENT_ALIGN (0x1000, 0x1000)

.eh_frame
 *(.eh_frame)

.gcc_except_table
 *(.gcc_except_table .gcc_except_table.*)

.tdata
 *(.tdata .tdata.* .gnu.linkonce.td.*)

.tbss
 *(.tbss .tbss.* .gnu.linkonce.tb.*)
 *(.tcommon)

.preinit_array  0x0000000008052f10        0x0
                0x0000000008052f10                PROVIDE (__preinit_array_start, .)
 *(.preinit_array)
                0x0000000008052f10                PROVIDE (__preinit_array_end, .)

.init_array     0x0000000008052f10        0x0
                0x0000000008052f10                PROVIDE (__init_array_start, .)
 *(SORT(.init_array.*))
 *(.init_array)
                0x0000000008052f10                PROVIDE (__init_array_end, .)

.fini_array     0x0000000008052f10        0x0
                0x0000000008052f10                PROVIDE (__fini_array_start, .)
 *(SORT(.fini_array.*))
 *(.fini_array)
                0x0000000008052f10                PROVIDE (__fini_array_end, .)

.ctors          0x0000000008052f10        0x8
 *crtbegin.o(.ctors)
 .ctors         0x0000000008052f10        0x4 /usr/lib/i386-linux-gnu/gcc/i686-linux-gnu/4.5.2/crtbegin.o
 *crtbegin?.o(.ctors)
 *(EXCLUDE_FILE(*crtend?.o *crtend.o) .ctors)
 *(SORT(.ctors.*))
 *(.ctors)
 .ctors         0x0000000008052f14        0x4 /usr/lib/i386-linux-gnu/gcc/i686-linux-gnu/4.5.2/crtend.o

.dtors          0x0000000008052f18        0x8
 *crtbegin.o(.dtors)
 .dtors         0x0000000008052f18        0x4 /usr/lib/i386-linux-gnu/gcc/i686-linux-gnu/4.5.2/crtbegin.o
 *crtbegin?.o(.dtors)
 *(EXCLUDE_FILE(*crtend?.o *crtend.o) .dtors)
 *(SORT(.dtors.*))
 *(.dtors)
 .dtors         0x0000000008052f1c        0x4 /usr/lib/i386-linux-gnu/gcc/i686-linux-gnu/4.5.2/crtend.o
                0x0000000008052f1c                __DTOR_END__

.jcr            0x0000000008052f20        0x4
 *(.jcr)
 .jcr           0x0000000008052f20        0x0 /usr/lib/i386-linux-gnu/gcc/i686-linux-gnu/4.5.2/crtbegin.o
 .jcr           0x0000000008052f20        0x4 /usr/lib/i386-linux-gnu/gcc/i686-linux-gnu/4.5.2/crtend.o

.data.rel.ro
 *(.data.rel.ro.local* .gnu.linkonce.d.rel.ro.local.*)
 *(.data.rel.ro* .gnu.linkonce.d.rel.ro.*)

.dynamic        0x0000000008052f24       0xc8
 *(.dynamic)
 .dynamic       0x0000000008052f24       0xc8 /usr/lib/i386-linux-gnu/gcc/i686-linux-gnu/4.5.2/../../../crt1.o
                0x0000000008052f24                _DYNAMIC

.got            0x0000000008052fec        0x8
 *(.got)
 .got           0x0000000008052fec        0x8 /usr/lib/i386-linux-gnu/gcc/i686-linux-gnu/4.5.2/../../../crt1.o
 *(.igot)
                0x0000000008052ff4                . = DATA_SEGMENT_RELRO_END (., 0xc)

.got.plt        0x0000000008052ff4       0x74
 *(.got.plt)
 .got.plt       0x0000000008052ff4       0x74 /usr/lib/i386-linux-gnu/gcc/i686-linux-gnu/4.5.2/../../../crt1.o
                0x0000000008052ff4                _GLOBAL_OFFSET_TABLE_
 *(.igot.plt)
 .igot.plt      0x0000000000000000        0x0 /usr/lib/i386-linux-gnu/gcc/i686-linux-gnu/4.5.2/../../../crt1.o

.data           0x0000000008053068       0xac
 *(.data .data.* .gnu.linkonce.d.*)
 .data          0x0000000008053068        0x4 /usr/lib/i386-linux-gnu/gcc/i686-linux-gnu/4.5.2/../../../crt1.o
                0x0000000008053068                data_start
                0x0000000008053068                __data_start
 .data          0x000000000805306c        0x0 /usr/lib/i386-linux-gnu/gcc/i686-linux-gnu/4.5.2/../../../crti.o
 .data          0x000000000805306c        0x4 /usr/lib/i386-linux-gnu/gcc/i686-linux-gnu/4.5.2/crtbegin.o
                0x000000000805306c                __dso_handle
 .data          0x0000000008053070        0x0 webserver-example.co
 .data          0x0000000008053070       0x10 contiki-minimal-net.a(webserver-nogui)
                0x0000000008053070                webserver_nogui_process
 .data          0x0000000008053080        0xc contiki-minimal-net.a(httpd.o)
 .data          0x000000000805308c        0x0 contiki-minimal-net.a(http-strings.o)
 .data          0x000000000805308c        0x0 contiki-minimal-net.a(httpd-fs.o)
 .data          0x000000000805308c       0x24 contiki-minimal-net.a(httpd-cgi.o)
 .data          0x00000000080530b0       0x14 contiki-minimal-net.a(contiki-main.o)
                0x00000000080530b0                procinit
 .data          0x00000000080530c4        0x0 contiki-minimal-net.a(clock.o)
 .data          0x00000000080530c4       0x10 contiki-minimal-net.a(tapdev-drv.o)
                0x00000000080530c4                tapdev_process
 .data          0x00000000080530d4        0x0 contiki-minimal-net.a(tapdev.o)
 .data          0x00000000080530d4        0x0 contiki-minimal-net.a(process.o)
 .data          0x00000000080530d4        0x0 contiki-minimal-net.a(procinit.o)
 .data          0x00000000080530d4        0x0 contiki-minimal-net.a(autostart.o)
 .data          0x00000000080530d4       0x10 contiki-minimal-net.a(serial-line.o)
                0x00000000080530d4                serial_line_process
 .data          0x00000000080530e4        0x0 contiki-minimal-net.a(memb.o)
 .data          0x00000000080530e4       0x10 contiki-minimal-net.a(etimer.o)
                0x00000000080530e4                etimer_process
 .data          0x00000000080530f4       0x10 contiki-minimal-net.a(ctimer.o)
                0x00000000080530f4                ctimer_process
 .data          0x0000000008053104        0x0 contiki-minimal-net.a(ringbuf.o)
 .data          0x0000000008053104        0x0 contiki-minimal-net.a(uip.o)
 .data          0x0000000008053104       0x10 contiki-minimal-net.a(tcpip.o)
                0x0000000008053104                tcpip_process
 .data          0x0000000008053114        0x0 contiki-minimal-net.a(psock.o)
 .data          0x0000000008053114        0x0 contiki-minimal-net.a(uip_arp.o)
 .data          0x0000000008053114        0x0 contiki-minimal-net.a(timer.o)
 .data          0x0000000008053114        0x0 contiki-minimal-net.a(list.o)
 .data          0x0000000008053114        0x0 /usr/lib/i386-linux-gnu/libc_nonshared.a(elf-init.oS)
 .data          0x0000000008053114        0x0 /usr/lib/i386-linux-gnu/libc_nonshared.a(atexit.oS)
 .data          0x0000000008053114        0x0 /usr/lib/i386-linux-gnu/gcc/i686-linux-gnu/4.5.2/crtend.o
 .data          0x0000000008053114        0x0 /usr/lib/i386-linux-gnu/gcc/i686-linux-gnu/4.5.2/../../../crtn.o

.data1
 *(.data1)
                0x0000000008053114                _edata = .
                0x0000000008053114                PROVIDE (edata, .)
                0x0000000008053114                __bss_start = .

.bss            0x0000000008053120     0x2d7c
 *(.dynbss)
 .dynbss        0x0000000008053120        0x4 /usr/lib/i386-linux-gnu/gcc/i686-linux-gnu/4.5.2/../../../crt1.o
                0x0000000008053120                stdout@@GLIBC_2.0
 *(.bss .bss.* .gnu.linkonce.b.*)
 .bss           0x0000000008053124        0x0 /usr/lib/i386-linux-gnu/gcc/i686-linux-gnu/4.5.2/../../../crt1.o
 .bss           0x0000000008053124        0x0 /usr/lib/i386-linux-gnu/gcc/i686-linux-gnu/4.5.2/../../../crti.o
 .bss           0x0000000008053124        0x8 /usr/lib/i386-linux-gnu/gcc/i686-linux-gnu/4.5.2/crtbegin.o
 .bss           0x000000000805312c        0x0 webserver-example.co
 .bss           0x000000000805312c        0x0 contiki-minimal-net.a(webserver-nogui)
 *fill*         0x000000000805312c       0x14 00
 .bss           0x0000000008053140     0x1be0 contiki-minimal-net.a(httpd.o)
 .bss           0x0000000008054d20        0x0 contiki-minimal-net.a(http-strings.o)
 .bss           0x0000000008054d20       0x10 contiki-minimal-net.a(httpd-fs.o)
 .bss           0x0000000008054d30        0x4 contiki-minimal-net.a(httpd-cgi.o)
 .bss           0x0000000008054d34        0x2 contiki-minimal-net.a(contiki-main.o)
 *fill*         0x0000000008054d36        0x2 00
 .bss           0x0000000008054d38        0x8 contiki-minimal-net.a(clock.o)
 .bss           0x0000000008054d40        0x0 contiki-minimal-net.a(tapdev-drv.o)
 .bss           0x0000000008054d40        0x8 contiki-minimal-net.a(tapdev.o)
 *fill*         0x0000000008054d48       0x18 00
 .bss           0x0000000008054d60      0x1b2 contiki-minimal-net.a(process.o)
                0x0000000008054d60                process_list
                0x0000000008054d64                process_current
 *fill*         0x0000000008054f12        0x2 00
 .bss           0x0000000008054f14        0x0 contiki-minimal-net.a(procinit.o)
 .bss           0x0000000008054f14        0x0 contiki-minimal-net.a(autostart.o)
 *fill*         0x0000000008054f14        0xc 00
 .bss           0x0000000008054f20      0x121 contiki-minimal-net.a(serial-line.o)
 *fill*         0x0000000008055041        0x3 00
 .bss           0x0000000008055044        0x0 contiki-minimal-net.a(memb.o)
 .bss           0x0000000008055044        0x8 contiki-minimal-net.a(etimer.o)
 .bss           0x000000000805504c        0x8 contiki-minimal-net.a(ctimer.o)
 .bss           0x0000000008055054        0x0 contiki-minimal-net.a(ringbuf.o)
 .bss           0x0000000008055054       0x12 contiki-minimal-net.a(uip.o)
                0x0000000008055054                uip_ethaddr
 *fill*         0x0000000008055066       0x1a 00
 .bss           0x0000000008055080      0x160 contiki-minimal-net.a(tcpip.o)
 .bss           0x00000000080551e0        0x0 contiki-minimal-net.a(psock.o)
 .bss           0x00000000080551e0       0x68 contiki-minimal-net.a(uip_arp.o)
 .bss           0x0000000008055248        0x0 contiki-minimal-net.a(timer.o)
 .bss           0x0000000008055248        0x0 contiki-minimal-net.a(list.o)
 .bss           0x0000000008055248        0x0 /usr/lib/i386-linux-gnu/libc_nonshared.a(elf-init.oS)
 .bss           0x0000000008055248        0x0 /usr/lib/i386-linux-gnu/libc_nonshared.a(atexit.oS)
 .bss           0x0000000008055248        0x0 /usr/lib/i386-linux-gnu/gcc/i686-linux-gnu/4.5.2/crtend.o
 .bss           0x0000000008055248        0x0 /usr/lib/i386-linux-gnu/gcc/i686-linux-gnu/4.5.2/../../../crtn.o
 *(COMMON)
 COMMON         0x0000000008055248        0x1 contiki-minimal-net.a(serial-line.o)
                0x0000000008055248                serial_line_event_message
 *fill*         0x0000000008055249       0x17 00
 COMMON         0x0000000008055260      0xc39 contiki-minimal-net.a(uip.o)
                0x0000000008055260                uip_acc32
                0x0000000008055280                uip_conns
                0x0000000008055820                uip_slen
                0x0000000008055824                uip_appdata
                0x0000000008055828                uip_len
                0x0000000008055840                uip_listenports
                0x0000000008055890                uip_sappdata
                0x0000000008055894                uip_draddr
                0x00000000080558a0                uip_udp_conns
                0x0000000008055968                uip_udp_conn
                0x000000000805596c                uip_hostaddr
                0x0000000008055980                uip_aligned_buf
                0x0000000008055e90                uip_netmask
                0x0000000008055e94                uip_conn
                0x0000000008055e98                uip_flags
 COMMON         0x0000000008055e99        0x1 contiki-minimal-net.a(tcpip.o)
                0x0000000008055e99                tcpip_event
                0x0000000008055e9c                . = ALIGN ((. != 0x0)?0x4:0x1)
 *fill*         0x0000000008055e9a        0x2 00
                0x0000000008055e9c                . = ALIGN (0x4)
                0x0000000008055e9c                . = ALIGN (0x4)
                0x0000000008055e9c                _end = .
                0x0000000008055e9c                PROVIDE (end, .)
                0x0000000008055e9c                . = DATA_SEGMENT_END (.)

.stab
 *(.stab)

.stabstr
 *(.stabstr)

.stab.excl
 *(.stab.excl)

.stab.exclstr
 *(.stab.exclstr)

.stab.index
 *(.stab.index)

.stab.indexstr
 *(.stab.indexstr)

.comment        0x0000000000000000       0x54
 *(.comment)
 .comment       0x0000000000000000       0x2a /usr/lib/i386-linux-gnu/gcc/i686-linux-gnu/4.5.2/crtbegin.o
                                         0x2b (size before relaxing)
 .comment       0x0000000000000000       0x2b webserver-example.co
 .comment       0x0000000000000000       0x2b contiki-minimal-net.a(webserver-nogui)
 .comment       0x0000000000000000       0x2b contiki-minimal-net.a(httpd.o)
 .comment       0x0000000000000000       0x2b contiki-minimal-net.a(http-strings.o)
 .comment       0x0000000000000000       0x2b contiki-minimal-net.a(httpd-fs.o)
 .comment       0x0000000000000000       0x2b contiki-minimal-net.a(httpd-cgi.o)
 .comment       0x0000000000000000       0x2b contiki-minimal-net.a(contiki-main.o)
 .comment       0x0000000000000000       0x2b contiki-minimal-net.a(clock.o)
 .comment       0x0000000000000000       0x2b contiki-minimal-net.a(tapdev-drv.o)
 .comment       0x0000000000000000       0x2b contiki-minimal-net.a(tapdev.o)
 .comment       0x0000000000000000       0x2b contiki-minimal-net.a(process.o)
 .comment       0x0000000000000000       0x2b contiki-minimal-net.a(procinit.o)
 .comment       0x0000000000000000       0x2b contiki-minimal-net.a(autostart.o)
 .comment       0x0000000000000000       0x2b contiki-minimal-net.a(serial-line.o)
 .comment       0x0000000000000000       0x2b contiki-minimal-net.a(memb.o)
 .comment       0x0000000000000000       0x2b contiki-minimal-net.a(etimer.o)
 .comment       0x0000000000000000       0x2b contiki-minimal-net.a(ctimer.o)
 .comment       0x0000000000000000       0x2b contiki-minimal-net.a(ringbuf.o)
 .comment       0x0000000000000000       0x2b contiki-minimal-net.a(uip.o)
 .comment       0x0000000000000000       0x2b contiki-minimal-net.a(tcpip.o)
 .comment       0x0000000000000000       0x2b contiki-minimal-net.a(psock.o)
 .comment       0x0000000000000000       0x2b contiki-minimal-net.a(uip_arp.o)
 .comment       0x0000000000000000       0x2b contiki-minimal-net.a(timer.o)
 .comment       0x0000000000000000       0x2b contiki-minimal-net.a(list.o)
 .comment       0x000000000000002a       0x2a /usr/lib/i386-linux-gnu/libc_nonshared.a(elf-init.oS)
                                         0x2b (size before relaxing)
 .comment       0x0000000000000000       0x2b /usr/lib/i386-linux-gnu/libc_nonshared.a(atexit.oS)
 .comment       0x0000000000000000       0x2b /usr/lib/i386-linux-gnu/gcc/i686-linux-gnu/4.5.2/crtend.o

.debug
 *(.debug)

.line
 *(.line)

.debug_srcinfo
 *(.debug_srcinfo)

.debug_sfnames
 *(.debug_sfnames)

.debug_aranges  0x0000000000000000      0x2c0
 *(.debug_aranges)
 .debug_aranges
                0x0000000000000000       0x20 contiki-minimal-net.a(webserver-nogui)
 .debug_aranges
                0x0000000000000020       0x20 contiki-minimal-net.a(httpd.o)
 .debug_aranges
                0x0000000000000040       0x20 contiki-minimal-net.a(httpd-fs.o)
 .debug_aranges
                0x0000000000000060       0x20 contiki-minimal-net.a(httpd-cgi.o)
 .debug_aranges
                0x0000000000000080       0x20 contiki-minimal-net.a(contiki-main.o)
 .debug_aranges
                0x00000000000000a0       0x20 contiki-minimal-net.a(clock.o)
 .debug_aranges
                0x00000000000000c0       0x20 contiki-minimal-net.a(tapdev-drv.o)
 .debug_aranges
                0x00000000000000e0       0x20 contiki-minimal-net.a(tapdev.o)
 .debug_aranges
                0x0000000000000100       0x20 contiki-minimal-net.a(process.o)
 .debug_aranges
                0x0000000000000120       0x20 contiki-minimal-net.a(procinit.o)
 .debug_aranges
                0x0000000000000140       0x20 contiki-minimal-net.a(autostart.o)
 .debug_aranges
                0x0000000000000160       0x20 contiki-minimal-net.a(serial-line.o)
 .debug_aranges
                0x0000000000000180       0x20 contiki-minimal-net.a(memb.o)
 .debug_aranges
                0x00000000000001a0       0x20 contiki-minimal-net.a(etimer.o)
 .debug_aranges
                0x00000000000001c0       0x20 contiki-minimal-net.a(ctimer.o)
 .debug_aranges
                0x00000000000001e0       0x20 contiki-minimal-net.a(ringbuf.o)
 .debug_aranges
                0x0000000000000200       0x20 contiki-minimal-net.a(uip.o)
 .debug_aranges
                0x0000000000000220       0x20 contiki-minimal-net.a(tcpip.o)
 .debug_aranges
                0x0000000000000240       0x20 contiki-minimal-net.a(psock.o)
 .debug_aranges
                0x0000000000000260       0x20 contiki-minimal-net.a(uip_arp.o)
 .debug_aranges
                0x0000000000000280       0x20 contiki-minimal-net.a(timer.o)
 .debug_aranges
                0x00000000000002a0       0x20 contiki-minimal-net.a(list.o)

.debug_pubnames
                0x0000000000000000      0xef1
 *(.debug_pubnames)
 .debug_pubnames
                0x0000000000000000       0x2a webserver-example.co
 .debug_pubnames
                0x000000000000002a       0x57 contiki-minimal-net.a(webserver-nogui)
 .debug_pubnames
                0x0000000000000081       0x33 contiki-minimal-net.a(httpd.o)
 .debug_pubnames
                0x00000000000000b4      0x284 contiki-minimal-net.a(http-strings.o)
 .debug_pubnames
                0x0000000000000338       0xed contiki-minimal-net.a(httpd-fs.o)
 .debug_pubnames
                0x0000000000000425       0x45 contiki-minimal-net.a(httpd-cgi.o)
 .debug_pubnames
                0x000000000000046a       0x57 contiki-minimal-net.a(contiki-main.o)
 .debug_pubnames
                0x00000000000004c1       0x52 contiki-minimal-net.a(clock.o)
 .debug_pubnames
                0x0000000000000513       0x37 contiki-minimal-net.a(tapdev-drv.o)
 .debug_pubnames
                0x000000000000054a       0x52 contiki-minimal-net.a(tapdev.o)
 .debug_pubnames
                0x000000000000059c       0xf7 contiki-minimal-net.a(process.o)
 .debug_pubnames
                0x0000000000000693       0x24 contiki-minimal-net.a(procinit.o)
 .debug_pubnames
                0x00000000000006b7       0x39 contiki-minimal-net.a(autostart.o)
 .debug_pubnames
                0x00000000000006f0       0x78 contiki-minimal-net.a(serial-line.o)
 .debug_pubnames
                0x0000000000000768       0x4d contiki-minimal-net.a(memb.o)
 .debug_pubnames
                0x00000000000007b5      0x109 contiki-minimal-net.a(etimer.o)
 .debug_pubnames
                0x00000000000008be       0x8b contiki-minimal-net.a(ctimer.o)
 .debug_pubnames
                0x0000000000000949       0x69 contiki-minimal-net.a(ringbuf.o)
 .debug_pubnames
                0x00000000000009b2      0x213 contiki-minimal-net.a(uip.o)
 .debug_pubnames
                0x0000000000000bc5      0x116 contiki-minimal-net.a(tcpip.o)
 .debug_pubnames
                0x0000000000000cdb       0x94 contiki-minimal-net.a(psock.o)
 .debug_pubnames
                0x0000000000000d6f       0x57 contiki-minimal-net.a(uip_arp.o)
 .debug_pubnames
                0x0000000000000dc6       0x68 contiki-minimal-net.a(timer.o)
 .debug_pubnames
                0x0000000000000e2e       0xc3 contiki-minimal-net.a(list.o)

.debug_info     0x0000000000000000     0x91fa
 *(.debug_info .gnu.linkonce.wi.*)
 .debug_info    0x0000000000000000      0x187 webserver-example.co
 .debug_info    0x0000000000000187      0x5c7 contiki-minimal-net.a(webserver-nogui)
 .debug_info    0x000000000000074e      0xfd5 contiki-minimal-net.a(httpd.o)
 .debug_info    0x0000000000001723      0x459 contiki-minimal-net.a(http-strings.o)
 .debug_info    0x0000000000001b7c      0x56d contiki-minimal-net.a(httpd-fs.o)
 .debug_info    0x00000000000020e9      0xe08 contiki-minimal-net.a(httpd-cgi.o)
 .debug_info    0x0000000000002ef1      0x875 contiki-minimal-net.a(contiki-main.o)
 .debug_info    0x0000000000003766      0x1d6 contiki-minimal-net.a(clock.o)
 .debug_info    0x000000000000393c      0x316 contiki-minimal-net.a(tapdev-drv.o)
 .debug_info    0x0000000000003c52      0xacd contiki-minimal-net.a(tapdev.o)
 .debug_info    0x000000000000471f      0x7e6 contiki-minimal-net.a(process.o)
 .debug_info    0x0000000000004f05      0x19d contiki-minimal-net.a(procinit.o)
 .debug_info    0x00000000000050a2      0x1b7 contiki-minimal-net.a(autostart.o)
 .debug_info    0x0000000000005259      0x327 contiki-minimal-net.a(serial-line.o)
 .debug_info    0x0000000000005580      0x1eb contiki-minimal-net.a(memb.o)
 .debug_info    0x000000000000576b      0x4d6 contiki-minimal-net.a(etimer.o)
 .debug_info    0x0000000000005c41      0x47b contiki-minimal-net.a(ctimer.o)
 .debug_info    0x00000000000060bc      0x1c0 contiki-minimal-net.a(ringbuf.o)
 .debug_info    0x000000000000627c      0xf70 contiki-minimal-net.a(uip.o)
 .debug_info    0x00000000000071ec      0xd0b contiki-minimal-net.a(tcpip.o)
 .debug_info    0x0000000000007ef7      0x838 contiki-minimal-net.a(psock.o)
 .debug_info    0x000000000000872f      0x627 contiki-minimal-net.a(uip_arp.o)
 .debug_info    0x0000000000008d56      0x17e contiki-minimal-net.a(timer.o)
 .debug_info    0x0000000000008ed4      0x326 contiki-minimal-net.a(list.o)

.debug_abbrev   0x0000000000000000     0x29ee
 *(.debug_abbrev)
 .debug_abbrev  0x0000000000000000       0xdf webserver-example.co
 .debug_abbrev  0x00000000000000df      0x1f6 contiki-minimal-net.a(webserver-nogui)
 .debug_abbrev  0x00000000000002d5      0x2f8 contiki-minimal-net.a(httpd.o)
 .debug_abbrev  0x00000000000005cd       0x49 contiki-minimal-net.a(http-strings.o)
 .debug_abbrev  0x0000000000000616      0x150 contiki-minimal-net.a(httpd-fs.o)
 .debug_abbrev  0x0000000000000766      0x29d contiki-minimal-net.a(httpd-cgi.o)
 .debug_abbrev  0x0000000000000a03      0x271 contiki-minimal-net.a(contiki-main.o)
 .debug_abbrev  0x0000000000000c74       0xc1 contiki-minimal-net.a(clock.o)
 .debug_abbrev  0x0000000000000d35      0x1c0 contiki-minimal-net.a(tapdev-drv.o)
 .debug_abbrev  0x0000000000000ef5      0x25c contiki-minimal-net.a(tapdev.o)
 .debug_abbrev  0x0000000000001151      0x2a1 contiki-minimal-net.a(process.o)
 .debug_abbrev  0x00000000000013f2       0xf0 contiki-minimal-net.a(procinit.o)
 .debug_abbrev  0x00000000000014e2       0xf5 contiki-minimal-net.a(autostart.o)
 .debug_abbrev  0x00000000000015d7      0x1b6 contiki-minimal-net.a(serial-line.o)
 .debug_abbrev  0x000000000000178d      0x10c contiki-minimal-net.a(memb.o)
 .debug_abbrev  0x0000000000001899      0x1f2 contiki-minimal-net.a(etimer.o)
 .debug_abbrev  0x0000000000001a8b      0x1b5 contiki-minimal-net.a(ctimer.o)
 .debug_abbrev  0x0000000000001c40       0xd2 contiki-minimal-net.a(ringbuf.o)
 .debug_abbrev  0x0000000000001d12      0x312 contiki-minimal-net.a(uip.o)
 .debug_abbrev  0x0000000000002024      0x37f contiki-minimal-net.a(tcpip.o)
 .debug_abbrev  0x00000000000023a3      0x265 contiki-minimal-net.a(psock.o)
 .debug_abbrev  0x0000000000002608      0x1e9 contiki-minimal-net.a(uip_arp.o)
 .debug_abbrev  0x00000000000027f1       0xd2 contiki-minimal-net.a(timer.o)
 .debug_abbrev  0x00000000000028c3      0x12b contiki-minimal-net.a(list.o)

.debug_line     0x0000000000000000     0x26cc
 *(.debug_line)
 .debug_line    0x0000000000000000       0x93 webserver-example.co
 .debug_line    0x0000000000000093      0x1ac contiki-minimal-net.a(webserver-nogui)
 .debug_line    0x000000000000023f      0x30b contiki-minimal-net.a(httpd.o)
 .debug_line    0x000000000000054a       0x44 contiki-minimal-net.a(http-strings.o)
 .debug_line    0x000000000000058e      0x107 contiki-minimal-net.a(httpd-fs.o)
 .debug_line    0x0000000000000695      0x2dc contiki-minimal-net.a(httpd-cgi.o)
 .debug_line    0x0000000000000971      0x299 contiki-minimal-net.a(contiki-main.o)
 .debug_line    0x0000000000000c0a       0xc1 contiki-minimal-net.a(clock.o)
 .debug_line    0x0000000000000ccb      0x12e contiki-minimal-net.a(tapdev-drv.o)
 .debug_line    0x0000000000000df9      0x284 contiki-minimal-net.a(tapdev.o)
 .debug_line    0x000000000000107d      0x1c4 contiki-minimal-net.a(process.o)
 .debug_line    0x0000000000001241       0x8a contiki-minimal-net.a(procinit.o)
 .debug_line    0x00000000000012cb       0x98 contiki-minimal-net.a(autostart.o)
 .debug_line    0x0000000000001363      0x117 contiki-minimal-net.a(serial-line.o)
 .debug_line    0x000000000000147a      0x124 contiki-minimal-net.a(memb.o)
 .debug_line    0x000000000000159e      0x156 contiki-minimal-net.a(etimer.o)
 .debug_line    0x00000000000016f4      0x149 contiki-minimal-net.a(ctimer.o)
 .debug_line    0x000000000000183d       0xa2 contiki-minimal-net.a(ringbuf.o)
 .debug_line    0x00000000000018df      0x589 contiki-minimal-net.a(uip.o)
 .debug_line    0x0000000000001e68      0x215 contiki-minimal-net.a(tcpip.o)
 .debug_line    0x000000000000207d      0x261 contiki-minimal-net.a(psock.o)
 .debug_line    0x00000000000022de      0x25c contiki-minimal-net.a(uip_arp.o)
 .debug_line    0x000000000000253a       0xaa contiki-minimal-net.a(timer.o)
 .debug_line    0x00000000000025e4       0xe8 contiki-minimal-net.a(list.o)

.debug_frame    0x0000000000000000     0x1694
 *(.debug_frame)
 .debug_frame   0x0000000000000000       0x80 contiki-minimal-net.a(webserver-nogui)
 .debug_frame   0x0000000000000080       0xf8 contiki-minimal-net.a(httpd.o)
 .debug_frame   0x0000000000000178       0xb4 contiki-minimal-net.a(httpd-fs.o)
 .debug_frame   0x000000000000022c      0x180 contiki-minimal-net.a(httpd-cgi.o)
 .debug_frame   0x00000000000003ac       0xb0 contiki-minimal-net.a(contiki-main.o)
 .debug_frame   0x000000000000045c       0x94 contiki-minimal-net.a(clock.o)
 .debug_frame   0x00000000000004f0       0x60 contiki-minimal-net.a(tapdev-drv.o)
 .debug_frame   0x0000000000000550       0xc0 contiki-minimal-net.a(tapdev.o)
 .debug_frame   0x0000000000000610      0x1e0 contiki-minimal-net.a(process.o)
 .debug_frame   0x00000000000007f0       0x38 contiki-minimal-net.a(procinit.o)
 .debug_frame   0x0000000000000828       0x5c contiki-minimal-net.a(autostart.o)
 .debug_frame   0x0000000000000884       0x78 contiki-minimal-net.a(serial-line.o)
 .debug_frame   0x00000000000008fc       0xb8 contiki-minimal-net.a(memb.o)
 .debug_frame   0x00000000000009b4      0x1fc contiki-minimal-net.a(etimer.o)
 .debug_frame   0x0000000000000bb0      0x120 contiki-minimal-net.a(ctimer.o)
 .debug_frame   0x0000000000000cd0       0xcc contiki-minimal-net.a(ringbuf.o)
 .debug_frame   0x0000000000000d9c      0x26c contiki-minimal-net.a(uip.o)
 .debug_frame   0x0000000000001008      0x220 contiki-minimal-net.a(tcpip.o)
 .debug_frame   0x0000000000001228      0x134 contiki-minimal-net.a(psock.o)
 .debug_frame   0x000000000000135c       0xcc contiki-minimal-net.a(uip_arp.o)
 .debug_frame   0x0000000000001428       0xc0 contiki-minimal-net.a(timer.o)
 .debug_frame   0x00000000000014e8      0x1ac contiki-minimal-net.a(list.o)

.debug_str      0x0000000000000000     0x1b83
 *(.debug_str)
 .debug_str     0x0000000000000000       0xdf webserver-example.co
                                        0x13f (size before relaxing)
 .debug_str     0x00000000000000df      0x255 contiki-minimal-net.a(webserver-nogui)
                                        0x39b (size before relaxing)
 .debug_str     0x0000000000000334      0x35b contiki-minimal-net.a(httpd.o)
                                        0x664 (size before relaxing)
 .debug_str     0x000000000000068f       0xdd contiki-minimal-net.a(http-strings.o)
                                        0x24e (size before relaxing)
 .debug_str     0x000000000000076c      0x19e contiki-minimal-net.a(httpd-fs.o)
                                        0x294 (size before relaxing)
 .debug_str     0x000000000000090a      0x159 contiki-minimal-net.a(httpd-cgi.o)
                                        0x5c5 (size before relaxing)
 .debug_str     0x0000000000000a63       0xf3 contiki-minimal-net.a(contiki-main.o)
                                        0x439 (size before relaxing)
 .debug_str     0x0000000000000b56       0x9a contiki-minimal-net.a(clock.o)
                                        0x18e (size before relaxing)
 .debug_str     0x0000000000000bf0       0x9e contiki-minimal-net.a(tapdev-drv.o)
                                        0x1f5 (size before relaxing)
 .debug_str     0x0000000000000c8e      0x297 contiki-minimal-net.a(tapdev.o)
                                        0x5d8 (size before relaxing)
 .debug_str     0x0000000000000f25      0x159 contiki-minimal-net.a(process.o)
                                        0x410 (size before relaxing)
 .debug_str     0x000000000000107e       0x28 contiki-minimal-net.a(procinit.o)
                                        0x130 (size before relaxing)
 .debug_str     0x00000000000010a6       0x3a contiki-minimal-net.a(autostart.o)
                                        0x143 (size before relaxing)
 .debug_str     0x00000000000010e0       0xb4 contiki-minimal-net.a(serial-line.o)
                                        0x20b (size before relaxing)
 .debug_str     0x0000000000001194       0x46 contiki-minimal-net.a(memb.o)
                                        0x131 (size before relaxing)
 .debug_str     0x00000000000011da      0x13a contiki-minimal-net.a(etimer.o)
                                        0x298 (size before relaxing)
 .debug_str     0x0000000000001314       0xc7 contiki-minimal-net.a(ctimer.o)
                                        0x22c (size before relaxing)
 .debug_str     0x00000000000013db       0x64 contiki-minimal-net.a(ringbuf.o)
                                        0x140 (size before relaxing)
 .debug_str     0x000000000000143f      0x32b contiki-minimal-net.a(uip.o)
                                        0x5f2 (size before relaxing)
 .debug_str     0x000000000000176a      0x171 contiki-minimal-net.a(tcpip.o)
                                        0x4b6 (size before relaxing)
 .debug_str     0x00000000000018db       0xd0 contiki-minimal-net.a(psock.o)
                                        0x33d (size before relaxing)
 .debug_str     0x00000000000019ab      0x109 contiki-minimal-net.a(uip_arp.o)
                                        0x324 (size before relaxing)
 .debug_str     0x0000000000001ab4       0x27 contiki-minimal-net.a(timer.o)
                                        0x12d (size before relaxing)
 .debug_str     0x0000000000001adb       0xa8 contiki-minimal-net.a(list.o)
                                         0xf5 (size before relaxing)

.debug_loc      0x0000000000000000     0x363e
 *(.debug_loc)
 .debug_loc     0x0000000000000000       0xe0 contiki-minimal-net.a(webserver-nogui)
 .debug_loc     0x00000000000000e0      0x3a2 contiki-minimal-net.a(httpd.o)
 .debug_loc     0x0000000000000482      0x251 contiki-minimal-net.a(httpd-fs.o)
 .debug_loc     0x00000000000006d3      0x2f3 contiki-minimal-net.a(httpd-cgi.o)
 .debug_loc     0x00000000000009c6      0x132 contiki-minimal-net.a(contiki-main.o)
 .debug_loc     0x0000000000000af8      0x13c contiki-minimal-net.a(clock.o)
 .debug_loc     0x0000000000000c34       0x9c contiki-minimal-net.a(tapdev-drv.o)
 .debug_loc     0x0000000000000cd0      0x176 contiki-minimal-net.a(tapdev.o)
 .debug_loc     0x0000000000000e46      0x50b contiki-minimal-net.a(process.o)
 .debug_loc     0x0000000000001351       0x57 contiki-minimal-net.a(procinit.o)
 .debug_loc     0x00000000000013a8       0x98 contiki-minimal-net.a(autostart.o)
 .debug_loc     0x0000000000001440      0x116 contiki-minimal-net.a(serial-line.o)
 .debug_loc     0x0000000000001556      0x199 contiki-minimal-net.a(memb.o)
 .debug_loc     0x00000000000016ef      0x4e6 contiki-minimal-net.a(etimer.o)
 .debug_loc     0x0000000000001bd5      0x2a3 contiki-minimal-net.a(ctimer.o)
 .debug_loc     0x0000000000001e78      0x143 contiki-minimal-net.a(ringbuf.o)
 .debug_loc     0x0000000000001fbb      0x68f contiki-minimal-net.a(uip.o)
 .debug_loc     0x000000000000264a      0x551 contiki-minimal-net.a(tcpip.o)
 .debug_loc     0x0000000000002b9b      0x351 contiki-minimal-net.a(psock.o)
 .debug_loc     0x0000000000002eec      0x232 contiki-minimal-net.a(uip_arp.o)
 .debug_loc     0x000000000000311e      0x134 contiki-minimal-net.a(timer.o)
 .debug_loc     0x0000000000003252      0x3ec contiki-minimal-net.a(list.o)

.debug_macinfo
 *(.debug_macinfo)

.debug_weaknames
 *(.debug_weaknames)

.debug_funcnames
 *(.debug_funcnames)

.debug_typenames
 *(.debug_typenames)

.debug_varnames
 *(.debug_varnames)

.debug_pubtypes
                0x0000000000000000     0x1234
 *(.debug_pubtypes)
 .debug_pubtypes
                0x0000000000000000       0x55 webserver-example.co
 .debug_pubtypes
                0x0000000000000055      0x113 contiki-minimal-net.a(webserver-nogui)
 .debug_pubtypes
                0x0000000000000168      0x18d contiki-minimal-net.a(httpd.o)
 .debug_pubtypes
                0x00000000000002f5       0x84 contiki-minimal-net.a(httpd-fs.o)
 .debug_pubtypes
                0x0000000000000379      0x1ad contiki-minimal-net.a(httpd-cgi.o)
 .debug_pubtypes
                0x0000000000000526      0x171 contiki-minimal-net.a(contiki-main.o)
 .debug_pubtypes
                0x0000000000000697       0x5b contiki-minimal-net.a(clock.o)
 .debug_pubtypes
                0x00000000000006f2       0xbd contiki-minimal-net.a(tapdev-drv.o)
 .debug_pubtypes
                0x00000000000007af      0x1cd contiki-minimal-net.a(tapdev.o)
 .debug_pubtypes
                0x000000000000097c       0xda contiki-minimal-net.a(process.o)
 .debug_pubtypes
                0x0000000000000a56       0x55 contiki-minimal-net.a(procinit.o)
 .debug_pubtypes
                0x0000000000000aab       0x55 contiki-minimal-net.a(autostart.o)
 .debug_pubtypes
                0x0000000000000b00       0x6d contiki-minimal-net.a(serial-line.o)
 .debug_pubtypes
                0x0000000000000b6d       0x26 contiki-minimal-net.a(memb.o)
 .debug_pubtypes
                0x0000000000000b93       0x7b contiki-minimal-net.a(etimer.o)
 .debug_pubtypes
                0x0000000000000c0e       0x91 contiki-minimal-net.a(ctimer.o)
 .debug_pubtypes
                0x0000000000000c9f       0x2a contiki-minimal-net.a(ringbuf.o)
 .debug_pubtypes
                0x0000000000000cc9      0x18d contiki-minimal-net.a(uip.o)
 .debug_pubtypes
                0x0000000000000e56      0x199 contiki-minimal-net.a(tcpip.o)
 .debug_pubtypes
                0x0000000000000fef      0x110 contiki-minimal-net.a(psock.o)
 .debug_pubtypes
                0x00000000000010ff       0xe2 contiki-minimal-net.a(uip_arp.o)
 .debug_pubtypes
                0x00000000000011e1       0x2d contiki-minimal-net.a(timer.o)
 .debug_pubtypes
                0x000000000000120e       0x26 contiki-minimal-net.a(list.o)

.debug_ranges   0x0000000000000000       0x88
 *(.debug_ranges)
 .debug_ranges  0x0000000000000000       0x58 contiki-minimal-net.a(httpd-cgi.o)
 .debug_ranges  0x0000000000000058       0x18 contiki-minimal-net.a(contiki-main.o)
 .debug_ranges  0x0000000000000070       0x18 contiki-minimal-net.a(psock.o)

.gnu.attributes
 *(.gnu.attributes)

/DISCARD/
 *(.note.GNU-stack)
 *(.gnu_debuglink)
 *(.gnu.lto_*)
OUTPUT(webserver-example.minimal-net elf32-i386)
