Archive member included because of file (symbol)

contiki-sky.a(rimeaddr.o)     example-collect.co (rimeaddr_copy)
contiki-sky.a(rime.o)         obj_sky/contiki-sky-main.o (rime_driver)
contiki-sky.a(rimestats.o)    contiki-sky.a(rime.o) (rimestats)
contiki-sky.a(announcement.o)
                              contiki-sky.a(rime.o) (announcement_init)
contiki-sky.a(broadcast-annou)
                              contiki-sky.a(rime.o) (broadcast_announcement_init)
contiki-sky.a(broadcast.o)    contiki-sky.a(broadcast-annou) (broadcast_send)
contiki-sky.a(abc.o)          contiki-sky.a(rime.o) (abc_input)
contiki-sky.a(collect.o)      example-collect.co (collect_parent)
contiki-sky.a(collect-neighbo)
                              contiki-sky.a(collect.o) (collect_neighbor_list)
contiki-sky.a(collect-link-es)
                              contiki-sky.a(collect-neighbo) (collect_link_estimate_new)
contiki-sky.a(chameleon.o)    contiki-sky.a(rime.o) (chameleon_parse)
contiki-sky.a(channel.o)      contiki-sky.a(abc.o) (channel_close)
contiki-sky.a(chameleon-bitop)
                              contiki-sky.a(chameleon.o) (chameleon_bitopt)
contiki-sky.a(csma.o)         obj_sky/contiki-sky-main.o (csma_driver)
contiki-sky.a(contikimac.o)   obj_sky/contiki-sky-main.o (contikimac_driver)
contiki-sky.a(phase.o)        contiki-sky.a(contikimac.o) (phase_init)
contiki-sky.a(process.o)      obj_sky/contiki-sky-main.o (process_init)
contiki-sky.a(autostart.o)    obj_sky/contiki-sky-main.o (autostart_start)
contiki-sky.a(compower.o)     contiki-sky.a(contikimac.o) (compower_idle_activity)
contiki-sky.a(serial-line.o)  obj_sky/contiki-sky-main.o (serial_line_init)
contiki-sky.a(memb.o)         contiki-sky.a(collect-neighbo) (memb_alloc)
contiki-sky.a(timer.o)        obj_sky/contiki-sky-main.o (timer_reset)
contiki-sky.a(list.o)         contiki-sky.a(announcement.o) (list_init)
contiki-sky.a(etimer.o)       example-collect.co (etimer_expired)
contiki-sky.a(ctimer.o)       contiki-sky.a(csma.o) (ctimer_expired)
contiki-sky.a(energest.o)     obj_sky/contiki-sky-main.o (energest_init)
contiki-sky.a(rtimer.o)       contiki-sky.a(contikimac.o) (rtimer_set)
contiki-sky.a(random.o)       example-collect.co (random_rand)
contiki-sky.a(ringbuf.o)      contiki-sky.a(serial-line.o) (ringbuf_init)
contiki-sky.a(packetbuf.o)    contiki-sky.a(collect.o) (packetbuf_hdralloc)
contiki-sky.a(queuebuf.o)     contiki-sky.a(collect.o) (queuebuf_to_packetbuf)
contiki-sky.a(packetqueue.o)  contiki-sky.a(collect.o) (packetqueue_queuebuf)
contiki-sky.a(contiki-sky-pla)
                              obj_sky/contiki-sky-main.o (init_platform)
contiki-sky.a(button-sensor.o)
                              contiki-sky.a(contiki-sky-pla) (button_sensor)
contiki-sky.a(ds2411.o)       obj_sky/contiki-sky-main.o (ds2411_init)
contiki-sky.a(xmem.o)         obj_sky/contiki-sky-main.o (xmem_init)
contiki-sky.a(node-id.o)      obj_sky/contiki-sky-main.o (node_id_restore)
contiki-sky.a(sensors.o)      contiki-sky.a(button-sensor.o) (sensors_changed)
contiki-sky.a(cc2420.o)       obj_sky/contiki-sky-main.o (cc2420_set_pan_addr)
contiki-sky.a(cc2420-arch.o)  contiki-sky.a(cc2420.o) (cc2420_arch_init)
contiki-sky.a(uart1.o)        obj_sky/contiki-sky-main.o (uart1_active)
contiki-sky.a(uart1-putchar.o)
                              obj_sky/contiki-sky-main.o (putchar)
contiki-sky.a(msp430.o)       contiki-sky.a(broadcast-annou) (w_memcpy)
contiki-sky.a(clock.o)        contiki-sky.a(collect.o) (clock_time)
contiki-sky.a(leds.o)         obj_sky/contiki-sky-main.o (leds_off)
contiki-sky.a(leds-arch.o)    contiki-sky.a(leds.o) (leds_arch_init)
contiki-sky.a(watchdog.o)     contiki-sky.a(msp430.o) (watchdog_init)
contiki-sky.a(rtimer-arch.o)  contiki-sky.a(rtimer.o) (rtimer_arch_init)
contiki-sky.a(unicast.o)      contiki-sky.a(collect.o) (unicast_send)
contiki-sky.a(mac.o)          contiki-sky.a(csma.o) (mac_call_sent_callback)
contiki-sky.a(framer-802154.o)
                              contiki-sky.a(contikimac.o) (framer_802154)
contiki-sky.a(spi.o)          contiki-sky.a(xmem.o) (spi_init)
contiki-sky.a(frame802154.o)  contiki-sky.a(framer-802154.o) (frame802154_parse)
/opt/msp430-gcc-4.4.5/lib/gcc/msp430/4.4.5/msp2/libgcc.a(_mulsi3hw.o)
                              contiki-sky.a(csma.o) (__umulsi3hw)
/opt/msp430-gcc-4.4.5/lib/gcc/msp430/4.4.5/msp2/libgcc.a(_udivmodhi4.o)
                              example-collect.co (__udivmodhi4)
/opt/msp430-gcc-4.4.5/lib/gcc/msp430/4.4.5/msp2/libgcc.a(_udivmodsi4.o)
                              obj_sky/contiki-sky-main.o (__udivmodsi4)
/opt/msp430-gcc-4.4.5/lib/gcc/msp430/4.4.5/msp2/libgcc.a(_reset_vector__.o)
                              /opt/msp430-gcc-4.4.5/lib/gcc/msp430/4.4.5/../../../../msp430/lib/crt430x1611.o (_reset_vector__)
/opt/msp430-gcc-4.4.5/lib/gcc/msp430/4.4.5/msp2/libgcc.a(__init_stack.o)
                              /opt/msp430-gcc-4.4.5/lib/gcc/msp430/4.4.5/msp2/libgcc.a(_reset_vector__.o) (__init_stack)
/opt/msp430-gcc-4.4.5/lib/gcc/msp430/4.4.5/msp2/libgcc.a(_copy_data.o)
                              /opt/msp430-gcc-4.4.5/lib/gcc/msp430/4.4.5/msp2/libgcc.a(_reset_vector__.o) (__do_copy_data)
/opt/msp430-gcc-4.4.5/lib/gcc/msp430/4.4.5/msp2/libgcc.a(_clear_bss.o)
                              /opt/msp430-gcc-4.4.5/lib/gcc/msp430/4.4.5/msp2/libgcc.a(_reset_vector__.o) (__do_clear_bss)
/opt/msp430-gcc-4.4.5/lib/gcc/msp430/4.4.5/msp2/libgcc.a(__jump_to_main.o)
                              /opt/msp430-gcc-4.4.5/lib/gcc/msp430/4.4.5/msp2/libgcc.a(_reset_vector__.o) (__jump_to_main)
/opt/msp430-gcc-4.4.5/lib/gcc/msp430/4.4.5/../../../../msp430/lib/msp2/libc.a(strncmp.o)
                              contiki-sky.a(sensors.o) (strncmp)
/opt/msp430-gcc-4.4.5/lib/gcc/msp430/4.4.5/../../../../msp430/lib/msp2/libc.a(strcpy.o)
                              example-collect.co (strcpy)
/opt/msp430-gcc-4.4.5/lib/gcc/msp430/4.4.5/../../../../msp430/lib/msp2/libc.a(printf.o)
                              example-collect.co (printf)
/opt/msp430-gcc-4.4.5/lib/gcc/msp430/4.4.5/../../../../msp430/lib/msp2/libc.a(vuprintf.o)
                              /opt/msp430-gcc-4.4.5/lib/gcc/msp430/4.4.5/../../../../msp430/lib/msp2/libc.a(printf.o) (vuprintf)
/opt/msp430-gcc-4.4.5/lib/gcc/msp430/4.4.5/../../../../msp430/lib/msp2/libc.a(puts.o)
                              example-collect.co (puts)
/opt/msp430-gcc-4.4.5/lib/gcc/msp430/4.4.5/../../../../msp430/lib/msp2/libc.a(rand.o)
                              contiki-sky.a(random.o) (rand)
/opt/msp430-gcc-4.4.5/lib/gcc/msp430/4.4.5/../../../../msp430/lib/msp2/libc.a(_unexpected_.o)
                              /opt/msp430-gcc-4.4.5/lib/gcc/msp430/4.4.5/../../../../msp430/lib/crt430x1611.o (_unexpected_)
/opt/msp430-gcc-4.4.5/lib/gcc/msp430/4.4.5/../../../../msp430/lib/msp2/libc.a(memchr.o)
                              /opt/msp430-gcc-4.4.5/lib/gcc/msp430/4.4.5/../../../../msp430/lib/msp2/libc.a(vuprintf.o) (memchr)
/opt/msp430-gcc-4.4.5/lib/gcc/msp430/4.4.5/../../../../msp430/lib/msp2/libc.a(strlen.o)
                              /opt/msp430-gcc-4.4.5/lib/gcc/msp430/4.4.5/../../../../msp430/lib/msp2/libc.a(vuprintf.o) (strlen)

Allocating common symbols
Common symbol       size              file

compower_idle_activity
                    0x8               contiki-sky.a(compower.o)
energest_total_time
                    0x30              contiki-sky.a(energest.o)
cc2420_last_rssi    0x1               contiki-sky.a(cc2420.o)
cc2420_packets_read
                    0x2               contiki-sky.a(cc2420.o)
cc2420_packets_seen
                    0x2               contiki-sky.a(cc2420.o)
energest_total_count
                    0x2               contiki-sky.a(energest.o)
cc2420_sfd_start_time
                    0x2               contiki-sky.a(cc2420.o)
cc2420_time_of_departure
                    0x2               contiki-sky.a(cc2420.o)
cc2420_time_of_arrival
                    0x2               contiki-sky.a(cc2420.o)
rimestats           0x48              contiki-sky.a(rimestats.o)
energest_current_mode
                    0xc               contiki-sky.a(energest.o)
packetbuf_addrs     0x8               contiki-sky.a(packetbuf.o)
rimeaddr_node_addr  0x2               contiki-sky.a(rimeaddr.o)
process_maxevents   0x1               contiki-sky.a(process.o)
cc2420_last_correlation
                    0x1               contiki-sky.a(cc2420.o)
cc2420_authority_level_of_sender
                    0x2               contiki-sky.a(cc2420.o)
packetbuf_attrs     0x30              contiki-sky.a(packetbuf.o)
msp430_dco_required
                    0x2               contiki-sky.a(msp430.o)
cc2420_sfd_counter  0x1               contiki-sky.a(cc2420.o)
rime_mac            0x2               contiki-sky.a(rime.o)
stats               0x38              contiki-sky.a(collect.o)
energest_current_time
                    0x18              contiki-sky.a(energest.o)
sensors_flags       0x2               contiki-sky.a(contiki-sky-pla)
serial_line_event_message
                    0x1               contiki-sky.a(serial-line.o)
cc2420_sfd_end_time
                    0x2               contiki-sky.a(cc2420.o)
sensors_event       0x1               contiki-sky.a(sensors.o)
ds2411_id           0x8               contiki-sky.a(ds2411.o)

Memory Configuration

Name             Origin             Length             Attributes
text             0x00004000         0x0000bfe0         xr
data             0x00001100         0x00002800         xrw
vectors          0x0000ffe0         0x00000020         rw
bootloader       0x00000c00         0x00000400         xr
infomem          0x00001000         0x00000100         xr
infomemnobits    0x00001000         0x00000100         xr
*default*        0x00000000         0xffffffff

Linker script and memory map

LOAD /opt/msp430-gcc-4.4.5/lib/gcc/msp430/4.4.5/../../../../msp430/lib/crt430x1611.o
LOAD example-collect.co
LOAD obj_sky/contiki-sky-main.o
LOAD contiki-sky.a
LOAD /opt/msp430-gcc-4.4.5/lib/gcc/msp430/4.4.5/msp2/libgcc.a
LOAD /opt/msp430-gcc-4.4.5/lib/gcc/msp430/4.4.5/../../../../msp430/lib/msp2/libc.a
LOAD /opt/msp430-gcc-4.4.5/lib/gcc/msp430/4.4.5/msp2/libgcc.a

.hash
 *(.hash)

.dynsym
 *(.dynsym)

.dynstr
 *(.dynstr)

.gnu.version
 *(.gnu.version)

.gnu.version_d
 *(.gnu.version_d)

.gnu.version_r
 *(.gnu.version_r)

.rel.init
 *(.rel.init)

.rela.init
 *(.rela.init)

.rel.text
 *(.rel.text)
 *(.rel.text.*)
 *(.rel.gnu.linkonce.t*)

.rela.text
 *(.rela.text)
 *(.rela.text.*)
 *(.rela.gnu.linkonce.t*)

.rel.fini
 *(.rel.fini)

.rela.fini
 *(.rela.fini)

.rel.rodata
 *(.rel.rodata)
 *(.rel.rodata.*)
 *(.rel.gnu.linkonce.r*)

.rela.rodata
 *(.rela.rodata)
 *(.rela.rodata.*)
 *(.rela.gnu.linkonce.r*)

.rel.data
 *(.rel.data)
 *(.rel.data.*)
 *(.rel.gnu.linkonce.d*)

.rela.data
 *(.rela.data)
 *(.rela.data.*)
 *(.rela.gnu.linkonce.d*)

.rel.ctors
 *(.rel.ctors)

.rela.ctors
 *(.rela.ctors)

.rel.dtors
 *(.rel.dtors)

.rela.dtors
 *(.rela.dtors)

.rel.got
 *(.rel.got)

.rela.got
 *(.rela.got)

.rel.bss
 *(.rel.bss)

.rela.bss
 *(.rela.bss)

.rel.plt
 *(.rel.plt)

.rela.plt
 *(.rela.plt)

.text           0x00004000     0x6d66
                0x00004000                . = ALIGN (0x2)
 *(.init)
 *(.init)
 *(.init0)
 .init0         0x00004000        0x0 /opt/msp430-gcc-4.4.5/lib/gcc/msp430/4.4.5/msp2/libgcc.a(_reset_vector__.o)
                0x00004000                _reset_vector__
 *(.init0)
 *(.init1)
 *(.init1)
 *(.init2)
 .init2         0x00004000        0x4 /opt/msp430-gcc-4.4.5/lib/gcc/msp430/4.4.5/msp2/libgcc.a(__init_stack.o)
                0x00004000                __init_stack
 *(.init2)
 *(.init3)
 .init3         0x00004004        0x6 /opt/msp430-gcc-4.4.5/lib/gcc/msp430/4.4.5/../../../../msp430/lib/crt430x1611.o
                0x00004004                __low_level_init
 *(.init3)
 *(.init4)
 .init4         0x0000400a       0x12 /opt/msp430-gcc-4.4.5/lib/gcc/msp430/4.4.5/msp2/libgcc.a(_copy_data.o)
                0x0000400a                __do_copy_data
 .init4         0x0000401c       0x10 /opt/msp430-gcc-4.4.5/lib/gcc/msp430/4.4.5/msp2/libgcc.a(_clear_bss.o)
                0x0000401c                __do_clear_bss
 *(.init4)
 *(.init5)
 *(.init5)
 *(.init6)
 *(.init6)
 *(.init7)
 *(.init7)
 *(.init8)
 *(.init8)
 *(.init9)
 .init9         0x0000402c        0x4 /opt/msp430-gcc-4.4.5/lib/gcc/msp430/4.4.5/msp2/libgcc.a(__jump_to_main.o)
                0x0000402c                __jump_to_main
 *(.init9)
                0x00004030                __ctors_start = .
 *(.ctors)
 *(.ctors)
                0x00004030                __ctors_end = .
                0x00004030                __dtors_start = .
 *(.dtors)
 *(.dtors)
                0x00004030                __dtors_end = .
                0x00004030                . = ALIGN (0x2)
 *(.text)
 .text          0x00004030        0x4 /opt/msp430-gcc-4.4.5/lib/gcc/msp430/4.4.5/../../../../msp430/lib/crt430x1611.o
                0x00004030                vector_ffe0
                0x00004030                vector_fff0
                0x00004030                vector_fffc
                0x00004030                vector_ffe4
                0x00004030                vector_fffa
                0x00004030                vector_ffee
                0x00004030                vector_fff8
                0x00004030                vector_fff2
                0x00004030                vector_fff6
 .text          0x00004034      0x212 example-collect.co
                0x00004240                autostart_processes
 .text          0x00004246      0x3f4 obj_sky/contiki-sky-main.o
                0x00004328                main
                0x00004634                uip_log
 .text          0x0000463a       0x38 contiki-sky.a(rimeaddr.o)
                0x0000463a                rimeaddr_copy
                0x00004646                rimeaddr_cmp
                0x00004660                rimeaddr_set_node_addr
                0x00004670                rimeaddr_null
 .text          0x00004672      0x106 contiki-sky.a(rime.o)
                0x000046e8                rime_output
                0x00004754                rime_sniffer_remove
                0x00004760                rime_sniffer_add
                0x00004772                rime_driver
 .text          0x00004778        0x0 contiki-sky.a(rimestats.o)
 .text          0x00004778      0x124 contiki-sky.a(announcement.o)
                0x00004778                announcement_remove_value
                0x0000479a                announcement_set_value
                0x000047c2                announcement_bump
                0x000047e4                announcement_listen
                0x000047f0                announcement_register_listen_callback
                0x000047f6                announcement_register_observer_callback
                0x000047fc                announcement_list
                0x00004806                announcement_heard
                0x00004848                announcement_remove
                0x00004854                announcement_register
                0x00004892                announcement_init
 .text          0x0000489c      0x232 contiki-sky.a(broadcast-annou)
                0x0000489e                broadcast_announcement_beacon_interval
                0x000048a8                broadcast_announcement_stop
                0x000048ca                broadcast_announcement_init
 .text          0x00004ace       0x82 contiki-sky.a(broadcast.o)
                0x00004ade                broadcast_send
                0x00004b18                broadcast_close
                0x00004b1e                broadcast_open
 .text          0x00004b50       0x4c contiki-sky.a(abc.o)
                0x00004b50                abc_input
                0x00004b58                abc_sent
                0x00004b68                abc_send
                0x00004b6e                abc_close
                0x00004b74                abc_open
 .text          0x00004b9c      0xd42 contiki-sky.a(collect.o)
                0x00004b9c                collect_depth
                0x00004ba2                collect_parent
                0x00004ba8                collect_print_stats
                0x00004da6                collect_purge
                0x0000501e                collect_set_keepalive
                0x00005076                collect_set_sink
                0x000051bc                collect_send
                0x000052b0                collect_close
                0x000052dc                collect_open
 .text          0x000058de      0x338 contiki-sky.a(collect-neighbo)
                0x000058de                collect_neighbor_list
                0x000058e4                collect_neighbor_update_rtmetric
                0x000058f2                collect_neighbor_rtmetric
                0x000058f8                collect_neighbor_is_congested
                0x0000590c                collect_neighbor_set_congested
                0x0000591c                collect_neighbor_rtmetric_link_estimate
                0x00005930                collect_neighbor_link_estimate
                0x00005958                collect_neighbor_rx
                0x0000596c                collect_neighbor_tx
                0x00005984                collect_neighbor_tx_fail
                0x0000599c                collect_neighbor_list_purge
                0x000059c4                collect_neighbor_list_get
                0x000059ea                collect_neighbor_list_best
                0x00005a2c                collect_neighbor_list_num
                0x00005a36                collect_neighbor_list_find
                0x00005a68                collect_neighbor_list_remove
                0x00005a92                collect_neighbor_list_add
                0x00005b42                collect_neighbor_list_new
                0x00005c02                collect_neighbor_init
 .text          0x00005c16       0xce contiki-sky.a(collect-link-es)
                0x00005c16                collect_link_estimate_new
                0x00005c24                collect_link_estimate_update_tx
                0x00005cc0                collect_link_estimate_update_tx_fail
                0x00005cc8                collect_link_estimate_update_rx
                0x00005cca                collect_link_estimate
                0x00005cda                collect_link_estimate_num_estimates
 .text          0x00005ce4       0x34 contiki-sky.a(chameleon.o)
                0x00005ce4                chameleon_parse
                0x00005cf4                chameleon_create
                0x00005d0c                chameleon_hdrsize
                0x00005d12                chameleon_init
 .text          0x00005d18       0x6a contiki-sky.a(channel.o)
                0x00005d18                channel_lookup
                0x00005d38                channel_close
                0x00005d44                channel_open
                0x00005d54                channel_set_attributes
                0x00005d78                channel_init
 .text          0x00005d82      0x3da contiki-sky.a(chameleon-bitop)
                0x00005d82                get_bits_in_byte
                0x00005db2                get_bits
                0x00005ea4                set_bits_in_byte
                0x00005eca                set_bits
                0x0000614c                chameleon_bitopt
 .text          0x0000615c      0x29e contiki-sky.a(csma.o)
                0x000063ec                csma_driver
 .text          0x000063fa      0x734 contiki-sky.a(contikimac.o)
                0x0000643e                contikimac_debug_print
                0x00006b20                contikimac_driver
 .text          0x00006b2e      0x24e contiki-sky.a(phase.o)
                0x00006b2e                phase_init
                0x00006b7c                find_neighbor
                0x00006bae                phase_wait
                0x00006c9a                phase_update
                0x00006d52                phase_remove
 .text          0x00006d7c      0x2d0 contiki-sky.a(process.o)
                0x00006d7c                process_alloc_event
                0x00006e6a                process_exit
                0x00006e74                process_init
                0x00006e90                process_run
                0x00006f80                process_nevents
                0x00006f8e                process_post
                0x00006fe4                process_post_synch
                0x00006ff6                process_start
                0x00007024                process_poll
                0x0000703e                process_is_running
 .text          0x0000704c       0x2a contiki-sky.a(autostart.o)
                0x0000704c                autostart_exit
                0x00007060                autostart_start
 .text          0x00007076       0xc6 contiki-sky.a(compower.o)
                0x00007076                compower_init
                0x00007088                compower_clear
                0x0000709a                compower_attrconv
                0x000070aa                compower_accumulate_attrs
                0x000070ca                compower_accumulate
 .text          0x0000713c      0x11a contiki-sky.a(serial-line.o)
                0x000071e6                serial_line_init
                0x00007202                serial_line_input_byte
 .text          0x00007256       0xde contiki-sky.a(memb.o)
                0x00007256                memb_alloc
                0x00007294                memb_free
                0x000072ce                memb_inmemb
                0x000072fe                memb_init
 .text          0x00007334       0x96 contiki-sky.a(timer.o)
                0x00007334                timer_reset
                0x00007342                timer_remaining
                0x00007368                timer_expired
                0x0000739a                timer_restart
                0x000073ae                timer_set
 .text          0x000073ca      0x16c contiki-sky.a(list.o)
                0x000073ca                list_init
                0x000073d0                list_head
                0x000073d4                list_copy
                0x000073da                list_tail
                0x000073f0                list_add
                0x00007446                list_push
                0x0000747c                list_chop
                0x000074a2                list_pop
                0x000074b0                list_remove
                0x000074de                list_length
                0x000074ee                list_insert
                0x0000752e                list_item_next
 .text          0x00007536      0x26c contiki-sky.a(etimer.o)
                0x00007536                etimer_expired
                0x00007544                etimer_expiration_time
                0x00007556                etimer_start_time
                0x0000755c                etimer_pending
                0x00007568                etimer_next_expiration_time
                0x000075fc                etimer_stop
                0x00007638                etimer_adjust
                0x00007650                etimer_request_poll
                0x00007760                etimer_restart
                0x00007772                etimer_reset
                0x00007784                etimer_set
 .text          0x000077a2      0x1ec contiki-sky.a(ctimer.o)
                0x00007846                ctimer_expired
                0x00007878                ctimer_stop
                0x000078a0                ctimer_restart
                0x000078da                ctimer_set
                0x0000792c                ctimer_reset
                0x00007966                ctimer_init
 .text          0x0000798e       0xc6 contiki-sky.a(energest.o)
                0x0000798e                energest_init
                0x000079b8                energest_leveldevice_leveltime
                0x000079be                energest_type_set
                0x000079cc                energest_flush
                0x00007a10                energest_type_time
 .text          0x00007a54       0x50 contiki-sky.a(rtimer.o)
                0x00007a54                rtimer_run_next
                0x00007a7a                rtimer_set
                0x00007a9e                rtimer_init
 .text          0x00007aa4        0xc contiki-sky.a(random.o)
                0x00007aa4                random_rand
                0x00007aaa                random_init
 .text          0x00007ab0       0x9c contiki-sky.a(ringbuf.o)
                0x00007ab0                ringbuf_init
                0x00007ac4                ringbuf_put
                0x00007b00                ringbuf_get
                0x00007b32                ringbuf_size
                0x00007b3a                ringbuf_elements
 .text          0x00007b4c      0x26c contiki-sky.a(packetbuf.o)
                0x00007b4c                packetbuf_clear_hdr
                0x00007b54                packetbuf_hdralloc
                0x00007b80                packetbuf_hdr_remove
                0x00007b86                packetbuf_hdrreduce
                0x00007ba0                packetbuf_set_datalen
                0x00007ba6                packetbuf_dataptr
                0x00007bb4                packetbuf_hdrptr
                0x00007bbe                packetbuf_is_reference
                0x00007bd2                packetbuf_reference_ptr
                0x00007bd8                packetbuf_datalen
                0x00007bde                packetbuf_hdrlen
                0x00007be8                packetbuf_totlen
                0x00007bf8                packetbuf_attr_copyfrom
                0x00007c1a                packetbuf_attr_copyto
                0x00007c3a                packetbuf_copyto
                0x00007c96                packetbuf_copyto_hdr
                0x00007cb8                packetbuf_compact
                0x00007d0c                packetbuf_attr_clear
                0x00007d4e                packetbuf_clear
                0x00007d6e                packetbuf_reference
                0x00007d88                packetbuf_copyfrom
 .text          0x00007db8      0x18a contiki-sky.a(queuebuf.o)
                0x00007db8                queuebuf_datalen
                0x00007dbc                queuebuf_addr
                0x00007dc8                queuebuf_attr
                0x00007dd6                queuebuf_debug_print
                0x00007dd8                queuebuf_dataptr
                0x00007e0c                queuebuf_to_packetbuf
                0x00007e7a                queuebuf_free
                0x00007eb6                queuebuf_update_attr_from_packetbuf
                0x00007ec6                queuebuf_new_from_packetbuf
                0x00007f30                queuebuf_init
 .text          0x00007f42      0x136 contiki-sky.a(packetqueue.o)
                0x00007f42                packetqueue_queuebuf
                0x00007f4c                packetqueue_ptr
                0x00007f56                packetqueue_len
                0x00007f60                packetqueue_first
                0x00007f6a                packetqueue_dequeue
                0x00007fe0                packetqueue_enqueue_packetbuf
                0x00008060                packetqueue_init
 .text          0x00008078        0xc contiki-sky.a(contiki-sky-pla)
                0x00008078                init_platform
 .text          0x00008084      0x110 contiki-sky.a(button-sensor.o)
                0x000080fe                irq_p2
                0x000080fe                vector_ffe2
                0x0000818c                button_sensor
 .text          0x00008194      0x188 contiki-sky.a(ds2411.o)
                0x000081ea                ds2411_init
 .text          0x0000831c      0x360 contiki-sky.a(xmem.o)
                0x0000836a                xmem_erase
                0x00008428                xmem_pwrite
                0x00008564                xmem_pread
                0x00008640                xmem_init
 .text          0x0000867c       0x6e contiki-sky.a(node-id.o)
                0x0000867c                node_id_burn
                0x000086b2                node_id_restore
 .text          0x000086ea      0x170 contiki-sky.a(sensors.o)
                0x000086ea                sensors_first
                0x000086f0                sensors_next
                0x000087da                sensors_find
                0x00008826                sensors_changed
 .text          0x0000885a      0xc2c contiki-sky.a(cc2420.o)
                0x0000891c                cc2420_get_channel
                0x00008b72                cc2420_set_cca_threshold
                0x00008b88                cc2420_cca_valid
                0x00008bc6                cc2420_get_txpower
                0x00008be4                cc2420_set_txpower
                0x00008bf2                cc2420_set_pan_addr
                0x00008d44                cc2420_set_channel
                0x00008e04                cc2420_on
                0x00009058                cc2420_off
                0x00009138                cc2420_rssi
                0x00009318                cc2420_interrupt
                0x00009386                cc2420_init
                0x00009472                cc2420_driver
 .text          0x00009486       0x7c contiki-sky.a(cc2420-arch.o)
                0x00009486                cc2420_arch_init
                0x000094a0                cc24240_port1_interrupt
                0x000094a0                vector_ffe8
 .text          0x00009502      0x194 contiki-sky.a(uart1.o)
                0x00009502                uart1_active
                0x00009516                uart1_set_input
                0x0000951c                uart1_init
                0x000095e0                uart1_rx_interrupt
                0x000095e0                vector_ffe6
                0x0000967c                uart1_writeb
 .text          0x00009696        0xe contiki-sky.a(uart1-putchar.o)
                0x00009696                putchar
 .text          0x000096a4      0x168 contiki-sky.a(msp430.o)
                0x000096a4                w_memcpy
                0x000096c6                w_memset
                0x000096d8                msp430_init_dco
                0x0000974a                msp430_add_lpm_req
                0x00009754                msp430_remove_lpm_req
                0x0000975e                sbrk
                0x0000977c                splhigh_
                0x00009784                splx_
                0x00009788                msp430_sync_dco
                0x000097e4                msp430_cpu_init
 .text          0x0000980c      0x1cc contiki-sky.a(clock.o)
                0x0000980c                clock_time
                0x00009826                clock_set
                0x0000983c                clock_fine_max
                0x00009842                clock_fine
                0x0000984c                clock_init
                0x00009872                clock_delay
                0x00009878                clock_wait
                0x000098ce                clock_set_seconds
                0x000098d0                clock_seconds
                0x000098ea                clock_counter
                0x000098f0                timera1
                0x000098f0                vector_ffea
 .text          0x000099d8      0x176 contiki-sky.a(leds.o)
                0x00009adc                leds_invert
                0x00009ae6                leds_toggle
                0x00009aec                leds_off
                0x00009b00                leds_on
                0x00009b14                leds_get
                0x00009b1a                leds_blink
                0x00009b40                leds_init
 .text          0x00009b4e       0x8a contiki-sky.a(leds-arch.o)
                0x00009b4e                leds_arch_init
                0x00009b5c                leds_arch_get
                0x00009b98                leds_arch_set
 .text          0x00009bd8       0x5a contiki-sky.a(watchdog.o)
                0x00009bd8                watchdog_interrupt
                0x00009bd8                vector_fff4
                0x00009bde                watchdog_init
                0x00009bf2                watchdog_start
                0x00009c06                watchdog_periodic
                0x00009c16                watchdog_stop
                0x00009c2c                watchdog_reboot
 .text          0x00009c32       0x9c contiki-sky.a(rtimer-arch.o)
                0x00009c32                rtimer_arch_init
                0x00009c3e                rtimer_arch_now
                0x00009c4c                rtimer_arch_schedule
                0x00009c52                vector_ffec
                0x00009c52                timera0
 .text          0x00009cce       0x88 contiki-sky.a(unicast.o)
                0x00009cde                unicast_send
                0x00009cf4                unicast_close
                0x00009cfa                unicast_open
 .text          0x00009d56       0x14 contiki-sky.a(mac.o)
                0x00009d56                mac_call_sent_callback
 .text          0x00009d6a      0x1ba contiki-sky.a(framer-802154.o)
                0x00009f20                framer_802154
 .text          0x00009f24       0x30 contiki-sky.a(spi.o)
                0x00009f24                spi_init
 .text          0x00009f54      0x3d6 contiki-sky.a(frame802154.o)
                0x00009f54                frame802154_parse
                0x0000a192                frame802154_create
                0x0000a302                frame802154_hdrlen
 .text          0x0000a32a        0x0 /opt/msp430-gcc-4.4.5/lib/gcc/msp430/4.4.5/msp2/libgcc.a(_mulsi3hw.o)
 .text          0x0000a32a        0x0 /opt/msp430-gcc-4.4.5/lib/gcc/msp430/4.4.5/msp2/libgcc.a(_udivmodhi4.o)
 .text          0x0000a32a        0x0 /opt/msp430-gcc-4.4.5/lib/gcc/msp430/4.4.5/msp2/libgcc.a(_udivmodsi4.o)
 .text          0x0000a32a        0x0 /opt/msp430-gcc-4.4.5/lib/gcc/msp430/4.4.5/msp2/libgcc.a(_reset_vector__.o)
 .text          0x0000a32a        0x0 /opt/msp430-gcc-4.4.5/lib/gcc/msp430/4.4.5/msp2/libgcc.a(__init_stack.o)
 .text          0x0000a32a        0x0 /opt/msp430-gcc-4.4.5/lib/gcc/msp430/4.4.5/msp2/libgcc.a(_copy_data.o)
 .text          0x0000a32a        0x0 /opt/msp430-gcc-4.4.5/lib/gcc/msp430/4.4.5/msp2/libgcc.a(_clear_bss.o)
 .text          0x0000a32a        0x0 /opt/msp430-gcc-4.4.5/lib/gcc/msp430/4.4.5/msp2/libgcc.a(__jump_to_main.o)
 .text          0x0000a32a       0x58 /opt/msp430-gcc-4.4.5/lib/gcc/msp430/4.4.5/../../../../msp430/lib/msp2/libc.a(strncmp.o)
                0x0000a32a                strncmp
 .text          0x0000a382       0x24 /opt/msp430-gcc-4.4.5/lib/gcc/msp430/4.4.5/../../../../msp430/lib/msp2/libc.a(strcpy.o)
                0x0000a382                strcpy
 .text          0x0000a3a6       0x2e /opt/msp430-gcc-4.4.5/lib/gcc/msp430/4.4.5/../../../../msp430/lib/msp2/libc.a(printf.o)
                0x0000a3a6                printf
 .text          0x0000a3d4      0x74c /opt/msp430-gcc-4.4.5/lib/gcc/msp430/4.4.5/../../../../msp430/lib/msp2/libc.a(vuprintf.o)
                0x0000a458                vuprintf
 .text          0x0000ab20       0x4a /opt/msp430-gcc-4.4.5/lib/gcc/msp430/4.4.5/../../../../msp430/lib/msp2/libc.a(puts.o)
                0x0000ab20                puts
 .text          0x0000ab6a      0x128 /opt/msp430-gcc-4.4.5/lib/gcc/msp430/4.4.5/../../../../msp430/lib/msp2/libc.a(rand.o)
                0x0000ac2a                rand_r
                0x0000ac66                rand
                0x0000ac76                srand
 .text          0x0000ac92        0x2 /opt/msp430-gcc-4.4.5/lib/gcc/msp430/4.4.5/../../../../msp430/lib/msp2/libc.a(_unexpected_.o)
                0x0000ac92                _unexpected_
 .text          0x0000ac94       0x3a /opt/msp430-gcc-4.4.5/lib/gcc/msp430/4.4.5/../../../../msp430/lib/msp2/libc.a(memchr.o)
                0x0000ac94                memchr
 .text          0x0000acce       0x2a /opt/msp430-gcc-4.4.5/lib/gcc/msp430/4.4.5/../../../../msp430/lib/msp2/libc.a(strlen.o)
                0x0000acce                strlen
                0x0000acf8                . = ALIGN (0x2)
 *(.text.*)
 .text.libgcc   0x0000acf8       0x28 /opt/msp430-gcc-4.4.5/lib/gcc/msp430/4.4.5/msp2/libgcc.a(_mulsi3hw.o)
                0x0000acf8                __umulsi3hw
 .text.libgcc   0x0000ad20       0x1c /opt/msp430-gcc-4.4.5/lib/gcc/msp430/4.4.5/msp2/libgcc.a(_udivmodhi4.o)
                0x0000ad20                __udivmodhi4
 .text.libgcc   0x0000ad3c       0x2a /opt/msp430-gcc-4.4.5/lib/gcc/msp430/4.4.5/msp2/libgcc.a(_udivmodsi4.o)
                0x0000ad3c                __udivmodsi4
 .text.libgcc   0x0000ad66        0x0 /opt/msp430-gcc-4.4.5/lib/gcc/msp430/4.4.5/msp2/libgcc.a(_reset_vector__.o)
 .text.libgcc   0x0000ad66        0x0 /opt/msp430-gcc-4.4.5/lib/gcc/msp430/4.4.5/msp2/libgcc.a(__init_stack.o)
 .text.libgcc   0x0000ad66        0x0 /opt/msp430-gcc-4.4.5/lib/gcc/msp430/4.4.5/msp2/libgcc.a(_copy_data.o)
 .text.libgcc   0x0000ad66        0x0 /opt/msp430-gcc-4.4.5/lib/gcc/msp430/4.4.5/msp2/libgcc.a(_clear_bss.o)
 .text.libgcc   0x0000ad66        0x0 /opt/msp430-gcc-4.4.5/lib/gcc/msp430/4.4.5/msp2/libgcc.a(__jump_to_main.o)
                0x0000ad66                . = ALIGN (0x2)
 *(.fini9)
 *(.fini9)
 *(.fini8)
 *(.fini8)
 *(.fini7)
 *(.fini7)
 *(.fini6)
 *(.fini6)
 *(.fini5)
 *(.fini5)
 *(.fini4)
 *(.fini4)
 *(.fini3)
 *(.fini3)
 *(.fini2)
 *(.fini2)
 *(.fini1)
 *(.fini1)
 *(.fini0)
 *(.fini0)
 *(.fini)
 *(.fini)
                0x0000ad66                _etext = .

.data           0x00001100       0x84 load address 0x0000ad66
                0x00001100                PROVIDE (__data_start, .)
                0x00001100                . = ALIGN (0x2)
 *(.data)
 .data          0x00001100        0x0 /opt/msp430-gcc-4.4.5/lib/gcc/msp430/4.4.5/../../../../msp430/lib/crt430x1611.o
 .data          0x00001100        0xa example-collect.co
                0x00001100                example_collect_process
 .data          0x0000110a        0x0 obj_sky/contiki-sky-main.o
 .data          0x0000110a        0x0 contiki-sky.a(rimeaddr.o)
 .data          0x0000110a        0x0 contiki-sky.a(rime.o)
 .data          0x0000110a        0x0 contiki-sky.a(rimestats.o)
 .data          0x0000110a        0x0 contiki-sky.a(announcement.o)
 .data          0x0000110a        0x0 contiki-sky.a(broadcast-annou)
 .data          0x0000110a        0x0 contiki-sky.a(broadcast.o)
 .data          0x0000110a        0x0 contiki-sky.a(abc.o)
 .data          0x0000110a        0x8 contiki-sky.a(collect.o)
 .data          0x00001112        0x8 contiki-sky.a(collect-neighbo)
 .data          0x0000111a        0x0 contiki-sky.a(collect-link-es)
 .data          0x0000111a        0x0 contiki-sky.a(chameleon.o)
 .data          0x0000111a        0x0 contiki-sky.a(channel.o)
 .data          0x0000111a        0x0 contiki-sky.a(chameleon-bitop)
 .data          0x0000111a        0x8 contiki-sky.a(csma.o)
 .data          0x00001122        0xe contiki-sky.a(contikimac.o)
                0x00001122                phase_list
 .data          0x00001130        0x8 contiki-sky.a(phase.o)
 .data          0x00001138        0x0 contiki-sky.a(process.o)
 .data          0x00001138        0x0 contiki-sky.a(autostart.o)
 .data          0x00001138        0x0 contiki-sky.a(compower.o)
 .data          0x00001138        0xa contiki-sky.a(serial-line.o)
                0x00001138                serial_line_process
 .data          0x00001142        0x0 contiki-sky.a(memb.o)
 .data          0x00001142        0x0 contiki-sky.a(timer.o)
 .data          0x00001142        0x0 contiki-sky.a(list.o)
 .data          0x00001142        0xa contiki-sky.a(etimer.o)
                0x00001142                etimer_process
 .data          0x0000114c        0xa contiki-sky.a(ctimer.o)
                0x0000114c                ctimer_process
 .data          0x00001156        0x0 contiki-sky.a(energest.o)
 .data          0x00001156        0x0 contiki-sky.a(rtimer.o)
 .data          0x00001156        0x0 contiki-sky.a(random.o)
 .data          0x00001156        0x0 contiki-sky.a(ringbuf.o)
 .data          0x00001156        0x0 contiki-sky.a(packetbuf.o)
 .data          0x00001156       0x10 contiki-sky.a(queuebuf.o)
 .data          0x00001166        0x0 contiki-sky.a(packetqueue.o)
 .data          0x00001166        0x4 contiki-sky.a(contiki-sky-pla)
                0x00001166                sensors
 .data          0x0000116a        0x0 contiki-sky.a(button-sensor.o)
 .data          0x0000116a        0x0 contiki-sky.a(ds2411.o)
 .data          0x0000116a        0x0 contiki-sky.a(xmem.o)
 .data          0x0000116a        0x0 contiki-sky.a(node-id.o)
 .data          0x0000116a        0xa contiki-sky.a(sensors.o)
                0x0000116a                sensors_process
 .data          0x00001174        0xa contiki-sky.a(cc2420.o)
                0x00001174                cc2420_process
 .data          0x0000117e        0x0 contiki-sky.a(cc2420-arch.o)
 .data          0x0000117e        0x0 contiki-sky.a(uart1.o)
 .data          0x0000117e        0x0 contiki-sky.a(uart1-putchar.o)
 .data          0x0000117e        0x2 contiki-sky.a(msp430.o)
 .data          0x00001180        0x0 contiki-sky.a(clock.o)
 .data          0x00001180        0x0 contiki-sky.a(leds.o)
 .data          0x00001180        0x0 contiki-sky.a(leds-arch.o)
 .data          0x00001180        0x0 contiki-sky.a(watchdog.o)
 .data          0x00001180        0x0 contiki-sky.a(rtimer-arch.o)
 .data          0x00001180        0x0 contiki-sky.a(unicast.o)
 .data          0x00001180        0x0 contiki-sky.a(mac.o)
 .data          0x00001180        0x0 contiki-sky.a(framer-802154.o)
 .data          0x00001180        0x0 contiki-sky.a(spi.o)
 .data          0x00001180        0x0 contiki-sky.a(frame802154.o)
 .data          0x00001180        0x0 /opt/msp430-gcc-4.4.5/lib/gcc/msp430/4.4.5/msp2/libgcc.a(_mulsi3hw.o)
 .data          0x00001180        0x0 /opt/msp430-gcc-4.4.5/lib/gcc/msp430/4.4.5/msp2/libgcc.a(_udivmodhi4.o)
 .data          0x00001180        0x0 /opt/msp430-gcc-4.4.5/lib/gcc/msp430/4.4.5/msp2/libgcc.a(_udivmodsi4.o)
 .data          0x00001180        0x0 /opt/msp430-gcc-4.4.5/lib/gcc/msp430/4.4.5/msp2/libgcc.a(_reset_vector__.o)
 .data          0x00001180        0x0 /opt/msp430-gcc-4.4.5/lib/gcc/msp430/4.4.5/msp2/libgcc.a(__init_stack.o)
 .data          0x00001180        0x0 /opt/msp430-gcc-4.4.5/lib/gcc/msp430/4.4.5/msp2/libgcc.a(_copy_data.o)
 .data          0x00001180        0x0 /opt/msp430-gcc-4.4.5/lib/gcc/msp430/4.4.5/msp2/libgcc.a(_clear_bss.o)
 .data          0x00001180        0x0 /opt/msp430-gcc-4.4.5/lib/gcc/msp430/4.4.5/msp2/libgcc.a(__jump_to_main.o)
 .data          0x00001180        0x0 /opt/msp430-gcc-4.4.5/lib/gcc/msp430/4.4.5/../../../../msp430/lib/msp2/libc.a(strncmp.o)
 .data          0x00001180        0x0 /opt/msp430-gcc-4.4.5/lib/gcc/msp430/4.4.5/../../../../msp430/lib/msp2/libc.a(strcpy.o)
 .data          0x00001180        0x0 /opt/msp430-gcc-4.4.5/lib/gcc/msp430/4.4.5/../../../../msp430/lib/msp2/libc.a(printf.o)
 .data          0x00001180        0x0 /opt/msp430-gcc-4.4.5/lib/gcc/msp430/4.4.5/../../../../msp430/lib/msp2/libc.a(vuprintf.o)
 .data          0x00001180        0x0 /opt/msp430-gcc-4.4.5/lib/gcc/msp430/4.4.5/../../../../msp430/lib/msp2/libc.a(puts.o)
 .data          0x00001180        0x4 /opt/msp430-gcc-4.4.5/lib/gcc/msp430/4.4.5/../../../../msp430/lib/msp2/libc.a(rand.o)
 .data          0x00001184        0x0 /opt/msp430-gcc-4.4.5/lib/gcc/msp430/4.4.5/../../../../msp430/lib/msp2/libc.a(_unexpected_.o)
 .data          0x00001184        0x0 /opt/msp430-gcc-4.4.5/lib/gcc/msp430/4.4.5/../../../../msp430/lib/msp2/libc.a(memchr.o)
 .data          0x00001184        0x0 /opt/msp430-gcc-4.4.5/lib/gcc/msp430/4.4.5/../../../../msp430/lib/msp2/libc.a(strlen.o)
 *(SORT(.data.*))
                0x00001184                . = ALIGN (0x2)
 *(.gnu.linkonce.d*)
                0x00001184                . = ALIGN (0x2)
                0x00001184                _edata = .
                0x0000ad66                PROVIDE (__data_load_start, LOADADDR (.data))
                0x00000084                PROVIDE (__data_size, SIZEOF (.data))

.bootloader     0x00000c00        0x0
                0x00000c00                PROVIDE (__boot_start, .)
 *(.bootloader)
                0x00000c00                . = ALIGN (0x2)
 *(.bootloader.*)

.infomem        0x00001000        0x0
 *(.infomem)
                0x00001000                . = ALIGN (0x2)
 *(.infomem.*)

.infomemnobits  0x00001000        0x0
 *(.infomemnobits)
                0x00001000                . = ALIGN (0x2)
 *(.infomemnobits.*)

.bss            0x00001184     0x1946
                0x00001184                PROVIDE (__bss_start, .)
 *(.bss)
 .bss           0x00001184        0x0 /opt/msp430-gcc-4.4.5/lib/gcc/msp430/4.4.5/../../../../msp430/lib/crt430x1611.o
 .bss           0x00001184       0xb8 example-collect.co
 .bss           0x0000123c        0xc obj_sky/contiki-sky-main.o
 .bss           0x00001248        0x0 contiki-sky.a(rimeaddr.o)
 .bss           0x00001248        0x2 contiki-sky.a(rime.o)
 .bss           0x0000124a        0x0 contiki-sky.a(rimestats.o)
 .bss           0x0000124a        0x6 contiki-sky.a(announcement.o)
 .bss           0x00001250       0x46 contiki-sky.a(broadcast-annou)
 .bss           0x00001296        0x0 contiki-sky.a(broadcast.o)
 .bss           0x00001296        0x0 contiki-sky.a(abc.o)
 .bss           0x00001296      0x1be contiki-sky.a(collect.o)
 .bss           0x00001454      0x322 contiki-sky.a(collect-neighbo)
 .bss           0x00001776        0x0 contiki-sky.a(collect-link-es)
 .bss           0x00001776        0x0 contiki-sky.a(chameleon.o)
 .bss           0x00001776        0x2 contiki-sky.a(channel.o)
 .bss           0x00001778        0x0 contiki-sky.a(chameleon-bitop)
 .bss           0x00001778       0x68 contiki-sky.a(csma.o)
 .bss           0x000017e0      0x264 contiki-sky.a(contikimac.o)
 .bss           0x00001a44       0xd8 contiki-sky.a(phase.o)
 .bss           0x00001b1c       0x42 contiki-sky.a(process.o)
                0x00001b1c                process_list
                0x00001b1e                process_current
 .bss           0x00001b5e        0x0 contiki-sky.a(autostart.o)
 .bss           0x00001b5e        0x8 contiki-sky.a(compower.o)
 .bss           0x00001b66      0x10a contiki-sky.a(serial-line.o)
 .bss           0x00001c70        0x0 contiki-sky.a(memb.o)
 .bss           0x00001c70        0x0 contiki-sky.a(timer.o)
 .bss           0x00001c70        0x0 contiki-sky.a(list.o)
 .bss           0x00001c70        0x6 contiki-sky.a(etimer.o)
 .bss           0x00001c76        0x4 contiki-sky.a(ctimer.o)
 .bss           0x00001c7a        0x0 contiki-sky.a(energest.o)
 .bss           0x00001c7a        0x2 contiki-sky.a(rtimer.o)
 .bss           0x00001c7c        0x0 contiki-sky.a(random.o)
 .bss           0x00001c7c        0x0 contiki-sky.a(ringbuf.o)
 .bss           0x00001c7c       0xba contiki-sky.a(packetbuf.o)
 .bss           0x00001d36      0xc1e contiki-sky.a(queuebuf.o)
 .bss           0x00002954        0x0 contiki-sky.a(packetqueue.o)
 .bss           0x00002954        0x0 contiki-sky.a(contiki-sky-pla)
 .bss           0x00002954        0x8 contiki-sky.a(button-sensor.o)
 .bss           0x0000295c        0x0 contiki-sky.a(ds2411.o)
 .bss           0x0000295c        0x0 contiki-sky.a(xmem.o)
 .bss           0x0000295c        0x2 contiki-sky.a(node-id.o)
                0x0000295c                node_id
 .bss           0x0000295e        0x6 contiki-sky.a(sensors.o)
 .bss           0x00002964        0xc contiki-sky.a(cc2420.o)
 .bss           0x00002970        0x0 contiki-sky.a(cc2420-arch.o)
 .bss           0x00002970        0x4 contiki-sky.a(uart1.o)
 .bss           0x00002974        0x0 contiki-sky.a(uart1-putchar.o)
 .bss           0x00002974        0x0 contiki-sky.a(msp430.o)
 .bss           0x00002974        0xa contiki-sky.a(clock.o)
 .bss           0x0000297e        0x2 contiki-sky.a(leds.o)
 .bss           0x00002980        0x0 contiki-sky.a(leds-arch.o)
 .bss           0x00002980        0x2 contiki-sky.a(watchdog.o)
 .bss           0x00002982        0x0 contiki-sky.a(rtimer-arch.o)
 .bss           0x00002982        0x0 contiki-sky.a(unicast.o)
 .bss           0x00002982        0x0 contiki-sky.a(mac.o)
 .bss           0x00002982        0x2 contiki-sky.a(framer-802154.o)
 .bss           0x00002984        0x2 contiki-sky.a(spi.o)
                0x00002984                spi_busy
 .bss           0x00002986        0x0 contiki-sky.a(frame802154.o)
 .bss           0x00002986        0x0 /opt/msp430-gcc-4.4.5/lib/gcc/msp430/4.4.5/msp2/libgcc.a(_mulsi3hw.o)
 .bss           0x00002986        0x0 /opt/msp430-gcc-4.4.5/lib/gcc/msp430/4.4.5/msp2/libgcc.a(_udivmodhi4.o)
 .bss           0x00002986        0x0 /opt/msp430-gcc-4.4.5/lib/gcc/msp430/4.4.5/msp2/libgcc.a(_udivmodsi4.o)
 .bss           0x00002986        0x0 /opt/msp430-gcc-4.4.5/lib/gcc/msp430/4.4.5/msp2/libgcc.a(_reset_vector__.o)
 .bss           0x00002986        0x0 /opt/msp430-gcc-4.4.5/lib/gcc/msp430/4.4.5/msp2/libgcc.a(__init_stack.o)
 .bss           0x00002986        0x0 /opt/msp430-gcc-4.4.5/lib/gcc/msp430/4.4.5/msp2/libgcc.a(_copy_data.o)
 .bss           0x00002986        0x0 /opt/msp430-gcc-4.4.5/lib/gcc/msp430/4.4.5/msp2/libgcc.a(_clear_bss.o)
 .bss           0x00002986        0x0 /opt/msp430-gcc-4.4.5/lib/gcc/msp430/4.4.5/msp2/libgcc.a(__jump_to_main.o)
 .bss           0x00002986        0x0 /opt/msp430-gcc-4.4.5/lib/gcc/msp430/4.4.5/../../../../msp430/lib/msp2/libc.a(strncmp.o)
 .bss           0x00002986        0x0 /opt/msp430-gcc-4.4.5/lib/gcc/msp430/4.4.5/../../../../msp430/lib/msp2/libc.a(strcpy.o)
 .bss           0x00002986        0x0 /opt/msp430-gcc-4.4.5/lib/gcc/msp430/4.4.5/../../../../msp430/lib/msp2/libc.a(printf.o)
 .bss           0x00002986        0x4 /opt/msp430-gcc-4.4.5/lib/gcc/msp430/4.4.5/../../../../msp430/lib/msp2/libc.a(vuprintf.o)
 .bss           0x0000298a        0x0 /opt/msp430-gcc-4.4.5/lib/gcc/msp430/4.4.5/../../../../msp430/lib/msp2/libc.a(puts.o)
 .bss           0x0000298a        0x0 /opt/msp430-gcc-4.4.5/lib/gcc/msp430/4.4.5/../../../../msp430/lib/msp2/libc.a(rand.o)
 .bss           0x0000298a        0x0 /opt/msp430-gcc-4.4.5/lib/gcc/msp430/4.4.5/../../../../msp430/lib/msp2/libc.a(_unexpected_.o)
 .bss           0x0000298a        0x0 /opt/msp430-gcc-4.4.5/lib/gcc/msp430/4.4.5/../../../../msp430/lib/msp2/libc.a(memchr.o)
 .bss           0x0000298a        0x0 /opt/msp430-gcc-4.4.5/lib/gcc/msp430/4.4.5/../../../../msp430/lib/msp2/libc.a(strlen.o)
 *(SORT(.bss.*))
 *(COMMON)
 COMMON         0x0000298a        0x2 contiki-sky.a(rimeaddr.o)
                0x0000298a                rimeaddr_node_addr
 COMMON         0x0000298c        0x2 contiki-sky.a(rime.o)
                0x0000298c                rime_mac
 COMMON         0x0000298e       0x48 contiki-sky.a(rimestats.o)
                0x0000298e                rimestats
 COMMON         0x000029d6       0x38 contiki-sky.a(collect.o)
                0x000029d6                stats
 COMMON         0x00002a0e        0x1 contiki-sky.a(process.o)
                0x00002a0e                process_maxevents
 *fill*         0x00002a0f        0x1 00
 COMMON         0x00002a10        0x8 contiki-sky.a(compower.o)
                0x00002a10                compower_idle_activity
 COMMON         0x00002a18        0x1 contiki-sky.a(serial-line.o)
                0x00002a18                serial_line_event_message
 *fill*         0x00002a19        0x1 00
 COMMON         0x00002a1a       0x56 contiki-sky.a(energest.o)
                0x00002a1a                energest_total_time
                0x00002a4a                energest_total_count
                0x00002a4c                energest_current_mode
                0x00002a58                energest_current_time
 COMMON         0x00002a70       0x38 contiki-sky.a(packetbuf.o)
                0x00002a70                packetbuf_addrs
                0x00002a78                packetbuf_attrs
 COMMON         0x00002aa8        0x2 contiki-sky.a(contiki-sky-pla)
                0x00002aa8                sensors_flags
 COMMON         0x00002aaa        0x8 contiki-sky.a(ds2411.o)
                0x00002aaa                ds2411_id
 COMMON         0x00002ab2        0x1 contiki-sky.a(sensors.o)
                0x00002ab2                sensors_event
 *fill*         0x00002ab3        0x1 00
 COMMON         0x00002ab4       0x14 contiki-sky.a(cc2420.o)
                0x00002ab4                cc2420_last_rssi
                0x00002ab6                cc2420_packets_read
                0x00002ab8                cc2420_packets_seen
                0x00002aba                cc2420_sfd_start_time
                0x00002abc                cc2420_time_of_departure
                0x00002abe                cc2420_time_of_arrival
                0x00002ac0                cc2420_last_correlation
                0x00002ac2                cc2420_authority_level_of_sender
                0x00002ac4                cc2420_sfd_counter
                0x00002ac6                cc2420_sfd_end_time
 COMMON         0x00002ac8        0x2 contiki-sky.a(msp430.o)
                0x00002ac8                msp430_dco_required
                0x00002aca                PROVIDE (__bss_end, .)
                0x00002aca                _end = .
                0x00001946                PROVIDE (__bss_size, SIZEOF (.bss))

.noinit         0x00002aca        0x0
                0x00002aca                PROVIDE (__noinit_start, .)
 *(.noinit)
 *(.noinit.*)
 *(COMMON)
                0x00002aca                PROVIDE (__noinit_end, .)
                0x00002aca                _end = .

.vectors        0x0000ffe0       0x20
                0x0000ffe0                PROVIDE (__vectors_start, .)
 *(.vectors*)
 .vectors       0x0000ffe0       0x20 /opt/msp430-gcc-4.4.5/lib/gcc/msp430/4.4.5/../../../../msp430/lib/crt430x1611.o
                0x0000ffe0                InterruptVectors
 *(.vectors*)
                0x00010000                _vectors_end = .

.profiler
 *(.profiler)

.stab
 *(.stab)

.stabstr
 *(.stabstr)

.stab.excl
 *(.stab.excl)

.stab.exclstr
 *(.stab.exclstr)

.stab.index
 *(.stab.index)

.stab.indexstr
 *(.stab.indexstr)

.comment
 *(.comment)

.debug
 *(.debug)

.line
 *(.line)

.debug_srcinfo
 *(.debug_srcinfo .zdebug_srcinfo)

.debug_sfnames
 *(.debug_sfnames .zdebug_sfnames)

.debug_aranges  0x00000000      0x4c4
 *(.debug_aranges .zdebug_aranges)
 .debug_aranges
                0x00000000       0x14 example-collect.co
 .debug_aranges
                0x00000014       0x14 obj_sky/contiki-sky-main.o
 .debug_aranges
                0x00000028       0x14 contiki-sky.a(rimeaddr.o)
 .debug_aranges
                0x0000003c       0x14 contiki-sky.a(rime.o)
 .debug_aranges
                0x00000050       0x14 contiki-sky.a(announcement.o)
 .debug_aranges
                0x00000064       0x14 contiki-sky.a(broadcast-annou)
 .debug_aranges
                0x00000078       0x14 contiki-sky.a(broadcast.o)
 .debug_aranges
                0x0000008c       0x14 contiki-sky.a(abc.o)
 .debug_aranges
                0x000000a0       0x14 contiki-sky.a(collect.o)
 .debug_aranges
                0x000000b4       0x14 contiki-sky.a(collect-neighbo)
 .debug_aranges
                0x000000c8       0x14 contiki-sky.a(collect-link-es)
 .debug_aranges
                0x000000dc       0x14 contiki-sky.a(chameleon.o)
 .debug_aranges
                0x000000f0       0x14 contiki-sky.a(channel.o)
 .debug_aranges
                0x00000104       0x14 contiki-sky.a(chameleon-bitop)
 .debug_aranges
                0x00000118       0x14 contiki-sky.a(csma.o)
 .debug_aranges
                0x0000012c       0x14 contiki-sky.a(contikimac.o)
 .debug_aranges
                0x00000140       0x14 contiki-sky.a(phase.o)
 .debug_aranges
                0x00000154       0x14 contiki-sky.a(process.o)
 .debug_aranges
                0x00000168       0x14 contiki-sky.a(autostart.o)
 .debug_aranges
                0x0000017c       0x14 contiki-sky.a(compower.o)
 .debug_aranges
                0x00000190       0x14 contiki-sky.a(serial-line.o)
 .debug_aranges
                0x000001a4       0x14 contiki-sky.a(memb.o)
 .debug_aranges
                0x000001b8       0x14 contiki-sky.a(timer.o)
 .debug_aranges
                0x000001cc       0x14 contiki-sky.a(list.o)
 .debug_aranges
                0x000001e0       0x14 contiki-sky.a(etimer.o)
 .debug_aranges
                0x000001f4       0x14 contiki-sky.a(ctimer.o)
 .debug_aranges
                0x00000208       0x14 contiki-sky.a(energest.o)
 .debug_aranges
                0x0000021c       0x14 contiki-sky.a(rtimer.o)
 .debug_aranges
                0x00000230       0x14 contiki-sky.a(random.o)
 .debug_aranges
                0x00000244       0x14 contiki-sky.a(ringbuf.o)
 .debug_aranges
                0x00000258       0x14 contiki-sky.a(packetbuf.o)
 .debug_aranges
                0x0000026c       0x14 contiki-sky.a(queuebuf.o)
 .debug_aranges
                0x00000280       0x14 contiki-sky.a(packetqueue.o)
 .debug_aranges
                0x00000294       0x14 contiki-sky.a(contiki-sky-pla)
 .debug_aranges
                0x000002a8       0x14 contiki-sky.a(button-sensor.o)
 .debug_aranges
                0x000002bc       0x14 contiki-sky.a(ds2411.o)
 .debug_aranges
                0x000002d0       0x14 contiki-sky.a(xmem.o)
 .debug_aranges
                0x000002e4       0x14 contiki-sky.a(node-id.o)
 .debug_aranges
                0x000002f8       0x14 contiki-sky.a(sensors.o)
 .debug_aranges
                0x0000030c       0x14 contiki-sky.a(cc2420.o)
 .debug_aranges
                0x00000320       0x14 contiki-sky.a(cc2420-arch.o)
 .debug_aranges
                0x00000334       0x14 contiki-sky.a(uart1.o)
 .debug_aranges
                0x00000348       0x14 contiki-sky.a(uart1-putchar.o)
 .debug_aranges
                0x0000035c       0x14 contiki-sky.a(msp430.o)
 .debug_aranges
                0x00000370       0x14 contiki-sky.a(clock.o)
 .debug_aranges
                0x00000384       0x14 contiki-sky.a(leds.o)
 .debug_aranges
                0x00000398       0x14 contiki-sky.a(leds-arch.o)
 .debug_aranges
                0x000003ac       0x14 contiki-sky.a(watchdog.o)
 .debug_aranges
                0x000003c0       0x14 contiki-sky.a(rtimer-arch.o)
 .debug_aranges
                0x000003d4       0x14 contiki-sky.a(unicast.o)
 .debug_aranges
                0x000003e8       0x14 contiki-sky.a(mac.o)
 .debug_aranges
                0x000003fc       0x14 contiki-sky.a(framer-802154.o)
 .debug_aranges
                0x00000410       0x14 contiki-sky.a(spi.o)
 .debug_aranges
                0x00000424       0x14 contiki-sky.a(frame802154.o)
 .debug_aranges
                0x00000438       0x14 /opt/msp430-gcc-4.4.5/lib/gcc/msp430/4.4.5/msp2/libgcc.a(_mulsi3hw.o)
 .debug_aranges
                0x0000044c       0x14 /opt/msp430-gcc-4.4.5/lib/gcc/msp430/4.4.5/msp2/libgcc.a(_udivmodhi4.o)
 .debug_aranges
                0x00000460       0x14 /opt/msp430-gcc-4.4.5/lib/gcc/msp430/4.4.5/msp2/libgcc.a(_udivmodsi4.o)
 .debug_aranges
                0x00000474       0x14 /opt/msp430-gcc-4.4.5/lib/gcc/msp430/4.4.5/msp2/libgcc.a(__init_stack.o)
 .debug_aranges
                0x00000488       0x14 /opt/msp430-gcc-4.4.5/lib/gcc/msp430/4.4.5/msp2/libgcc.a(_copy_data.o)
 .debug_aranges
                0x0000049c       0x14 /opt/msp430-gcc-4.4.5/lib/gcc/msp430/4.4.5/msp2/libgcc.a(_clear_bss.o)
 .debug_aranges
                0x000004b0       0x14 /opt/msp430-gcc-4.4.5/lib/gcc/msp430/4.4.5/msp2/libgcc.a(__jump_to_main.o)

.debug_pubnames
                0x00000000     0x1e26
 *(.debug_pubnames .zdebug_pubnames)
 .debug_pubnames
                0x00000000       0x46 example-collect.co
 .debug_pubnames
                0x00000046       0x27 obj_sky/contiki-sky-main.o
 .debug_pubnames
                0x0000006d       0x79 contiki-sky.a(rimeaddr.o)
 .debug_pubnames
                0x000000e6       0x6c contiki-sky.a(rime.o)
 .debug_pubnames
                0x00000152       0x20 contiki-sky.a(rimestats.o)
 .debug_pubnames
                0x00000172      0x144 contiki-sky.a(announcement.o)
 .debug_pubnames
                0x000002b6       0x7d contiki-sky.a(broadcast-annou)
 .debug_pubnames
                0x00000333       0x4c contiki-sky.a(broadcast.o)
 .debug_pubnames
                0x0000037f       0x55 contiki-sky.a(abc.o)
 .debug_pubnames
                0x000003d4       0xce contiki-sky.a(collect.o)
 .debug_pubnames
                0x000004a2      0x261 contiki-sky.a(collect-neighbo)
 .debug_pubnames
                0x00000703       0xe3 contiki-sky.a(collect-link-es)
 .debug_pubnames
                0x000007e6       0x64 contiki-sky.a(chameleon.o)
 .debug_pubnames
                0x0000084a       0x74 contiki-sky.a(channel.o)
 .debug_pubnames
                0x000008be       0x6b contiki-sky.a(chameleon-bitop)
 .debug_pubnames
                0x00000929       0x22 contiki-sky.a(csma.o)
 .debug_pubnames
                0x0000094b       0x52 contiki-sky.a(contikimac.o)
 .debug_pubnames
                0x0000099d       0x64 contiki-sky.a(phase.o)
 .debug_pubnames
                0x00000a01      0x10d contiki-sky.a(process.o)
 .debug_pubnames
                0x00000b0e       0x39 contiki-sky.a(autostart.o)
 .debug_pubnames
                0x00000b47       0x9e contiki-sky.a(compower.o)
 .debug_pubnames
                0x00000be5       0x78 contiki-sky.a(serial-line.o)
 .debug_pubnames
                0x00000c5d       0x4d contiki-sky.a(memb.o)
 .debug_pubnames
                0x00000caa       0x68 contiki-sky.a(timer.o)
 .debug_pubnames
                0x00000d12       0xc3 contiki-sky.a(list.o)
 .debug_pubnames
                0x00000dd5      0x109 contiki-sky.a(etimer.o)
 .debug_pubnames
                0x00000ede       0x8b contiki-sky.a(ctimer.o)
 .debug_pubnames
                0x00000f69       0xec contiki-sky.a(energest.o)
 .debug_pubnames
                0x00001055       0x45 contiki-sky.a(rtimer.o)
 .debug_pubnames
                0x0000109a       0x32 contiki-sky.a(random.o)
 .debug_pubnames
                0x000010cc       0x69 contiki-sky.a(ringbuf.o)
 .debug_pubnames
                0x00001135      0x22c contiki-sky.a(packetbuf.o)
 .debug_pubnames
                0x00001361       0xff contiki-sky.a(queuebuf.o)
 .debug_pubnames
                0x00001460       0xb8 contiki-sky.a(packetqueue.o)
 .debug_pubnames
                0x00001518       0x42 contiki-sky.a(contiki-sky-pla)
 .debug_pubnames
                0x0000155a       0x2f contiki-sky.a(button-sensor.o)
 .debug_pubnames
                0x00001589       0x30 contiki-sky.a(ds2411.o)
 .debug_pubnames
                0x000015b9       0x4e contiki-sky.a(xmem.o)
 .debug_pubnames
                0x00001607       0x43 contiki-sky.a(node-id.o)
 .debug_pubnames
                0x0000164a       0x80 contiki-sky.a(sensors.o)
 .debug_pubnames
                0x000016ca      0x236 contiki-sky.a(cc2420.o)
 .debug_pubnames
                0x00001900       0x43 contiki-sky.a(cc2420-arch.o)
 .debug_pubnames
                0x00001943       0x6e contiki-sky.a(uart1.o)
 .debug_pubnames
                0x000019b1       0x1e contiki-sky.a(uart1-putchar.o)
 .debug_pubnames
                0x000019cf       0xd1 contiki-sky.a(msp430.o)
 .debug_pubnames
                0x00001aa0       0xc5 contiki-sky.a(clock.o)
 .debug_pubnames
                0x00001b65       0x75 contiki-sky.a(leds.o)
 .debug_pubnames
                0x00001bda       0x49 contiki-sky.a(leds-arch.o)
 .debug_pubnames
                0x00001c23       0x8a contiki-sky.a(watchdog.o)
 .debug_pubnames
                0x00001cad       0x60 contiki-sky.a(rtimer-arch.o)
 .debug_pubnames
                0x00001d0d       0x46 contiki-sky.a(unicast.o)
 .debug_pubnames
                0x00001d53       0x2d contiki-sky.a(mac.o)
 .debug_pubnames
                0x00001d80       0x24 contiki-sky.a(framer-802154.o)
 .debug_pubnames
                0x00001da4       0x2c contiki-sky.a(spi.o)
 .debug_pubnames
                0x00001dd0       0x56 contiki-sky.a(frame802154.o)

.debug_info     0x00000000    0x10cdd
 *(.debug_info .gnu.linkonce.wi.* .zdebug_info)
 .debug_info    0x00000000      0x9b8 example-collect.co
 .debug_info    0x000009b8      0x6b1 obj_sky/contiki-sky-main.o
 .debug_info    0x00001069      0x1b1 contiki-sky.a(rimeaddr.o)
 .debug_info    0x0000121a      0x5d7 contiki-sky.a(rime.o)
 .debug_info    0x000017f1      0x140 contiki-sky.a(rimestats.o)
 .debug_info    0x00001931      0x3ac contiki-sky.a(announcement.o)
 .debug_info    0x00001cdd      0x872 contiki-sky.a(broadcast-annou)
 .debug_info    0x0000254f      0x59f contiki-sky.a(broadcast.o)
 .debug_info    0x00002aee      0x478 contiki-sky.a(abc.o)
 .debug_info    0x00002f66     0x19d8 contiki-sky.a(collect.o)
 .debug_info    0x0000493e      0x906 contiki-sky.a(collect-neighbo)
 .debug_info    0x00005244      0x251 contiki-sky.a(collect-link-es)
 .debug_info    0x00005495      0x3da contiki-sky.a(chameleon.o)
 .debug_info    0x0000586f      0x2bb contiki-sky.a(channel.o)
 .debug_info    0x00005b2a      0x83b contiki-sky.a(chameleon-bitop)
 .debug_info    0x00006365      0x9c0 contiki-sky.a(csma.o)
 .debug_info    0x00006d25      0xe89 contiki-sky.a(contikimac.o)
 .debug_info    0x00007bae      0x7cc contiki-sky.a(phase.o)
 .debug_info    0x0000837a      0x522 contiki-sky.a(process.o)
 .debug_info    0x0000889c      0x1a5 contiki-sky.a(autostart.o)
 .debug_info    0x00008a41      0x3fb contiki-sky.a(compower.o)
 .debug_info    0x00008e3c      0x32e contiki-sky.a(serial-line.o)
 .debug_info    0x0000916a      0x194 contiki-sky.a(memb.o)
 .debug_info    0x000092fe      0x16c contiki-sky.a(timer.o)
 .debug_info    0x0000946a      0x3d4 contiki-sky.a(list.o)
 .debug_info    0x0000983e      0x472 contiki-sky.a(etimer.o)
 .debug_info    0x00009cb0      0x47b contiki-sky.a(ctimer.o)
 .debug_info    0x0000a12b      0x247 contiki-sky.a(energest.o)
 .debug_info    0x0000a372      0x1fb contiki-sky.a(rtimer.o)
 .debug_info    0x0000a56d       0x9c contiki-sky.a(random.o)
 .debug_info    0x0000a609      0x1ac contiki-sky.a(ringbuf.o)
 .debug_info    0x0000a7b5      0x5d4 contiki-sky.a(packetbuf.o)
 .debug_info    0x0000ad89      0x592 contiki-sky.a(queuebuf.o)
 .debug_info    0x0000b31b      0x53b contiki-sky.a(packetqueue.o)
 .debug_info    0x0000b856      0x295 contiki-sky.a(contiki-sky-pla)
 .debug_info    0x0000baeb      0x3d9 contiki-sky.a(button-sensor.o)
 .debug_info    0x0000bec4      0x2c5 contiki-sky.a(ds2411.o)
 .debug_info    0x0000c189      0x4b8 contiki-sky.a(xmem.o)
 .debug_info    0x0000c641       0xe1 contiki-sky.a(node-id.o)
 .debug_info    0x0000c722      0x406 contiki-sky.a(sensors.o)
 .debug_info    0x0000cb28     0x140e contiki-sky.a(cc2420.o)
 .debug_info    0x0000df36      0x245 contiki-sky.a(cc2420-arch.o)
 .debug_info    0x0000e17b      0x32e contiki-sky.a(uart1.o)
 .debug_info    0x0000e4a9       0x8b contiki-sky.a(uart1-putchar.o)
 .debug_info    0x0000e534      0x3ff contiki-sky.a(msp430.o)
 .debug_info    0x0000e933      0x3f0 contiki-sky.a(clock.o)
 .debug_info    0x0000ed23      0x277 contiki-sky.a(leds.o)
 .debug_info    0x0000ef9a       0xda contiki-sky.a(leds-arch.o)
 .debug_info    0x0000f074      0x19b contiki-sky.a(watchdog.o)
 .debug_info    0x0000f20f      0x25d contiki-sky.a(rtimer-arch.o)
 .debug_info    0x0000f46c      0x5eb contiki-sky.a(unicast.o)
 .debug_info    0x0000fa57      0x10c contiki-sky.a(mac.o)
 .debug_info    0x0000fb63      0x642 contiki-sky.a(framer-802154.o)
 .debug_info    0x000101a5      0x132 contiki-sky.a(spi.o)
 .debug_info    0x000102d7      0x479 contiki-sky.a(frame802154.o)
 .debug_info    0x00010750       0xcb /opt/msp430-gcc-4.4.5/lib/gcc/msp430/4.4.5/msp2/libgcc.a(_mulsi3hw.o)
 .debug_info    0x0001081b       0xcb /opt/msp430-gcc-4.4.5/lib/gcc/msp430/4.4.5/msp2/libgcc.a(_udivmodhi4.o)
 .debug_info    0x000108e6       0xcb /opt/msp430-gcc-4.4.5/lib/gcc/msp430/4.4.5/msp2/libgcc.a(_udivmodsi4.o)
 .debug_info    0x000109b1       0xcb /opt/msp430-gcc-4.4.5/lib/gcc/msp430/4.4.5/msp2/libgcc.a(__init_stack.o)
 .debug_info    0x00010a7c       0xcb /opt/msp430-gcc-4.4.5/lib/gcc/msp430/4.4.5/msp2/libgcc.a(_copy_data.o)
 .debug_info    0x00010b47       0xcb /opt/msp430-gcc-4.4.5/lib/gcc/msp430/4.4.5/msp2/libgcc.a(_clear_bss.o)
 .debug_info    0x00010c12       0xcb /opt/msp430-gcc-4.4.5/lib/gcc/msp430/4.4.5/msp2/libgcc.a(__jump_to_main.o)

.debug_abbrev   0x00000000     0x633a
 *(.debug_abbrev .zdebug_abbrev)
 .debug_abbrev  0x00000000      0x207 example-collect.co
 .debug_abbrev  0x00000207      0x286 obj_sky/contiki-sky-main.o
 .debug_abbrev  0x0000048d      0x162 contiki-sky.a(rimeaddr.o)
 .debug_abbrev  0x000005ef      0x21c contiki-sky.a(rime.o)
 .debug_abbrev  0x0000080b       0x5d contiki-sky.a(rimestats.o)
 .debug_abbrev  0x00000868      0x199 contiki-sky.a(announcement.o)
 .debug_abbrev  0x00000a01      0x25e contiki-sky.a(broadcast-annou)
 .debug_abbrev  0x00000c5f      0x229 contiki-sky.a(broadcast.o)
 .debug_abbrev  0x00000e88      0x1b8 contiki-sky.a(abc.o)
 .debug_abbrev  0x00001040      0x3ab contiki-sky.a(collect.o)
 .debug_abbrev  0x000013eb      0x2c3 contiki-sky.a(collect-neighbo)
 .debug_abbrev  0x000016ae      0x148 contiki-sky.a(collect-link-es)
 .debug_abbrev  0x000017f6      0x1ec contiki-sky.a(chameleon.o)
 .debug_abbrev  0x000019e2      0x1a1 contiki-sky.a(channel.o)
 .debug_abbrev  0x00001b83      0x35b contiki-sky.a(chameleon-bitop)
 .debug_abbrev  0x00001ede      0x34e contiki-sky.a(csma.o)
 .debug_abbrev  0x0000222c      0x410 contiki-sky.a(contikimac.o)
 .debug_abbrev  0x0000263c      0x235 contiki-sky.a(phase.o)
 .debug_abbrev  0x00002871      0x2f7 contiki-sky.a(process.o)
 .debug_abbrev  0x00002b68       0xf3 contiki-sky.a(autostart.o)
 .debug_abbrev  0x00002c5b      0x216 contiki-sky.a(compower.o)
 .debug_abbrev  0x00002e71      0x1c4 contiki-sky.a(serial-line.o)
 .debug_abbrev  0x00003035       0xd1 contiki-sky.a(memb.o)
 .debug_abbrev  0x00003106       0xf4 contiki-sky.a(timer.o)
 .debug_abbrev  0x000031fa      0x1f5 contiki-sky.a(list.o)
 .debug_abbrev  0x000033ef      0x232 contiki-sky.a(etimer.o)
 .debug_abbrev  0x00003621      0x1f6 contiki-sky.a(ctimer.o)
 .debug_abbrev  0x00003817      0x158 contiki-sky.a(energest.o)
 .debug_abbrev  0x0000396f      0x135 contiki-sky.a(rtimer.o)
 .debug_abbrev  0x00003aa4       0x65 contiki-sky.a(random.o)
 .debug_abbrev  0x00003b09       0xfa contiki-sky.a(ringbuf.o)
 .debug_abbrev  0x00003c03      0x277 contiki-sky.a(packetbuf.o)
 .debug_abbrev  0x00003e7a      0x1eb contiki-sky.a(queuebuf.o)
 .debug_abbrev  0x00004065      0x1cb contiki-sky.a(packetqueue.o)
 .debug_abbrev  0x00004230      0x13c contiki-sky.a(contiki-sky-pla)
 .debug_abbrev  0x0000436c      0x1cd contiki-sky.a(button-sensor.o)
 .debug_abbrev  0x00004539      0x19e contiki-sky.a(ds2411.o)
 .debug_abbrev  0x000046d7      0x20e contiki-sky.a(xmem.o)
 .debug_abbrev  0x000048e5       0x8b contiki-sky.a(node-id.o)
 .debug_abbrev  0x00004970      0x225 contiki-sky.a(sensors.o)
 .debug_abbrev  0x00004b95      0x494 contiki-sky.a(cc2420.o)
 .debug_abbrev  0x00005029      0x146 contiki-sky.a(cc2420-arch.o)
 .debug_abbrev  0x0000516f      0x17d contiki-sky.a(uart1.o)
 .debug_abbrev  0x000052ec       0x50 contiki-sky.a(uart1-putchar.o)
 .debug_abbrev  0x0000533c      0x1f6 contiki-sky.a(msp430.o)
 .debug_abbrev  0x00005532      0x222 contiki-sky.a(clock.o)
 .debug_abbrev  0x00005754      0x13e contiki-sky.a(leds.o)
 .debug_abbrev  0x00005892       0x97 contiki-sky.a(leds-arch.o)
 .debug_abbrev  0x00005929       0xd9 contiki-sky.a(watchdog.o)
 .debug_abbrev  0x00005a02      0x184 contiki-sky.a(rtimer-arch.o)
 .debug_abbrev  0x00005b86      0x229 contiki-sky.a(unicast.o)
 .debug_abbrev  0x00005daf       0xa0 contiki-sky.a(mac.o)
 .debug_abbrev  0x00005e4f      0x227 contiki-sky.a(framer-802154.o)
 .debug_abbrev  0x00006076       0x97 contiki-sky.a(spi.o)
 .debug_abbrev  0x0000610d      0x1a1 contiki-sky.a(frame802154.o)
 .debug_abbrev  0x000062ae       0x14 /opt/msp430-gcc-4.4.5/lib/gcc/msp430/4.4.5/msp2/libgcc.a(_mulsi3hw.o)
 .debug_abbrev  0x000062c2       0x14 /opt/msp430-gcc-4.4.5/lib/gcc/msp430/4.4.5/msp2/libgcc.a(_udivmodhi4.o)
 .debug_abbrev  0x000062d6       0x14 /opt/msp430-gcc-4.4.5/lib/gcc/msp430/4.4.5/msp2/libgcc.a(_udivmodsi4.o)
 .debug_abbrev  0x000062ea       0x14 /opt/msp430-gcc-4.4.5/lib/gcc/msp430/4.4.5/msp2/libgcc.a(__init_stack.o)
 .debug_abbrev  0x000062fe       0x14 /opt/msp430-gcc-4.4.5/lib/gcc/msp430/4.4.5/msp2/libgcc.a(_copy_data.o)
 .debug_abbrev  0x00006312       0x14 /opt/msp430-gcc-4.4.5/lib/gcc/msp430/4.4.5/msp2/libgcc.a(_clear_bss.o)
 .debug_abbrev  0x00006326       0x14 /opt/msp430-gcc-4.4.5/lib/gcc/msp430/4.4.5/msp2/libgcc.a(__jump_to_main.o)

.debug_line     0x00000000     0x4e4c
 *(.debug_line .zdebug_line)
 .debug_line    0x00000000      0x229 example-collect.co
 .debug_line    0x00000229      0x25d obj_sky/contiki-sky-main.o
 .debug_line    0x00000486       0xf1 contiki-sky.a(rimeaddr.o)
 .debug_line    0x00000577      0x17e contiki-sky.a(rime.o)
 .debug_line    0x000006f5       0x65 contiki-sky.a(rimestats.o)
 .debug_line    0x0000075a      0x12d contiki-sky.a(announcement.o)
 .debug_line    0x00000887      0x20e contiki-sky.a(broadcast-annou)
 .debug_line    0x00000a95      0x14c contiki-sky.a(broadcast.o)
 .debug_line    0x00000be1      0x129 contiki-sky.a(abc.o)
 .debug_line    0x00000d0a      0x502 contiki-sky.a(collect.o)
 .debug_line    0x0000120c      0x287 contiki-sky.a(collect-neighbo)
 .debug_line    0x00001493      0x127 contiki-sky.a(collect-link-es)
 .debug_line    0x000015ba      0x125 contiki-sky.a(chameleon.o)
 .debug_line    0x000016df      0x126 contiki-sky.a(channel.o)
 .debug_line    0x00001805      0x1c5 contiki-sky.a(chameleon-bitop)
 .debug_line    0x000019ca      0x255 contiki-sky.a(csma.o)
 .debug_line    0x00001c1f      0x369 contiki-sky.a(contikimac.o)
 .debug_line    0x00001f88      0x22b contiki-sky.a(phase.o)
 .debug_line    0x000021b3      0x112 contiki-sky.a(process.o)
 .debug_line    0x000022c5       0x89 contiki-sky.a(autostart.o)
 .debug_line    0x0000234e      0x133 contiki-sky.a(compower.o)
 .debug_line    0x00002481      0x127 contiki-sky.a(serial-line.o)
 .debug_line    0x000025a8       0x83 contiki-sky.a(memb.o)
 .debug_line    0x0000262b       0xa3 contiki-sky.a(timer.o)
 .debug_line    0x000026ce       0xe8 contiki-sky.a(list.o)
 .debug_line    0x000027b6      0x139 contiki-sky.a(etimer.o)
 .debug_line    0x000028ef      0x13e contiki-sky.a(ctimer.o)
 .debug_line    0x00002a2d       0x91 contiki-sky.a(energest.o)
 .debug_line    0x00002abe       0x86 contiki-sky.a(rtimer.o)
 .debug_line    0x00002b44       0x4c contiki-sky.a(random.o)
 .debug_line    0x00002b90       0xd2 contiki-sky.a(ringbuf.o)
 .debug_line    0x00002c62      0x189 contiki-sky.a(packetbuf.o)
 .debug_line    0x00002deb      0x16b contiki-sky.a(queuebuf.o)
 .debug_line    0x00002f56      0x1cf contiki-sky.a(packetqueue.o)
 .debug_line    0x00003125       0xe0 contiki-sky.a(contiki-sky-pla)
 .debug_line    0x00003205      0x152 contiki-sky.a(button-sensor.o)
 .debug_line    0x00003357      0x109 contiki-sky.a(ds2411.o)
 .debug_line    0x00003460      0x15c contiki-sky.a(xmem.o)
 .debug_line    0x000035bc       0x5e contiki-sky.a(node-id.o)
 .debug_line    0x0000361a       0xe6 contiki-sky.a(sensors.o)
 .debug_line    0x00003700      0x447 contiki-sky.a(cc2420.o)
 .debug_line    0x00003b47      0x17c contiki-sky.a(cc2420-arch.o)
 .debug_line    0x00003cc3      0x169 contiki-sky.a(uart1.o)
 .debug_line    0x00003e2c       0xa3 contiki-sky.a(uart1-putchar.o)
 .debug_line    0x00003ecf      0x16e contiki-sky.a(msp430.o)
 .debug_line    0x0000403d      0x15d contiki-sky.a(clock.o)
 .debug_line    0x0000419a       0xae contiki-sky.a(leds.o)
 .debug_line    0x00004248       0xb3 contiki-sky.a(leds-arch.o)
 .debug_line    0x000042fb       0xe0 contiki-sky.a(watchdog.o)
 .debug_line    0x000043db       0xf7 contiki-sky.a(rtimer-arch.o)
 .debug_line    0x000044d2      0x138 contiki-sky.a(unicast.o)
 .debug_line    0x0000460a       0x69 contiki-sky.a(mac.o)
 .debug_line    0x00004673      0x180 contiki-sky.a(framer-802154.o)
 .debug_line    0x000047f3       0xa6 contiki-sky.a(spi.o)
 .debug_line    0x00004899      0x183 contiki-sky.a(frame802154.o)
 .debug_line    0x00004a1c       0x9b /opt/msp430-gcc-4.4.5/lib/gcc/msp430/4.4.5/msp2/libgcc.a(_mulsi3hw.o)
 .debug_line    0x00004ab7       0x9e /opt/msp430-gcc-4.4.5/lib/gcc/msp430/4.4.5/msp2/libgcc.a(_udivmodhi4.o)
 .debug_line    0x00004b55       0xa5 /opt/msp430-gcc-4.4.5/lib/gcc/msp430/4.4.5/msp2/libgcc.a(_udivmodsi4.o)
 .debug_line    0x00004bfa       0x92 /opt/msp430-gcc-4.4.5/lib/gcc/msp430/4.4.5/msp2/libgcc.a(__init_stack.o)
 .debug_line    0x00004c8c       0x97 /opt/msp430-gcc-4.4.5/lib/gcc/msp430/4.4.5/msp2/libgcc.a(_copy_data.o)
 .debug_line    0x00004d23       0x97 /opt/msp430-gcc-4.4.5/lib/gcc/msp430/4.4.5/msp2/libgcc.a(_clear_bss.o)
 .debug_line    0x00004dba       0x92 /opt/msp430-gcc-4.4.5/lib/gcc/msp430/4.4.5/msp2/libgcc.a(__jump_to_main.o)

.debug_frame    0x00000000     0x2248
 *(.debug_frame .zdebug_frame)
 .debug_frame   0x00000000       0x92 example-collect.co
 .debug_frame   0x00000092       0xa6 obj_sky/contiki-sky-main.o
 .debug_frame   0x00000138       0x38 contiki-sky.a(rimeaddr.o)
 .debug_frame   0x00000170       0x92 contiki-sky.a(rime.o)
 .debug_frame   0x00000202       0xf6 contiki-sky.a(announcement.o)
 .debug_frame   0x000002f8       0xfa contiki-sky.a(broadcast-annou)
 .debug_frame   0x000003f2       0x74 contiki-sky.a(broadcast.o)
 .debug_frame   0x00000466       0x62 contiki-sky.a(abc.o)
 .debug_frame   0x000004c8      0x360 contiki-sky.a(collect.o)
 .debug_frame   0x00000828      0x19c contiki-sky.a(collect-neighbo)
 .debug_frame   0x000009c4       0x6e contiki-sky.a(collect-link-es)
 .debug_frame   0x00000a32       0x4a contiki-sky.a(chameleon.o)
 .debug_frame   0x00000a7c       0x62 contiki-sky.a(channel.o)
 .debug_frame   0x00000ade      0x114 contiki-sky.a(chameleon-bitop)
 .debug_frame   0x00000bf2      0x100 contiki-sky.a(csma.o)
 .debug_frame   0x00000cf2      0x144 contiki-sky.a(contikimac.o)
 .debug_frame   0x00000e36       0xd0 contiki-sky.a(phase.o)
 .debug_frame   0x00000f06       0xe0 contiki-sky.a(process.o)
 .debug_frame   0x00000fe6       0x38 contiki-sky.a(autostart.o)
 .debug_frame   0x0000101e       0x62 contiki-sky.a(compower.o)
 .debug_frame   0x00001080       0x44 contiki-sky.a(serial-line.o)
 .debug_frame   0x000010c4       0x62 contiki-sky.a(memb.o)
 .debug_frame   0x00001126       0x74 contiki-sky.a(timer.o)
 .debug_frame   0x0000119a       0xa4 contiki-sky.a(list.o)
 .debug_frame   0x0000123e      0x10a contiki-sky.a(etimer.o)
 .debug_frame   0x00001348       0xaa contiki-sky.a(ctimer.o)
 .debug_frame   0x000013f2       0x6e contiki-sky.a(energest.o)
 .debug_frame   0x00001460       0x38 contiki-sky.a(rtimer.o)
 .debug_frame   0x00001498       0x2c contiki-sky.a(random.o)
 .debug_frame   0x000014c4       0x68 contiki-sky.a(ringbuf.o)
 .debug_frame   0x0000152c      0x152 contiki-sky.a(packetbuf.o)
 .debug_frame   0x0000167e       0xbc contiki-sky.a(queuebuf.o)
 .debug_frame   0x0000173a       0xc4 contiki-sky.a(packetqueue.o)
 .debug_frame   0x000017fe       0x20 contiki-sky.a(contiki-sky-pla)
 .debug_frame   0x0000181e       0x68 contiki-sky.a(button-sensor.o)
 .debug_frame   0x00001886       0x50 contiki-sky.a(ds2411.o)
 .debug_frame   0x000018d6       0xd0 contiki-sky.a(xmem.o)
 .debug_frame   0x000019a6       0x38 contiki-sky.a(node-id.o)
 .debug_frame   0x000019de       0x86 contiki-sky.a(sensors.o)
 .debug_frame   0x00001a64      0x250 contiki-sky.a(cc2420.o)
 .debug_frame   0x00001cb4       0x50 contiki-sky.a(cc2420-arch.o)
 .debug_frame   0x00001d04       0x7a contiki-sky.a(uart1.o)
 .debug_frame   0x00001d7e       0x26 contiki-sky.a(uart1-putchar.o)
 .debug_frame   0x00001da4       0x98 contiki-sky.a(msp430.o)
 .debug_frame   0x00001e3c       0xd4 contiki-sky.a(clock.o)
 .debug_frame   0x00001f10       0x92 contiki-sky.a(leds.o)
 .debug_frame   0x00001fa2       0x3e contiki-sky.a(leds-arch.o)
 .debug_frame   0x00001fe0       0x5c contiki-sky.a(watchdog.o)
 .debug_frame   0x0000203c       0x68 contiki-sky.a(rtimer-arch.o)
 .debug_frame   0x000020a4       0x74 contiki-sky.a(unicast.o)
 .debug_frame   0x00002118       0x26 contiki-sky.a(mac.o)
 .debug_frame   0x0000213e       0x4e contiki-sky.a(framer-802154.o)
 .debug_frame   0x0000218c       0x20 contiki-sky.a(spi.o)
 .debug_frame   0x000021ac       0x9c contiki-sky.a(frame802154.o)

.debug_str      0x00000000     0x3e3d
 *(.debug_str .zdebug_str)
 .debug_str     0x00000000      0x4ae example-collect.co
                                0x5fd (size before relaxing)
 .debug_str     0x000004ae      0x171 obj_sky/contiki-sky-main.o
                                0x486 (size before relaxing)
 .debug_str     0x0000061f       0x67 contiki-sky.a(rimeaddr.o)
                                0x147 (size before relaxing)
 .debug_str     0x00000686      0x17a contiki-sky.a(rime.o)
                                0x369 (size before relaxing)
 .debug_str     0x00000800       0x20 contiki-sky.a(rimestats.o)
                                 0xf2 (size before relaxing)
 .debug_str     0x00000820      0x17d contiki-sky.a(announcement.o)
                                0x2cd (size before relaxing)
 .debug_str     0x0000099d      0x187 contiki-sky.a(broadcast-annou)
                                0x547 (size before relaxing)
 .debug_str     0x00000b24      0x347 contiki-sky.a(broadcast.o)
                                0x64b (size before relaxing)
 .debug_str     0x00000e6b       0x49 contiki-sky.a(abc.o)
                                0x5dc (size before relaxing)
 .debug_str     0x00000eb4      0x3ed contiki-sky.a(collect.o)
                                0xd30 (size before relaxing)
 .debug_str     0x000012a1      0x2b3 contiki-sky.a(collect-neighbo)
                                0x640 (size before relaxing)
 .debug_str     0x00001554       0xcf contiki-sky.a(collect-link-es)
                                0x228 (size before relaxing)
 .debug_str     0x00001623       0x84 contiki-sky.a(chameleon.o)
                                0x4cc (size before relaxing)
 .debug_str     0x000016a7       0x8b contiki-sky.a(channel.o)
                                0x1ee (size before relaxing)
 .debug_str     0x00001732       0xc4 contiki-sky.a(chameleon-bitop)
                                0x563 (size before relaxing)
 .debug_str     0x000017f6      0x155 contiki-sky.a(csma.o)
                                0x739 (size before relaxing)
 .debug_str     0x0000194b      0x3df contiki-sky.a(contikimac.o)
                                0xa0f (size before relaxing)
 .debug_str     0x00001d2a       0xfc contiki-sky.a(phase.o)
                                0x3fe (size before relaxing)
 .debug_str     0x00001e26      0x16f contiki-sky.a(process.o)
                                0x285 (size before relaxing)
 .debug_str     0x00001f95       0x3a contiki-sky.a(autostart.o)
                                0x13d (size before relaxing)
 .debug_str     0x00001fcf       0x91 contiki-sky.a(compower.o)
                                0x5fa (size before relaxing)
 .debug_str     0x00002060       0xb4 contiki-sky.a(serial-line.o)
                                0x323 (size before relaxing)
 .debug_str     0x00002114       0x46 contiki-sky.a(memb.o)
                                0x102 (size before relaxing)
 .debug_str     0x0000215a       0x27 contiki-sky.a(timer.o)
                                0x12c (size before relaxing)
 .debug_str     0x00002181       0x93 contiki-sky.a(list.o)
                                 0xf0 (size before relaxing)
 .debug_str     0x00002214      0x133 contiki-sky.a(etimer.o)
                                0x292 (size before relaxing)
 .debug_str     0x00002347       0xad contiki-sky.a(ctimer.o)
                                0x34d (size before relaxing)
 .debug_str     0x000023f4       0x9b contiki-sky.a(energest.o)
                                0x2d5 (size before relaxing)
 .debug_str     0x0000248f       0x54 contiki-sky.a(rtimer.o)
                                0x2a6 (size before relaxing)
 .debug_str     0x000024e3       0x35 contiki-sky.a(random.o)
                                 0xe1 (size before relaxing)
 .debug_str     0x00002518       0x5c contiki-sky.a(ringbuf.o)
                                0x13f (size before relaxing)
 .debug_str     0x00002574      0x1df contiki-sky.a(packetbuf.o)
                                0x72a (size before relaxing)
 .debug_str     0x00002753      0x123 contiki-sky.a(queuebuf.o)
                                0x691 (size before relaxing)
 .debug_str     0x00002876       0xc5 contiki-sky.a(packetqueue.o)
                                0x2ad (size before relaxing)
 .debug_str     0x0000293b       0x6f contiki-sky.a(contiki-sky-pla)
                                0x2b9 (size before relaxing)
 .debug_str     0x000029aa      0x129 contiki-sky.a(button-sensor.o)
                                0x3b9 (size before relaxing)
 .debug_str     0x00002ad3       0x54 contiki-sky.a(ds2411.o)
                                0x264 (size before relaxing)
 .debug_str     0x00002b27      0x106 contiki-sky.a(xmem.o)
                                0x345 (size before relaxing)
 .debug_str     0x00002c2d       0x3c contiki-sky.a(node-id.o)
                                 0xf0 (size before relaxing)
 .debug_str     0x00002c69       0xa2 contiki-sky.a(sensors.o)
                                0x338 (size before relaxing)
 .debug_str     0x00002d0b      0x7ce contiki-sky.a(cc2420.o)
                                0xfad (size before relaxing)
 .debug_str     0x000034d9       0x4a contiki-sky.a(cc2420-arch.o)
                                0x303 (size before relaxing)
 .debug_str     0x00003523      0x138 contiki-sky.a(uart1.o)
                                0x388 (size before relaxing)
 .debug_str     0x0000365b       0x2d contiki-sky.a(uart1-putchar.o)
                                 0xd9 (size before relaxing)
 .debug_str     0x00003688      0x17a contiki-sky.a(msp430.o)
                                0x39c (size before relaxing)
 .debug_str     0x00003802       0xe6 contiki-sky.a(clock.o)
                                0x359 (size before relaxing)
 .debug_str     0x000038e8       0x6c contiki-sky.a(leds.o)
                                0x2b5 (size before relaxing)
 .debug_str     0x00003954       0x66 contiki-sky.a(leds-arch.o)
                                0x117 (size before relaxing)
 .debug_str     0x000039ba       0x95 contiki-sky.a(watchdog.o)
                                0x27d (size before relaxing)
 .debug_str     0x00003a4f       0x7e contiki-sky.a(rtimer-arch.o)
                                0x2bb (size before relaxing)
 .debug_str     0x00003acd       0x6c contiki-sky.a(unicast.o)
                                0x54e (size before relaxing)
 .debug_str     0x00003b39       0x30 contiki-sky.a(mac.o)
                                0x152 (size before relaxing)
 .debug_str     0x00003b69      0x193 contiki-sky.a(framer-802154.o)
                                0x617 (size before relaxing)
 .debug_str     0x00003cfc       0x77 contiki-sky.a(spi.o)
                                0x14e (size before relaxing)
 .debug_str     0x00003d73       0xca contiki-sky.a(frame802154.o)
                                0x300 (size before relaxing)

.debug_loc      0x00000000     0x460c
 *(.debug_loc .zdebug_loc)
 .debug_loc     0x00000000      0x168 example-collect.co
 .debug_loc     0x00000168      0x12b obj_sky/contiki-sky-main.o
 .debug_loc     0x00000293       0x20 contiki-sky.a(rimeaddr.o)
 .debug_loc     0x000002b3      0x130 contiki-sky.a(rime.o)
 .debug_loc     0x000003e3      0x1b2 contiki-sky.a(announcement.o)
 .debug_loc     0x00000595      0x1d4 contiki-sky.a(broadcast-annou)
 .debug_loc     0x00000769       0xf7 contiki-sky.a(broadcast.o)
 .debug_loc     0x00000860       0xb1 contiki-sky.a(abc.o)
 .debug_loc     0x00000911      0x9cb contiki-sky.a(collect.o)
 .debug_loc     0x000012dc      0x453 contiki-sky.a(collect-neighbo)
 .debug_loc     0x0000172f       0x77 contiki-sky.a(collect-link-es)
 .debug_loc     0x000017a6       0x47 contiki-sky.a(chameleon.o)
 .debug_loc     0x000017ed       0xb2 contiki-sky.a(channel.o)
 .debug_loc     0x0000189f      0x40c contiki-sky.a(chameleon-bitop)
 .debug_loc     0x00001cab      0x1d1 contiki-sky.a(csma.o)
 .debug_loc     0x00001e7c      0x377 contiki-sky.a(contikimac.o)
 .debug_loc     0x000021f3      0x1f4 contiki-sky.a(phase.o)
 .debug_loc     0x000023e7      0x1cd contiki-sky.a(process.o)
 .debug_loc     0x000025b4       0x4c contiki-sky.a(autostart.o)
 .debug_loc     0x00002600       0x46 contiki-sky.a(compower.o)
 .debug_loc     0x00002646       0xd1 contiki-sky.a(serial-line.o)
 .debug_loc     0x00002717      0x100 contiki-sky.a(memb.o)
 .debug_loc     0x00002817       0xb1 contiki-sky.a(timer.o)
 .debug_loc     0x000028c8      0x137 contiki-sky.a(list.o)
 .debug_loc     0x000029ff      0x230 contiki-sky.a(etimer.o)
 .debug_loc     0x00002c2f      0x1d7 contiki-sky.a(ctimer.o)
 .debug_loc     0x00002e06       0x6f contiki-sky.a(energest.o)
 .debug_loc     0x00002e75       0x41 contiki-sky.a(rtimer.o)
 .debug_loc     0x00002eb6        0xb contiki-sky.a(random.o)
 .debug_loc     0x00002ec1       0x84 contiki-sky.a(ringbuf.o)
 .debug_loc     0x00002f45      0x18c contiki-sky.a(packetbuf.o)
 .debug_loc     0x000030d1      0x121 contiki-sky.a(queuebuf.o)
 .debug_loc     0x000031f2      0x186 contiki-sky.a(packetqueue.o)
 .debug_loc     0x00003378       0x8b contiki-sky.a(button-sensor.o)
 .debug_loc     0x00003403       0xd9 contiki-sky.a(ds2411.o)
 .debug_loc     0x000034dc      0x351 contiki-sky.a(xmem.o)
 .debug_loc     0x0000382d       0x4a contiki-sky.a(node-id.o)
 .debug_loc     0x00003877      0x133 contiki-sky.a(sensors.o)
 .debug_loc     0x000039aa      0x514 contiki-sky.a(cc2420.o)
 .debug_loc     0x00003ebe       0x3c contiki-sky.a(cc2420-arch.o)
 .debug_loc     0x00003efa       0xaa contiki-sky.a(uart1.o)
 .debug_loc     0x00003fa4       0x26 contiki-sky.a(uart1-putchar.o)
 .debug_loc     0x00003fca       0x56 contiki-sky.a(msp430.o)
 .debug_loc     0x00004020       0xba contiki-sky.a(clock.o)
 .debug_loc     0x000040da       0xa1 contiki-sky.a(leds.o)
 .debug_loc     0x0000417b       0x1f contiki-sky.a(leds-arch.o)
 .debug_loc     0x0000419a       0x68 contiki-sky.a(rtimer-arch.o)
 .debug_loc     0x00004202      0x10c contiki-sky.a(unicast.o)
 .debug_loc     0x0000430e       0x71 contiki-sky.a(mac.o)
 .debug_loc     0x0000437f       0x7f contiki-sky.a(framer-802154.o)
 .debug_loc     0x000043fe      0x20e contiki-sky.a(frame802154.o)

.debug_macinfo
 *(.debug_macinfo .zdebug_macinfo)

.debug_pubtypes
 *(.debug_pubtypes)

.debug_ranges   0x00000000       0x48
 *(.debug_ranges)
 .debug_ranges  0x00000000        0xc contiki-sky.a(broadcast-annou)
 .debug_ranges  0x0000000c       0x24 contiki-sky.a(chameleon-bitop)
 .debug_ranges  0x00000030       0x18 contiki-sky.a(contikimac.o)
                0x00003900                PROVIDE (__stack, 0x3900)
                0x0000ad66                PROVIDE (__data_start_rom, _etext)
                0x0000adea                PROVIDE (__data_end_rom, (_etext + SIZEOF (.data)))
                0x0000adea                PROVIDE (__noinit_start_rom, (_etext + SIZEOF (.data)))
                0x0000adea                PROVIDE (__noinit_end_rom, ((_etext + SIZEOF (.data)) + SIZEOF (.noinit)))
                0x00000000                PROVIDE (__subdevice_has_heap, 0x0)
OUTPUT(example-collect.sky elf32-msp430)
